======================================================================
  FAST SIMULATION
  365d | $5,000 | rebal=12h | N=10+10 | kelly=30% | cost=4bp/side
  leverage=1x | mode=boost
======================================================================

📊 Loading offline data: trading_logs/frozen_raw.parquet
   (108500, 7), 50 symbols
   Date range: 2024-05-08 03:00:00+00:00 → 2026-03-10 08:00:00+00:00
   🔧 Raw OHLCV detected — building basic features...
   Enriching features (cross-asset, regime, 12h+v7, sentiment, derivatives)...
   🎯 Adding targets...
   🌐 Adding cross-asset features...
   🔰 Adding advanced regime features...
Traceback (most recent call last):
  File "/Users/a.s.tabakov/Developer/invest/.venv/lib/python3.13/site-packages/pandas/core/indexes/base.py", line 3641, in get_loc
    return self._engine.get_loc(casted_key)
           ~~~~~~~~~~~~~~~~~~~~^^^^^^^^^^^^
  File "pandas/_libs/index.pyx", line 168, in pandas._libs.index.IndexEngine.get_loc
  File "pandas/_libs/index.pyx", line 197, in pandas._libs.index.IndexEngine.get_loc
  File "pandas/_libs/hashtable_class_helper.pxi", line 7668, in pandas._libs.hashtable.PyObjectHashTable.get_item
  File "pandas/_libs/hashtable_class_helper.pxi", line 7676, in pandas._libs.hashtable.PyObjectHashTable.get_item
KeyError: 'regime_btc_above_ma720'

The above exception was the direct cause of the following exception:

Traceback (most recent call last):
  File "/Users/a.s.tabakov/Developer/invest/run_fast_sim.py", line 1215, in <module>
    main()
    ~~~~^^
  File "/Users/a.s.tabakov/Developer/invest/run_fast_sim.py", line 266, in main
    df = add_advanced_regime_features(df)
  File "/Users/a.s.tabakov/Developer/invest/run_pipeline_v6.py", line 292, in add_advanced_regime_features
    0.25 * df['regime_btc_above_ma720'].fillna(0) +
           ~~^^^^^^^^^^^^^^^^^^^^^^^^^^
  File "/Users/a.s.tabakov/Developer/invest/.venv/lib/python3.13/site-packages/pandas/core/frame.py", line 4378, in __getitem__
    indexer = self.columns.get_loc(key)
  File "/Users/a.s.tabakov/Developer/invest/.venv/lib/python3.13/site-packages/pandas/core/indexes/base.py", line 3648, in get_loc
    raise KeyError(key) from err
KeyError: 'regime_btc_above_ma720'
