======================================================================
  RESEARCH ROUND 14 — Overnight Experiments
  R13 Prod Config: 12f, nl=63, lr=0.03, L2=1.0
======================================================================

📊 Loading data...
   df: (1,826,014, 64)
   features (12): ['ret_12h', 'ret_24h', 'ret_48h', 'residual_12h', 'residual_24h', 'mom_z_24h', 'oi_chg_12h', 'oi_chg_24h', 'oi_zscore', 'taker_cvd_12h', 'taker_cvd_24h', 'ls_divergence']
   date range: 2017-08-17 → 2026-03-07

══════════════════════════════════════════════════════════════════════
  R14A — Extended Walk-Forward (5 windows vs 3)
══════════════════════════════════════════════════════════════════════
  ✅ R14A: 3 windows (original)                                 Sh=+4.81 Wr=  +2.4% WM=13/13 → $4900
  ✅ R14A: 5 windows (extended)                                 Sh=+3.65 Wr=  -1.0% WM=18/20 → $4298
    W0: Sh=5.27, IC=0.0399, Wr=-0.1%
    W1: Sh=5.90, IC=0.0572, Wr=7.2%
    W2: Sh=4.84, IC=0.0578, Wr=6.4%
    W3: Sh=3.25, IC=0.0729, Wr=2.4%
    W4: Sh=0.13, IC=0.0603, Wr=-31.0%

══════════════════════════════════════════════════════════════════════
  R14B — Alternative Target Horizons (6h, 8h, 24h)
══════════════════════════════════════════════════════════════════════
    Creating fwd_ret_6h...
  ⚠️ R14B: target=6h rebal=6h                                   Sh=+1.47 Wr= -23.8% WM=6/13 → $189
    Creating fwd_ret_8h...
  ⚠️ R14B: target=8h rebal=8h                                   Sh=+2.97 Wr= -18.9% WM=9/13 → $709
  ✅ R14B: target=12h rebal=12h                                 Sh=+4.81 Wr=  +2.4% WM=13/13 → $4900
  ✅ R14B: target=24h rebal=24h                                 Sh=+4.49 Wr= -10.1% WM=10/13 → $3292

══════════════════════════════════════════════════════════════════════
  R14C — Rebalance Frequency Sweep (12h target)
══════════════════════════════════════════════════════════════════════
  ✅ R14C: rebal=6h (target=12h)                                Sh=+3.83 Wr=  -7.4% WM=10/13 → $31490
  ✅ R14C: rebal=8h (target=12h)                                Sh=+4.04 Wr=  -8.5% WM=12/13 → $7337
  ✅ R14C: rebal=12h (target=12h)                               Sh=+4.81 Wr=  +2.4% WM=13/13 → $4900
  ✅ R14C: rebal=18h (target=12h)                               Sh=+3.89 Wr= -11.5% WM=7/13 → $596
  ❌ R14C: rebal=24h (target=12h)                               Sh=+3.48 Wr= -39.0% WM=10/13 → $343

══════════════════════════════════════════════════════════════════════
  R14D — Position Count Sweep
══════════════════════════════════════════════════════════════════════
  ✅ R14D: n_long=4 n_short=2                                   Sh=+4.61 Wr=  +1.9% WM=13/13 → $6173
  ✅ R14D: n_long=6 n_short=3                                   Sh=+4.81 Wr=  +2.4% WM=13/13 → $4900
  ✅ R14D: n_long=8 n_short=4                                   Sh=+4.21 Wr=  +3.2% WM=13/13 → $2483
  ✅ R14D: n_long=10 n_short=5                                  Sh=+3.64 Wr=  -5.3% WM=12/13 → $1257
  ✅ R14D: n_long=6 n_short=6                                   Sh=+4.10 Wr=  -8.3% WM=12/13 → $1840
  ✅ R14D: n_long=8 n_short=3                                   Sh=+4.73 Wr=  +0.6% WM=13/13 → $4523
  ✅ R14D: n_long=4 n_short=4                                   Sh=+3.94 Wr=  -3.7% WM=11/13 → $2688

══════════════════════════════════════════════════════════════════════
  R14E — Temporal IC Decay Analysis (by quarter)
══════════════════════════════════════════════════════════════════════

    IC by Quarter:
    📊 2024Q4: mean=0.0486 med=0.0481 std=0.2229 pos=58% (n=1872)
    📈 2025Q1: mean=0.0785 med=0.0755 std=0.2086 pos=63% (n=721)
    📈 2025Q2: mean=0.0616 med=0.0560 std=0.2154 pos=60% (n=1128)
    📈 2025Q3: mean=0.0551 med=0.0498 std=0.2049 pos=59% (n=1465)
    📈 2025Q4: mean=0.0590 med=0.0647 std=0.2066 pos=61% (n=1128)
    📈 2026Q1: mean=0.0805 med=0.0794 std=0.2206 pos=63% (n=1568)

    IC by Month:
    2024-10: IC=+0.0253 ██
    2024-11: IC=+0.0537 █████
    2024-12: IC=+0.0564 █████
    2025-01: IC=+0.0785 ███████
    2025-05: IC=+0.0628 ██████
    2025-06: IC=+0.0610 ██████
    2025-07: IC=+0.0353 ███
    2025-08: IC=+0.0756 ███████
    2025-11: IC=+0.0630 ██████
    2025-12: IC=+0.0570 █████
    2026-01: IC=+0.0751 ███████
    2026-02: IC=+0.0896 ████████
    2026-03: IC=+0.0668 ██████

    Temporal trend: slope=5.48e-10, R²=0.0013, p=0.0011
    📈 IC is IMPROVING over time

══════════════════════════════════════════════════════════════════════
  R14F — XGBoost Comparison
══════════════════════════════════════════════════════════════════════
    ⚠️ xgboost not installed, skipping

══════════════════════════════════════════════════════════════════════
  R14G — Bootstrap Sharpe CI (1000 resamples)
══════════════════════════════════════════════════════════════════════
    Observed Sharpe: 4.81 (13 months)
    Bootstrap Sharpe distribution (N=1000):
      5th pct:  2.18
      25th pct: 2.62
      Median:   2.98
      75th pct: 3.41
      95th pct: 4.19
    P(Sharpe > 0) = 100.0%
    P(Sharpe > 2) = 98.1%
    90% CI: [2.18, 4.19]

══════════════════════════════════════════════════════════════════════
  R14 — FINAL SUMMARY
══════════════════════════════════════════════════════════════════════

  Config                                                 Sh     Wr%     WM      Eq     IC
  -------------------------------------------------- ------ ------- ------ ------- ------
  R14A: 3 windows (original)                          +4.81    +2.4  13/13 $  4900  0.063
  R14B: target=12h rebal=12h                          +4.81    +2.4  13/13 $  4900  0.063
  R14C: rebal=12h (target=12h)                        +4.81    +2.4  13/13 $  4900  0.063
  R14D: n_long=6 n_short=3                            +4.81    +2.4  13/13 $  4900  0.063
  R14D: n_long=8 n_short=3                            +4.73    +0.6  13/13 $  4523  0.063
  R14D: n_long=4 n_short=2                            +4.61    +1.9  13/13 $  6173  0.063
  R14B: target=24h rebal=24h                          +4.49   -10.1  10/13 $  3292  0.058
  R14D: n_long=8 n_short=4                            +4.21    +3.2  13/13 $  2483  0.063
  R14D: n_long=6 n_short=6                            +4.10    -8.3  12/13 $  1840  0.063
  R14C: rebal=8h (target=12h)                         +4.04    -8.5  12/13 $  7337  0.063
  R14D: n_long=4 n_short=4                            +3.94    -3.7  11/13 $  2688  0.063
  R14C: rebal=18h (target=12h)                        +3.89   -11.5   7/13 $   596  0.063
  R14C: rebal=6h (target=12h)                         +3.83    -7.4  10/13 $ 31490  0.063
  R14A: 5 windows (extended)                          +3.65    -1.0  18/20 $  4298  0.058
  R14D: n_long=10 n_short=5                           +3.64    -5.3  12/13 $  1257  0.063
  R14C: rebal=24h (target=12h)                        +3.48   -39.0  10/13 $   343  0.063
  R14B: target=8h rebal=8h                            +2.97   -18.9   9/13 $   709  0.059
  R14B: target=6h rebal=6h                            +1.47   -23.8   6/13 $   189  0.057

  Bootstrap 90% CI for Sharpe: [2.18, 4.19]
  P(Sharpe > 0) = 100.0%

  ⏱  Total time: 71.7 min
