  ✅ All 6 package versions OK
  ✅ All 6 package versions OK
  ✅ All 6 package versions OK
  ✅ All 6 package versions OK
==============================================================================================================
  R146 — honest portfolio-construction sweeps (S6 prod_blended, canonical cache, cutoffs 0.90/0.80 min_off=2, 4L/2S base)
==============================================================================================================
  preds 403,212 rows / 34 syms; regime 74,863 rows; range 2024-10-15 00:00:00+00:00 .. 2026-03-07 07:00:00+00:00

  [SANITY OK] BASE cell (K=4L/2S ema=0.5 hyst=3 dyn=0.7) Net Sharpe = 2.831 on 1013 periods (canonical 2.831)  maxDD=-10.9%

==============================================================================================================
  GRID1_K (n_long,n_short)
==============================================================================================================
  cell                                        NetSh  dNetSh  P(imp)     90%CI of delta GrossSh    Ret%  MaxDD%  Cost%  Turn  verdict
  ----------------------------------------------------------------------------------------------------------------------------------
  K=4L/2S ema=0.5 hyst=3 dyn=0.7              2.831  +0.000                              3.703   157.3   -10.9  30.63  2.53  (BASE)
  K=3L/2S ema=0.5 hyst=3 dyn=0.7              2.708  -0.123   0.268    [-0.412,+0.172]   3.594   149.4   -13.7  31.59  2.18  noise (negative)
  K=5L/2S ema=0.5 hyst=3 dyn=0.7              2.856  +0.025   0.579    [-0.191,+0.229]   3.738   153.4   -11.2  30.13  2.89  noise (P=0.58<0.8)
  K=3L/3S ema=0.5 hyst=3 dyn=0.7              1.889  -0.942   0.061    [-1.898,+0.068]   2.911    74.6   -12.4  32.17  2.61  noise (negative)
  K=4L/3S ema=0.5 hyst=3 dyn=0.7              2.046  -0.785   0.072    [-1.604,+0.064]   3.070    80.2    -9.3  31.27  2.96  noise (negative)
  K=5L/3S ema=0.5 hyst=3 dyn=0.7              2.044  -0.787   0.076    [-1.681,+0.081]   3.080    77.4    -8.6  30.74  3.32  noise (negative)
  K=6L/3S ema=0.5 hyst=3 dyn=0.7              2.110  -0.721   0.116    [-1.648,+0.221]   3.150    80.4    -9.0  30.73  3.71  noise (negative)

==============================================================================================================
  GRID2_ema_alpha (hyst=3)
==============================================================================================================
  cell                                        NetSh  dNetSh  P(imp)     90%CI of delta GrossSh    Ret%  MaxDD%  Cost%  Turn  verdict
  ----------------------------------------------------------------------------------------------------------------------------------
  K=4L/2S ema=0.3 hyst=3 dyn=0.7              2.741  -0.090   0.476    [-1.428,+1.309]   3.491   131.8   -15.9  24.11  1.85  noise (negative)
  K=4L/2S ema=0.4 hyst=3 dyn=0.7              2.804  -0.027   0.503    [-0.583,+0.603]   3.596   151.6   -12.0  27.53  2.21  noise (negative)
  K=4L/2S ema=0.5 hyst=3 dyn=0.7              2.831  +0.000                              3.703   157.3   -10.9  30.63  2.53  (BASE)
  K=4L/2S ema=0.7 hyst=3 dyn=0.7              2.017  -0.814   0.119    [-1.789,+0.298]   3.001   101.0   -13.8  36.60  3.14  noise (negative)
  K=4L/2S ema=1.0(off) hyst=3 dyn=0.7         1.068  -1.763   0.027    [-2.891,-0.254]   2.264    42.0   -15.4  45.25  4.16  noise (negative)

==============================================================================================================
  GRID3_hysteresis (ema=0.5)
==============================================================================================================
  cell                                        NetSh  dNetSh  P(imp)     90%CI of delta GrossSh    Ret%  MaxDD%  Cost%  Turn  verdict
  ----------------------------------------------------------------------------------------------------------------------------------
  K=4L/2S ema=0.5 hyst=0 dyn=0.7              1.994  -0.837   0.039    [-1.585,-0.072]   3.114    96.8   -13.4  40.93  3.62  noise (negative)
  K=4L/2S ema=0.5 hyst=2 dyn=0.7              1.615  -1.216   0.013    [-2.267,-0.254]   2.492    72.7   -19.9  32.54  2.73  noise (negative)
  K=4L/2S ema=0.5 hyst=3 dyn=0.7              2.831  +0.000                              3.703   157.3   -10.9  30.63  2.53  (BASE)
  K=4L/2S ema=0.5 hyst=4 dyn=0.7              2.959  +0.128   0.633    [-0.316,+0.658]   3.792   165.5   -10.2  28.84  2.33  noise (P=0.63<0.8)
  K=4L/2S ema=0.5 hyst=5 dyn=0.7              2.670  -0.161   0.415    [-1.088,+0.754]   3.436   143.9   -14.9  27.15  2.15  noise (negative)

==============================================================================================================
  GRID4_dyn_threshold
==============================================================================================================
  cell                                        NetSh  dNetSh  P(imp)     90%CI of delta GrossSh    Ret%  MaxDD%  Cost%  Turn  verdict
  ----------------------------------------------------------------------------------------------------------------------------------
  K=4L/2S ema=0.5 hyst=3 dyn=0.5              2.707  -0.124   0.016    [-0.209,-0.029]   3.609   139.5   -10.9  30.63  2.53  noise (negative)
  K=4L/2S ema=0.5 hyst=3 dyn=0.6              2.778  -0.053   0.075    [-0.110,+0.011]   3.664   149.2   -10.9  30.63  2.53  noise (negative)
  K=4L/2S ema=0.5 hyst=3 dyn=0.7              2.831  +0.000                              3.703   157.3   -10.9  30.63  2.53  (BASE)
  K=4L/2S ema=0.5 hyst=3 dyn=0.8              2.874  +0.043   0.824    [-0.027,+0.111]   3.733   164.9   -10.9  30.63  2.53  CANDIDATE (OOS hypothesis)
  K=4L/2S ema=0.5 hyst=3 dyn=None             2.851  +0.020   0.608    [-0.164,+0.165]   3.700   165.5   -10.9  30.63  2.53  noise (P=0.61<0.8)

==============================================================================================================
  DECISION RULE (pre-registered): point delta>0 AND P(improve)>=0.8 AND maxDD not worse by >1pp vs base (-10.9%)
==============================================================================================================
  CANDIDATES (hypotheses — must be validated on pristine-OOS cache/r143_*.parquet on the VM before any production change):
    GRID4_dyn_threshold          K=4L/2S ema=0.5 hyst=3 dyn=0.8             d=+0.043  P(improve)=0.824  maxDD=-10.9%

  NOTE: every positive cell here is in-sample on the canonical cache; winners are HYPOTHESES until checked on cache/r143_*.parquet (VM).

  Saved: /Users/a.s.tabakov/Developer/invest/results_r146_sweeps.json   (29s)
