================================================================================
  R22-CONTINUE: O-rank, O-ridge, EXP-P
================================================================================

  Loading data...
  1,826,014 rows
  Building features...
  [TA] atr_14, gk_vol_24h
  [DVOL] btc_dvol, iv_rv_spread, dvol_zscore
  [BREADTH] pct_coins_up_12h/1h, btc_outperform
  [SEASON] hour_sin/cos, dow_sin/cos
  [FNG] fear_greed → fng_value, fng_zscore
  [MACRO] ['vix_close', 'dxy_close', 'vix_zscore', 'dxy_ret_7d']
  [TA-extra] ['adx', 'mfi_14', 'ret_skew_24h', 'ret_kurt_24h', 'vwap_dev_24h', 'obv_ma_ratio_24']
  New features added: 18: ['premium_zscore_12h', 'oi_velocity', 'taker_imb_z', 'vol_of_vol', 'dist_from_high_24h', 'vol_ratio_24h', 'ret_168h', 'fng_value', 'fng_zscore', 'vix_close', 'vix_zscore', 'dxy_ret_7d', 'adx', 'mfi_14', 'ret_skew_24h', 'ret_kurt_24h', 'vwap_dev_24h', 'obv_ma_ratio_24']

  Training LGB...
  Training XGB...
  Training CB...

================================================================================
  EXP-O: Stacked Ensemble (continued)
================================================================================
  Ensemble: 261404 rows
  ❌ O-rank-ensemble                                            Sh=+2.45 Wr= -38.2% WM=11/13 → $1361
       2024-10   +23.2%  eq=$     123
       2024-11   -38.2%  eq=$      76
       2024-12   +54.0%  eq=$     117
       2025-01   +17.4%  eq=$     138
       2025-05   +47.0%  eq=$     203
       2025-06   +70.5%  eq=$     345
       2025-07   +6.3%  eq=$     367
       2025-08   +80.9%  eq=$     665
       2025-11   +17.5%  eq=$     781
       2025-12   +52.8%  eq=$    1193
       2026-01   +15.8%  eq=$    1381
       2026-02   +4.7%  eq=$    1446
       2026-03   -5.8%  eq=$    1361

  Ridge stacking (walk-forward)...
    Ridge W1→W2: coef=[-0.01043432  0.03809257 -0.01878007]
    Ridge W1+W2→W3: coef=[ 0.03337359  0.00369827 -0.02674183]
  ❌ O-ridge-stack                                              Sh=+1.15 Wr= -34.9% WM=6/9 → $162
       2025-05   +18.6%  eq=$     119
       2025-06   +16.3%  eq=$     138
       2025-07   -25.8%  eq=$     102
       2025-08   +24.3%  eq=$     127
       2025-11   +3.0%  eq=$     131
       2025-12   +62.6%  eq=$     213
       2026-01   +23.9%  eq=$     264
       2026-02   -34.9%  eq=$     172
       2026-03   -5.6%  eq=$     162

================================================================================
  EXP-P: New Features
================================================================================
  17 features with >50% coverage

  P0: Control 23f...
  ❌ P-ctrl-23f                                                 Sh=+2.80 Wr= -28.5% WM=10/13 → $2096
       2024-10   +26.7%  eq=$     127
       2024-11   -28.5%  eq=$      91
       2024-12   +90.7%  eq=$     173
       2025-01   +10.1%  eq=$     190
       2025-05   +38.6%  eq=$     264
       2025-06   +66.5%  eq=$     439
       2025-07   -6.8%  eq=$     409
       2025-08   +67.1%  eq=$     684
       2025-11   +16.1%  eq=$     794
       2025-12   +61.1%  eq=$    1280
       2026-01   +40.8%  eq=$    1802
       2026-02   +19.8%  eq=$    2158
       2026-03   -2.9%  eq=$    2096

  P1: 23f + 17 new = 40f...
    W1: IC=0.0837 IC>0=64%
    W2: IC=0.0737 IC>0=61%
    W3: IC=0.0828 IC>0=63%
    ALL: IC=0.0801 +/-0.2529
  ❌ P-all-40f                                                  Sh=+1.96 Wr= -46.1% WM=9/13 → $691
       2024-10   +34.2%  eq=$     134
       2024-11   -46.1%  eq=$      72
       2024-12   +51.4%  eq=$     109
       2025-01   +10.0%  eq=$     120
       2025-05   +29.2%  eq=$     155
       2025-06   +59.2%  eq=$     248
       2025-07   -2.1%  eq=$     242
       2025-08   +83.8%  eq=$     445
       2025-11   +16.3%  eq=$     518
       2025-12   +12.8%  eq=$     584
       2026-01   +22.1%  eq=$     714
       2026-02   -1.1%  eq=$     706
       2026-03   -2.2%  eq=$     691

  P-fng: 23f + ['fng_value', 'fng_zscore'] = 25f...
  ❌ P-fng-25f                                                  Sh=+2.50 Wr= -25.1% WM=9/13 → $1548
       2024-10   +43.0%  eq=$     143
       2024-11   -25.1%  eq=$     107
       2024-12   +76.5%  eq=$     189
       2025-01   -2.3%  eq=$     185
       2025-05   +30.7%  eq=$     241
       2025-06   +74.5%  eq=$     421
       2025-07   -2.2%  eq=$     412
       2025-08   +51.9%  eq=$     625
       2025-11   +17.7%  eq=$     736
       2025-12   +47.2%  eq=$    1084
       2026-01   +46.2%  eq=$    1584
       2026-02   -6.6%  eq=$    1480
       2026-03   +4.6%  eq=$    1548

  P-deriv: 23f + ['oi_velocity', 'taker_imb_z'] = 25f...
  ❌ P-deriv-25f                                                Sh=+2.07 Wr= -37.1% WM=10/13 → $835
       2024-10   +27.1%  eq=$     127
       2024-11   -37.1%  eq=$      80
       2024-12   +26.0%  eq=$     101
       2025-01   +12.2%  eq=$     113
       2025-05   +39.2%  eq=$     157
       2025-06   +58.0%  eq=$     249
       2025-07   -8.2%  eq=$     228
       2025-08   +55.7%  eq=$     356
       2025-11   +17.4%  eq=$     417
       2025-12   +46.9%  eq=$     613
       2026-01   +33.7%  eq=$     820
       2026-02   +4.3%  eq=$     855
       2026-03   -2.4%  eq=$     835

  P-vol: 23f + ['vol_of_vol', 'vol_ratio_24h'] = 25f...
  ❌ P-vol-25f                                                  Sh=+2.29 Wr= -31.6% WM=10/13 → $1081
       2024-10   +31.0%  eq=$     131
       2024-11   -31.6%  eq=$      90
       2024-12   +78.1%  eq=$     160
       2025-01   +2.6%  eq=$     164
       2025-05   +30.4%  eq=$     213
       2025-06   +69.3%  eq=$     361
       2025-07   -10.6%  eq=$     323
       2025-08   +58.3%  eq=$     512
       2025-11   +12.4%  eq=$     575
       2025-12   +40.0%  eq=$     805
       2026-01   +12.6%  eq=$     906
       2026-02   +25.2%  eq=$    1135
       2026-03   -4.7%  eq=$    1081

  P-ta: 23f + ['adx', 'mfi_14', 'ret_skew_24h', 'ret_kurt_24h', 'vwap_dev_24h', 'obv_ma_ratio_24'] = 29f...
  ⚠️ P-ta-29f                                                   Sh=+2.43 Wr= -19.1% WM=10/13 → $1248
       2024-10   +26.2%  eq=$     126
       2024-11   -19.1%  eq=$     102
       2024-12   +29.4%  eq=$     132
       2025-01   +33.4%  eq=$     176
       2025-05   +25.4%  eq=$     221
       2025-06   +58.0%  eq=$     349
       2025-07   +8.3%  eq=$     378
       2025-08   +62.1%  eq=$     613
       2025-11   +21.1%  eq=$     742
       2025-12   +63.7%  eq=$    1215
       2026-01   +16.8%  eq=$    1419
       2026-02   -8.8%  eq=$    1295
       2026-03   -3.6%  eq=$    1248

  P-mom: 23f + ['dist_from_high_24h', 'ret_168h'] = 25f...
  ❌ P-mom-25f                                                  Sh=+2.37 Wr= -27.6% WM=10/13 → $1238
       2024-10   +41.0%  eq=$     141
       2024-11   -27.6%  eq=$     102
       2024-12   +58.3%  eq=$     162
       2025-01   -12.1%  eq=$     142
       2025-05   +32.1%  eq=$     188
       2025-06   +79.7%  eq=$     337
       2025-07   +3.8%  eq=$     350
       2025-08   +49.7%  eq=$     524
       2025-11   +10.4%  eq=$     579
       2025-12   +41.4%  eq=$     818
       2026-01   +31.8%  eq=$    1079
       2026-02   +26.0%  eq=$    1359
       2026-03   -9.0%  eq=$    1238

  Done in 1979s (33.0min)
