================================================================================
  R24 — BUILDING ON CLASSIFICATION BREAKTHROUGH
================================================================================
  Base: R23-G — LGB-binary-23f → Sh=2.94, Eq=$1997
  Experiments: A(HPO) B(EMA/stick) C(blend) D(lambdarank)
               E(positions) F(quantile) G(cutoff/thresh) H(cs-binary)

  Loading data...
  Base: 1,826,014 rows, 35 symbols

  Building features...
  [TA] atr_14, gk_vol_24h
  [DVOL] btc_dvol, iv_rv_spread, dvol_zscore
  [BREADTH] pct_coins_up_12h/1h, btc_outperform
  [SEASON] hour_sin/cos, dow_sin/cos
  [FNG] fear_greed → fng_value, fng_zscore
  [MACRO] ['vix_close', 'dxy_close', 'vix_zscore', 'dxy_ret_7d']
  [TA-extra] ['adx', 'mfi_14', 'ret_skew_24h', 'ret_kurt_24h', 'vwap_dev_24h', 'obv_ma_ratio_24']
  New features added: 18: ['premium_zscore_12h', 'oi_velocity', 'taker_imb_z', 'vol_of_vol', 'dist_from_high_24h', 'vol_ratio_24h', 'ret_168h', 'fng_value', 'fng_zscore', 'vix_close', 'vix_zscore', 'dxy_ret_7d', 'adx', 'mfi_14', 'ret_skew_24h', 'ret_kurt_24h', 'vwap_dev_24h', 'obv_ma_ratio_24']
  FEATURES_23: 23/23

================================================================================
  EXP-B: Classification + EMA / Stickiness / Conviction
================================================================================
  ✅ B-cls-base                                                 Sh=+2.94 Wr= -13.8% WM=10/13 → $1997
  ⚠️ B-cls-ema2                                                 Sh=+2.71 Wr= -24.4% WM=10/13 → $1704
  ⚠️ B-cls-ema3                                                 Sh=+2.54 Wr= -24.9% WM=10/13 → $1358
  ❌ B-cls-ema4                                                 Sh=+2.57 Wr= -28.6% WM=10/13 → $1422
  ✅ B-cls-stick0.02                                            Sh=+2.94 Wr= -13.8% WM=10/13 → $1997
  ✅ B-cls-stick0.05                                            Sh=+2.94 Wr= -13.8% WM=10/13 → $1997
  ✅ B-cls-conviction                                           Sh=+2.94 Wr= -13.8% WM=10/13 → $1979
  ⚠️ B-cls-ema3-stick0.02                                       Sh=+2.54 Wr= -24.9% WM=10/13 → $1358
  ⚠️ B-cls-ema3-conv                                            Sh=+2.54 Wr= -24.7% WM=10/13 → $1343

================================================================================
  EXP-E: Classification with Different Position Counts
================================================================================
  ❌ E-3L-2S                                                    Sh=+2.49 Wr= -26.1% WM=10/13 → $1800
  ❌ E-4L-2S                                                    Sh=+2.52 Wr= -28.9% WM=10/13 → $1843
  ⚠️ E-5L-3S                                                    Sh=+2.98 Wr= -16.5% WM=10/13 → $2208
  ✅ E-6L-3S                                                    Sh=+2.94 Wr= -13.8% WM=10/13 → $1997
  ⚠️ E-6L-4S                                                    Sh=+2.69 Wr= -17.9% WM=10/13 → $1110
  ⚠️ E-7L-3S                                                    Sh=+2.84 Wr= -15.6% WM=10/13 → $1702
  ⚠️ E-7L-4S                                                    Sh=+2.57 Wr= -19.7% WM=10/13 → $943
  ⚠️ E-8L-4S                                                    Sh=+2.52 Wr= -23.0% WM=10/13 → $887
  ⚠️ E-8L-5S                                                    Sh=+2.51 Wr= -23.0% WM=10/13 → $767
  ⚠️ E-9L-4S                                                    Sh=+2.42 Wr= -23.7% WM=10/13 → $795
  ❌ E-10L-5S                                                   Sh=+2.34 Wr= -25.2% WM=10/13 → $635
  ⚠️ E-5L-5S                                                    Sh=+2.74 Wr= -20.1% WM=10/13 → $1068
  ✅ E-4L-4S                                                    Sh=+2.93 Wr= -11.6% WM=10/13 → $1617

================================================================================
  EXP-G: Classification + Cutoff / Threshold Variations
================================================================================
  ✅ G-cut0.85                                                  Sh=+2.93 Wr= -13.9% WM=10/13 → $1918
  ✅ G-cut0.90                                                  Sh=+2.94 Wr= -13.8% WM=10/13 → $1997
  ⚠️ G-cut0.95                                                  Sh=+2.75 Wr= -21.3% WM=10/13 → $1655
  ⚠️ G-cut1.0                                                   Sh=+2.75 Wr= -22.5% WM=10/13 → $1743
  ✅ G-dyn0.4                                                   Sh=+2.94 Wr= -15.0% WM=10/13 → $1795
  ✅ G-dyn0.5                                                   Sh=+2.95 Wr= -14.2% WM=10/13 → $1947
  ✅ G-dyn0.5625                                                Sh=+2.94 Wr= -13.8% WM=10/13 → $1997
  ✅ G-dyn0.65                                                  Sh=+2.91 Wr= -13.4% WM=10/13 → $2061
  ✅ G-dyn0.75                                                  Sh=+2.85 Wr= -13.3% WM=10/13 → $2005
  ⚠️ G-cut0.95-dyn0.5                                           Sh=+2.76 Wr= -22.0% WM=10/13 → $1619
  ⚠️ G-cut0.95-dyn0.65                                          Sh=+2.73 Wr= -20.5% WM=10/13 → $1697
  ⚠️ G-cut1.0-dyn0.7                                            Sh=+2.69 Wr= -22.5% WM=11/13 → $1726

================================================================================
  EXP-H: Cross-Sectional Binary Classification
================================================================================

  H-cs-median:
  ⚠️ H-cs-median                                                Sh=+1.94 Wr= -24.6% WM=9/13 → $678
       2024-10   +22.0%  eq=$     122
       2024-11   -24.6%  eq=$      92
       2024-12   +30.2%  eq=$     120
       2025-01   +16.8%  eq=$     140
       2025-05   +33.8%  eq=$     187
       2025-06   +48.2%  eq=$     278
       2025-07   -8.7%  eq=$     253
       2025-08   +48.3%  eq=$     376
       2025-11   +21.0%  eq=$     455
       2025-12   +59.3%  eq=$     724
       2026-01   +0.8%  eq=$     730
       2026-02   -4.4%  eq=$     698
       2026-03   -2.8%  eq=$     678

  H-cs-q60:
  ❌ H-cs-q60                                                   Sh=+1.39 Wr= -33.6% WM=8/13 → $295
       2024-10   +28.6%  eq=$     129
       2024-11   -33.6%  eq=$      85
       2024-12   +112.1%  eq=$     181
       2025-01   +42.1%  eq=$     257
       2025-05   +38.9%  eq=$     357
       2025-06   +7.6%  eq=$     385
       2025-07   -12.0%  eq=$     338
       2025-08   +60.4%  eq=$     543
       2025-11   +3.9%  eq=$     564
       2025-12   -15.0%  eq=$     479
       2026-01   -16.4%  eq=$     401
       2026-02   -32.1%  eq=$     272
       2026-03   +8.5%  eq=$     295

  H-cs-q40:
  ❌ H-cs-q40                                                   Sh=+2.20 Wr= -39.7% WM=11/13 → $1003
       2024-10   +23.5%  eq=$     124
       2024-11   -39.7%  eq=$      75
       2024-12   +76.2%  eq=$     131
       2025-01   +6.1%  eq=$     139
       2025-05   +8.2%  eq=$     151
       2025-06   +73.7%  eq=$     262
       2025-07   +11.6%  eq=$     292
       2025-08   +58.7%  eq=$     463
       2025-11   +17.0%  eq=$     542
       2025-12   +50.2%  eq=$     815
       2026-01   +28.3%  eq=$    1045
       2026-02   +11.6%  eq=$    1167
       2026-03   -14.1%  eq=$    1003

================================================================================
  EXP-D: LambdaRank (Learning to Rank)
================================================================================
  ❌ D-lambdarank                                               Sh=+1.18 Wr= -48.0% WM=9/13 → $250
       2024-10   -17.9%  eq=$      82
       2024-11   -48.0%  eq=$      43
       2024-12   +137.3%  eq=$     101
       2025-01   -37.2%  eq=$      64
       2025-05   +31.0%  eq=$      83
       2025-06   +67.3%  eq=$     139
       2025-07   +10.7%  eq=$     154
       2025-08   +10.6%  eq=$     171
       2025-11   +4.9%  eq=$     179
       2025-12   +8.7%  eq=$     195
       2026-01   +43.0%  eq=$     278
       2026-02   +9.0%  eq=$     304
       2026-03   -17.7%  eq=$     250

================================================================================
  EXP-F: Quantile Regression
================================================================================

  F-quantile-0.25:
  ❌ F-quantile-0.25                                            Sh=+1.92 Wr= -30.2% WM=9/13 → $742
       2024-10   -19.9%  eq=$      80
       2024-11   -30.2%  eq=$      56
       2024-12   +175.6%  eq=$     154
       2025-01   -27.5%  eq=$     112
       2025-05   +8.9%  eq=$     122
       2025-06   +49.9%  eq=$     182
       2025-07   +0.6%  eq=$     184
       2025-08   +34.2%  eq=$     246
       2025-11   +20.1%  eq=$     296
       2025-12   +73.7%  eq=$     514
       2026-01   +13.2%  eq=$     581
       2026-02   +43.8%  eq=$     836
       2026-03   -11.2%  eq=$     742

  F-quantile-0.5:
  ❌ F-quantile-0.5                                             Sh=+2.37 Wr= -27.1% WM=9/13 → $1296
       2024-10   +42.1%  eq=$     142
       2024-11   -27.1%  eq=$     104
       2024-12   +71.8%  eq=$     178
       2025-01   +2.5%  eq=$     183
       2025-05   +54.6%  eq=$     282
       2025-06   +58.6%  eq=$     448
       2025-07   -0.2%  eq=$     447
       2025-08   +69.1%  eq=$     755
       2025-11   +14.5%  eq=$     865
       2025-12   +51.0%  eq=$    1306
       2026-01   +14.5%  eq=$    1496
       2026-02   -7.7%  eq=$    1380
       2026-03   -6.1%  eq=$    1296

  F-quantile-0.6:
  ❌ F-quantile-0.6                                             Sh=+1.92 Wr= -33.9% WM=10/13 → $581
       2024-10   +24.6%  eq=$     125
       2024-11   -33.9%  eq=$      82
       2024-12   +90.8%  eq=$     157
       2025-01   +75.0%  eq=$     275
       2025-05   +39.6%  eq=$     384
       2025-06   +8.5%  eq=$     417
       2025-07   -16.8%  eq=$     347
       2025-08   +41.2%  eq=$     490
       2025-11   +7.7%  eq=$     527
       2025-12   +21.4%  eq=$     640
       2026-01   +14.8%  eq=$     735
       2026-02   -26.9%  eq=$     537
       2026-03   +8.3%  eq=$     581

  F-quantile-0.75:
  ❌ F-quantile-0.75                                            Sh=-0.40 Wr= -32.5% WM=5/13 → $47
       2024-10   +12.8%  eq=$     113
       2024-11   +27.6%  eq=$     144
       2024-12   -7.5%  eq=$     133
       2025-01   +7.9%  eq=$     144
       2025-05   -11.0%  eq=$     128
       2025-06   -32.5%  eq=$      86
       2025-07   -2.2%  eq=$      84
       2025-08   -24.9%  eq=$      63
       2025-11   -0.2%  eq=$      63
       2025-12   +15.1%  eq=$      73
       2026-01   -16.2%  eq=$      61
       2026-02   -31.8%  eq=$      42
       2026-03   +13.1%  eq=$      47

================================================================================
  EXP-C: Blend Regression + Classification
================================================================================
  Training regression...
  Training classification...
  ❌ C-blend-cls0.0                                             Sh=+2.80 Wr= -28.5% WM=10/13 → $2096
  ✅ C-blend-cls0.2                                             Sh=+2.58 Wr= -13.6% WM=10/13 → $1676
  ❌ C-blend-cls0.3                                             Sh=+2.57 Wr= -26.4% WM=10/13 → $1636
  ❌ C-blend-cls0.4                                             Sh=+2.27 Wr= -27.1% WM=10/13 → $1047
  ❌ C-blend-cls0.5                                             Sh=+2.23 Wr= -36.0% WM=9/13 → $1003
  ❌ C-blend-cls0.6                                             Sh=+2.49 Wr= -34.0% WM=10/13 → $1413
  ❌ C-blend-cls0.7                                             Sh=+2.55 Wr= -33.5% WM=10/13 → $1529
  ⚠️ C-blend-cls0.8                                             Sh=+2.94 Wr= -24.3% WM=10/13 → $2249
  ✅ C-blend-cls1.0                                             Sh=+2.94 Wr= -13.8% WM=10/13 → $1997

================================================================================
  EXP-A: Classification HPO (Optuna, n=30)
================================================================================
  ❌ HPO-0                                                      Sh=+1.78 Wr= -32.5% WM=9/13 → $570
  ❌ HPO-1                                                      Sh=+1.78 Wr= -27.5% WM=10/13 → $534
  ❌ HPO-2                                                      Sh=+2.34 Wr= -37.8% WM=9/13 → $938
  ⚠️ HPO-3                                                      Sh=+2.47 Wr= -23.2% WM=10/13 → $1091
  ⚠️ HPO-4                                                      Sh=+2.39 Wr= -19.8% WM=9/13 → $1044
  ⚠️ HPO-5                                                      Sh=+2.75 Wr= -23.4% WM=10/13 → $1574
  ❌ HPO-6                                                      Sh=+2.18 Wr= -29.3% WM=10/13 → $788
  ❌ HPO-7                                                      Sh=+2.62 Wr= -28.0% WM=9/13 → $1578
  ❌ HPO-8                                                      Sh=+2.51 Wr= -27.0% WM=8/13 → $1287
  ❌ HPO-9                                                      Sh=+1.72 Wr= -40.0% WM=8/13 → $504
  ❌ HPO-10                                                     Sh=+2.02 Wr= -33.2% WM=10/13 → $684
  ❌ HPO-11                                                     Sh=+2.11 Wr= -36.5% WM=9/13 → $845
  ⚠️ HPO-12                                                     Sh=+2.71 Wr= -22.9% WM=10/13 → $1464
  ⚠️ HPO-13                                                     Sh=+1.85 Wr= -21.5% WM=9/13 → $484
  ❌ HPO-14                                                     Sh=+1.34 Wr= -39.4% WM=6/11 → $293
  ❌ HPO-15                                                     Sh=+2.67 Wr= -29.8% WM=10/13 → $1417
  ⚠️ HPO-16                                                     Sh=+3.16 Wr= -17.4% WM=10/13 → $2269
  ❌ HPO-17                                                     Sh=+2.79 Wr= -42.0% WM=11/13 → $1356
  ⚠️ HPO-18                                                     Sh=+2.44 Wr= -18.7% WM=10/13 → $1012
  ❌ HPO-19                                                     Sh=+1.74 Wr= -51.2% WM=10/13 → $448
  ⚠️ HPO-20                                                     Sh=+2.79 Wr= -17.2% WM=11/13 → $1608
  ❌ HPO-21                                                     Sh=+3.10 Wr= -26.8% WM=11/13 → $2165
  ⚠️ HPO-22                                                     Sh=+2.38 Wr= -16.4% WM=10/13 → $954
  ❌ HPO-23                                                     Sh=+2.24 Wr= -26.5% WM=9/13 → $883
  ⚠️ HPO-24                                                     Sh=+2.43 Wr= -24.3% WM=10/13 → $1076
  ⚠️ HPO-25                                                     Sh=+2.30 Wr= -22.9% WM=9/13 → $842
  ❌ HPO-26                                                     Sh=+2.20 Wr= -26.4% WM=9/13 → $762
  ⚠️ HPO-27                                                     Sh=+1.90 Wr= -22.8% WM=9/13 → $577
  ❌ HPO-28                                                     Sh=+2.50 Wr= -25.8% WM=10/13 → $1131
  ❌ HPO-29                                                     Sh=+3.01 Wr= -32.0% WM=10/13 → $2023

  Best trial: Sh=3.16
  Best params: {'lr': 0.0961684881658507, 'leaves': 111, 'min_child': 154, 'subsample': 0.8364380944161891, 'colsample': 0.7276400793882004, 'l2': 0.5583721355584926, 'l1': 2.049672140310363, 'max_depth': 12}

  Full eval with best params (5 seeds)...
  ❌ A-hpo-cls-best                                             Sh=+2.95 Wr= -38.8% WM=11/13 → $1737
       2024-10   +46.3%  eq=$     146
       2024-11   +29.1%  eq=$     189
       2024-12   +76.1%  eq=$     332
       2025-01   +37.8%  eq=$     458
       2025-05   +48.1%  eq=$     679
       2025-06   +29.4%  eq=$     878
       2025-07   -38.8%  eq=$     537
       2025-08   +57.0%  eq=$     844
       2025-11   +9.2%  eq=$     922
       2025-12   +34.4%  eq=$    1239
       2026-01   +28.9%  eq=$    1597
       2026-02   +16.0%  eq=$    1853
       2026-03   -6.3%  eq=$    1737

================================================================================
  FINAL RANKINGS — R24 ALL EXPERIMENTS
================================================================================
  # 1 ✅ E-5L-3S                                            Sh=+2.98 Eq=$2208 WM=10/13 Wr=-16.5% Δ=+0.04
  # 2 ✅ G-dyn0.5                                           Sh=+2.95 Eq=$1947 WM=10/13 Wr=-14.2% Δ=+0.01
  # 3 ✅ A-hpo-cls-best                                     Sh=+2.95 Eq=$1737 WM=11/13 Wr=-38.8% Δ=+0.01
  # 4 ✅ C-blend-cls0.8                                     Sh=+2.94 Eq=$2249 WM=10/13 Wr=-24.3% Δ=+0.00
  # 5 ✅ G-dyn0.4                                           Sh=+2.94 Eq=$1795 WM=10/13 Wr=-15.0% Δ=+0.00
  # 6 ⚠️ B-cls-conviction                                   Sh=+2.94 Eq=$1979 WM=10/13 Wr=-13.8% Δ=-0.00
  # 7 ⚠️ B-cls-base                                         Sh=+2.94 Eq=$1997 WM=10/13 Wr=-13.8% Δ=-0.00
  # 8 ⚠️ B-cls-stick0.02                                    Sh=+2.94 Eq=$1997 WM=10/13 Wr=-13.8% Δ=-0.00
  # 9 ⚠️ B-cls-stick0.05                                    Sh=+2.94 Eq=$1997 WM=10/13 Wr=-13.8% Δ=-0.00
  #10 ⚠️ E-6L-3S                                            Sh=+2.94 Eq=$1997 WM=10/13 Wr=-13.8% Δ=-0.00
  #11 ⚠️ G-cut0.90                                          Sh=+2.94 Eq=$1997 WM=10/13 Wr=-13.8% Δ=-0.00
  #12 ⚠️ G-dyn0.5625                                        Sh=+2.94 Eq=$1997 WM=10/13 Wr=-13.8% Δ=-0.00
  #13 ⚠️ C-blend-cls1.0                                     Sh=+2.94 Eq=$1997 WM=10/13 Wr=-13.8% Δ=-0.00
  #14 ⚠️ G-cut0.85                                          Sh=+2.93 Eq=$1918 WM=10/13 Wr=-13.9% Δ=-0.01
  #15 ⚠️ E-4L-4S                                            Sh=+2.93 Eq=$1617 WM=10/13 Wr=-11.6% Δ=-0.01
  #16 ⚠️ G-dyn0.65                                          Sh=+2.91 Eq=$2061 WM=10/13 Wr=-13.4% Δ=-0.03
  #17 ⚠️ G-dyn0.75                                          Sh=+2.85 Eq=$2005 WM=10/13 Wr=-13.3% Δ=-0.09
  #18 ⚠️ E-7L-3S                                            Sh=+2.84 Eq=$1702 WM=10/13 Wr=-15.6% Δ=-0.10
  #19 ❌ C-blend-cls0.0                                     Sh=+2.80 Eq=$2096 WM=10/13 Wr=-28.5% Δ=-0.14
  #20 ❌ G-cut0.95-dyn0.5                                   Sh=+2.76 Eq=$1619 WM=10/13 Wr=-22.0% Δ=-0.18
  #21 ❌ G-cut1.0                                           Sh=+2.75 Eq=$1743 WM=10/13 Wr=-22.5% Δ=-0.19
  #22 ❌ G-cut0.95                                          Sh=+2.75 Eq=$1655 WM=10/13 Wr=-21.3% Δ=-0.19
  #23 ❌ E-5L-5S                                            Sh=+2.74 Eq=$1068 WM=10/13 Wr=-20.1% Δ=-0.20
  #24 ❌ G-cut0.95-dyn0.65                                  Sh=+2.73 Eq=$1697 WM=10/13 Wr=-20.5% Δ=-0.21
  #25 ❌ B-cls-ema2                                         Sh=+2.71 Eq=$1704 WM=10/13 Wr=-24.4% Δ=-0.23
  #26 ❌ E-6L-4S                                            Sh=+2.69 Eq=$1110 WM=10/13 Wr=-17.9% Δ=-0.25
  #27 ❌ G-cut1.0-dyn0.7                                    Sh=+2.69 Eq=$1726 WM=11/13 Wr=-22.5% Δ=-0.25
  #28 ❌ C-blend-cls0.2                                     Sh=+2.58 Eq=$1676 WM=10/13 Wr=-13.6% Δ=-0.36
  #29 ❌ B-cls-ema4                                         Sh=+2.57 Eq=$1422 WM=10/13 Wr=-28.6% Δ=-0.37
  #30 ❌ E-7L-4S                                            Sh=+2.57 Eq=$943 WM=10/13 Wr=-19.7% Δ=-0.37
  #31 ❌ C-blend-cls0.3                                     Sh=+2.57 Eq=$1636 WM=10/13 Wr=-26.4% Δ=-0.37
  #32 ❌ C-blend-cls0.7                                     Sh=+2.55 Eq=$1529 WM=10/13 Wr=-33.5% Δ=-0.39
  #33 ❌ B-cls-ema3                                         Sh=+2.54 Eq=$1358 WM=10/13 Wr=-24.9% Δ=-0.40
  #34 ❌ B-cls-ema3-stick0.02                               Sh=+2.54 Eq=$1358 WM=10/13 Wr=-24.9% Δ=-0.40
  #35 ❌ B-cls-ema3-conv                                    Sh=+2.54 Eq=$1343 WM=10/13 Wr=-24.7% Δ=-0.40
  #36 ❌ E-4L-2S                                            Sh=+2.52 Eq=$1843 WM=10/13 Wr=-28.9% Δ=-0.42
  #37 ❌ E-8L-4S                                            Sh=+2.52 Eq=$887 WM=10/13 Wr=-23.0% Δ=-0.42
  #38 ❌ E-8L-5S                                            Sh=+2.51 Eq=$767 WM=10/13 Wr=-23.0% Δ=-0.43
  #39 ❌ C-blend-cls0.6                                     Sh=+2.49 Eq=$1413 WM=10/13 Wr=-34.0% Δ=-0.45
  #40 ❌ E-3L-2S                                            Sh=+2.49 Eq=$1800 WM=10/13 Wr=-26.1% Δ=-0.45
  #41 ❌ E-9L-4S                                            Sh=+2.42 Eq=$795 WM=10/13 Wr=-23.7% Δ=-0.52
  #42 ❌ F-quantile-0.5                                     Sh=+2.37 Eq=$1296 WM=9/13 Wr=-27.1% Δ=-0.57
  #43 ❌ E-10L-5S                                           Sh=+2.34 Eq=$635 WM=10/13 Wr=-25.2% Δ=-0.60
  #44 ❌ C-blend-cls0.4                                     Sh=+2.27 Eq=$1047 WM=10/13 Wr=-27.1% Δ=-0.67
  #45 ❌ C-blend-cls0.5                                     Sh=+2.23 Eq=$1003 WM=9/13 Wr=-36.0% Δ=-0.71
  #46 ❌ H-cs-q40                                           Sh=+2.20 Eq=$1003 WM=11/13 Wr=-39.7% Δ=-0.74
  #47 ❌ H-cs-median                                        Sh=+1.94 Eq=$678 WM=9/13 Wr=-24.6% Δ=-1.00
  #48 ❌ F-quantile-0.25                                    Sh=+1.92 Eq=$742 WM=9/13 Wr=-30.2% Δ=-1.02
  #49 ❌ F-quantile-0.6                                     Sh=+1.92 Eq=$581 WM=10/13 Wr=-33.9% Δ=-1.02
  #50 ❌ H-cs-q60                                           Sh=+1.39 Eq=$295 WM=8/13 Wr=-33.6% Δ=-1.55
  #51 ❌ D-lambdarank                                       Sh=+1.18 Eq=$250 WM=9/13 Wr=-48.0% Δ=-1.76
  #52 ❌ F-quantile-0.75                                    Sh=-0.40 Eq=$47 WM=5/13 Wr=-32.5% Δ=-3.34

  R23-G baseline: Sh=2.94, Eq=$1997
  R20-C baseline: Sh=2.80, Eq=$2096

  Total time: 5263s (87.7min)
