================================================================================
R48 Phase 3 — HYBRID COST MODEL
================================================================================

[1] Loading CoinGlass daily data ...
  Loaded liq: 54,460 rows, 35 symbols, 2022-01-01 → 2026-04-05
  Loaded oi: 51,360 rows, 35 symbols, 2022-01-01 → 2026-04-05
  Loaded taker: 54,460 rows, 35 symbols, 2022-01-01 → 2026-04-05
  Loaded funding: 49,043 rows, 33 symbols, 2022-01-01 → 2026-04-05
  Loaded ls_ratio: 49,922 rows, 33 symbols, 2022-01-01 → 2026-04-05
  CG feature table: 54,460 rows, 10 cols

[2] Loading research frame ...
  [TA] atr_14, gk_vol_24h
  [DVOL] btc_dvol, iv_rv_spread, dvol_zscore
  [BREADTH] pct_coins_up_12h/1h, btc_outperform
  [SEASON] hour_sin/cos, dow_sin/cos
  [FNG] fear_greed → fng_value, fng_zscore
  [MACRO] ['vix_close', 'dxy_close', 'vix_zscore', 'dxy_ret_7d']
  [TA-extra] ['adx', 'mfi_14', 'ret_skew_24h', 'ret_kurt_24h', 'vwap_dev_24h', 'obv_ma_ratio_24']
  New features added: 18: ['premium_zscore_12h', 'oi_velocity', 'taker_imb_z', 'vol_of_vol', 'dist_from_high_24h', 'vol_ratio_24h', 'ret_168h', 'fng_value', 'fng_zscore', 'vix_close', 'vix_zscore', 'dxy_ret_7d', 'adx', 'mfi_14', 'ret_skew_24h', 'ret_kurt_24h', 'vwap_dev_24h', 'obv_ma_ratio_24']
  Added 6 extra features (clean, from OHLCV)
  [R33] Added 5 features (btc_corr, rel_volume_cs, ret_skew, upvol)
  Base frame: 1,826,014 rows × 123 cols

[3] Merging CG features ...

[4] Training champion_31f predictions ...
  Training: cost_31f, 31f, L2=1.0, expanding, 5 seeds × 3 windows
    W1/s0: train=1,307,473, test=87,732, IC=0.0697
    W2/s0: train=1,484,524, test=85,569, IC=-0.0436
    W3/s0: train=1,628,167, test=89,343, IC=0.0408

======================================================================
  3.1/3.2 — Uniform 7bps vs Hybrid Tiered Costs
======================================================================

  Window  Unif_Sh   Hyb_Sh Unif_Cost%  Hyb_Cost%  Δ_Cost
  ────── ──────── ──────── ────────── ────────── ───────
  W1       +0.60   +0.98       6.5%       3.5%   -3.1%
  W2       +2.86   +3.53       7.1%       3.5%   -3.6%
  W3       +2.03   +2.52       5.8%       2.8%   -3.0%
  ALL      +1.31   +1.66      19.2%       9.8%   -9.4%
  → Saved results_r48_phase3_cost_comparison.csv

======================================================================
  3.3 — Liquidity-Weighted Portfolio
======================================================================

  Window  EqWt_Sh  LiqWt_Sh  Hyb_Sh  EqWt_Cost% LiqWt_Cost%
  ────── ──────── ───────── ─────── ─────────── ───────────
  W1       +0.60    +0.17  +0.98        6.5%        9.1%
  W2       +2.86    +0.18  +3.53        7.1%       10.1%
  W3       +2.03    +1.95  +2.52        5.8%        8.1%
  ALL      +1.31    +0.53  +1.66       19.2%       27.3%
  → Saved results_r48_phase3_liqwt.csv

================================================================================
R48 Phase 3 — COMPLETE
================================================================================

  Uniform costs:  ALL Sharpe = +1.31, Cost = 19.2%
  Hybrid costs:   ALL Sharpe = +1.66, Cost = 9.8%
  Liq-weighted:   ALL Sharpe = +0.53, Cost = 27.3%

  → Saved results_r48_phase3_best.json
