================================================================================
R43 — DYNAMIC NET EXPOSURE
================================================================================
Feature set: r42_candidate
{'n_long': 6, 'n_short': 3, 'rebal_hours': 12, 'trend_cutoff': 0.9, 'dyn_threshold': 0.7, 'ema_alpha': 0.5, 'hysteresis': 3}

[1] Loading research frame...
  [TA] atr_14, gk_vol_24h
  [DVOL] btc_dvol, iv_rv_spread, dvol_zscore
  [BREADTH] pct_coins_up_12h/1h, btc_outperform
  [SEASON] hour_sin/cos, dow_sin/cos
  [FNG] fear_greed → fng_value, fng_zscore
  [MACRO] ['vix_close', 'dxy_close', 'vix_zscore', 'dxy_ret_7d']
  [TA-extra] ['adx', 'mfi_14', 'ret_skew_24h', 'ret_kurt_24h', 'vwap_dev_24h', 'obv_ma_ratio_24']
  New features added: 18: ['premium_zscore_12h', 'oi_velocity', 'taker_imb_z', 'vol_of_vol', 'dist_from_high_24h', 'vol_ratio_24h', 'ret_168h', 'fng_value', 'fng_zscore', 'vix_close', 'vix_zscore', 'dxy_ret_7d', 'adx', 'mfi_14', 'ret_skew_24h', 'ret_kurt_24h', 'vwap_dev_24h', 'obv_ma_ratio_24']
  Added 6 extra features (clean, from OHLCV)
  [R33] Added 5 features (btc_corr, rel_volume_cs, ret_skew, upvol)
  Data: 1,826,014 rows, 123 cols

[2] Training base predictions...
  Training: r42_candidate, 30f, L2=1.0, expanding, 5 seeds × 3 windows
    W1/s0: train=1,307,473, test=87,732, IC=0.0608
    W2/s0: train=1,484,524, test=85,569, IC=-0.0490
    W3/s0: train=1,628,167, test=89,343, IC=0.0372

[3] Evaluating dynamic exposure rules...
  baseline...
    -> W2=3.22, W3=2.50, ALL=1.13, non_base_share=0.00%
  breadth_5L4S...
    -> W2=3.19, W3=3.60, ALL=0.87, non_base_share=50.56%
  breadth_4L4S...
    -> W2=3.19, W3=3.52, ALL=0.71, non_base_share=50.56%
  dispersion_4L4S...
    -> W2=2.91, W3=2.90, ALL=0.87, non_base_share=52.89%
  breadth_or_disp_4L4S...
    -> W2=2.72, W3=2.92, ALL=0.50, non_base_share=74.89%
  stress_4L5S...
    -> W2=3.16, W3=2.73, ALL=0.62, non_base_share=74.89%

[4] Best rules
                rule  W2_sh  W3_sh  ALL_sh  ALL_cost  ALL_turn  non_base_share  delta_all_vs_baseline
            baseline   3.22   2.50    1.13     19.21       4.5        0.000000                   0.00
        breadth_5L4S   3.19   3.60    0.87     19.69       4.6        0.505556                  -0.26
     dispersion_4L4S   2.91   2.90    0.87     19.88       4.4        0.528889                  -0.26
        breadth_4L4S   3.19   3.52    0.71     20.12       4.5        0.505556                  -0.42
         stress_4L5S   3.16   2.73    0.62     19.79       4.6        0.748889                  -0.51
breadth_or_disp_4L4S   2.72   2.92    0.50     19.98       4.3        0.748889                  -0.63

[5] Saved artifacts
  Summary CSV: results_r43_dynamic_exposure_summary.csv
