================================================================================
R48 Phase 0 — VALIDATION OF cg_taker_imb
================================================================================

[1] Loading CoinGlass daily data ...
  Loaded liq: 54,460 rows, 35 symbols, 2022-01-01 → 2026-04-05
  Loaded oi: 51,360 rows, 35 symbols, 2022-01-01 → 2026-04-05
  Loaded taker: 54,460 rows, 35 symbols, 2022-01-01 → 2026-04-05
  Loaded funding: 49,043 rows, 33 symbols, 2022-01-01 → 2026-04-05
  Loaded ls_ratio: 49,922 rows, 33 symbols, 2022-01-01 → 2026-04-05
  CG feature table: 54,460 rows, 10 cols

======================================================================
  0.1 — Data Consistency Check
======================================================================

  [liq] 54,460 rows, 35 symbols
    ⚠️  BTC: only 0 rows
    ⚠️  ETH: only 0 rows
    Duplicates (symbol, cg_date): 0

  [oi] 51,360 rows, 35 symbols
    ⚠️  BTC: only 0 rows
    ⚠️  ETH: only 0 rows
    Duplicates (symbol, cg_date): 0

  [taker] 54,460 rows, 35 symbols
    ⚠️  BTC: only 0 rows
    ⚠️  ETH: only 0 rows
    Duplicates (symbol, cg_date): 0

  [funding] 49,043 rows, 33 symbols
    ⚠️  BTC: only 0 rows
    ⚠️  ETH: only 0 rows
    Duplicates (symbol, cg_date): 0

  [ls_ratio] 49,922 rows, 33 symbols
    ⚠️  BTC: only 0 rows
    ⚠️  ETH: only 0 rows
    Duplicates (symbol, cg_date): 0

  W1 test coverage (taker):
    Symbols: 35/35
    Days: 109/109
    Coverage: 100.0%

[2] Loading research frame (OHLCV + FEAT_30 + R35) ...
  [TA] atr_14, gk_vol_24h
  [DVOL] btc_dvol, iv_rv_spread, dvol_zscore
  [BREADTH] pct_coins_up_12h/1h, btc_outperform
  [SEASON] hour_sin/cos, dow_sin/cos
  [FNG] fear_greed → fng_value, fng_zscore
  [MACRO] ['vix_close', 'dxy_close', 'vix_zscore', 'dxy_ret_7d']
  [TA-extra] ['adx', 'mfi_14', 'ret_skew_24h', 'ret_kurt_24h', 'vwap_dev_24h', 'obv_ma_ratio_24']
  New features added: 18: ['premium_zscore_12h', 'oi_velocity', 'taker_imb_z', 'vol_of_vol', 'dist_from_high_24h', 'vol_ratio_24h', 'ret_168h', 'fng_value', 'fng_zscore', 'vix_close', 'vix_zscore', 'dxy_ret_7d', 'adx', 'mfi_14', 'ret_skew_24h', 'ret_kurt_24h', 'vwap_dev_24h', 'obv_ma_ratio_24']
  Added 6 extra features (clean, from OHLCV)
  [R33] Added 5 features (btc_corr, rel_volume_cs, ret_skew, upvol)
  Base frame: 1,826,014 rows × 123 cols

[3] Merging CG features ...
  CG features merged: 9 per-sym + 3 mkt
  cg_taker_imb coverage: 67.6% non-null

======================================================================
  0.1b — Timestamp Sanity Check (open_time vs close_time)
======================================================================

  First 20 rows of BTC/USDT (timestamp, open, close, volume, hour):
    2017-08-17 04:00:00+00:00  O=4261.5  C=4308.8  V=47  hour=4
    2017-08-17 05:00:00+00:00  O=4308.8  C=4315.3  V=23  hour=5
    2017-08-17 06:00:00+00:00  O=4330.3  C=4324.4  V=7  hour=6
    2017-08-17 07:00:00+00:00  O=4316.6  C=4350.0  V=4  hour=7
    2017-08-17 08:00:00+00:00  O=4333.3  C=4360.7  V=1  hour=8
    2017-08-17 09:00:00+00:00  O=4360.0  C=4444.0  V=11  hour=9
    2017-08-17 10:00:00+00:00  O=4441.1  C=4460.0  V=25  hour=10
    2017-08-17 11:00:00+00:00  O=4460.0  C=4427.3  V=27  hour=11
    2017-08-17 12:00:00+00:00  O=4436.1  C=4411.0  V=23  hour=12
    2017-08-17 13:00:00+00:00  O=4411.0  C=4459.0  V=31  hour=13
    2017-08-17 14:00:00+00:00  O=4459.0  C=4470.8  V=52  hour=14
    2017-08-17 15:00:00+00:00  O=4470.8  C=4352.3  V=68  hour=15
    2017-08-17 16:00:00+00:00  O=4352.3  C=4354.2  V=67  hour=16
    2017-08-17 17:00:00+00:00  O=4354.2  C=4289.2  V=60  hour=17
    2017-08-17 18:00:00+00:00  O=4289.2  C=4257.0  V=51  hour=18
    2017-08-17 19:00:00+00:00  O=4241.9  C=4325.2  V=47  hour=19
    2017-08-17 20:00:00+00:00  O=4307.6  C=4346.7  V=49  hour=20
    2017-08-17 21:00:00+00:00  O=4346.7  C=4333.6  V=62  hour=21
    2017-08-17 22:00:00+00:00  O=4333.6  C=4336.8  V=57  hour=22
    2017-08-17 23:00:00+00:00  O=4313.4  C=4285.1  V=82  hour=23

  Hour distribution (BTC): {0: np.int64(3123), 1: np.int64(3121), 2: np.int64(3108), 3: np.int64(3110), 4: np.int64(3113), 5: np.int64(3115), 6: np.int64(3114), 7: np.int64(3114), 8: np.int64(3117), 9: np.int64(3120), 10: np.int64(3121), 11: np.int64(3122), 12: np.int64(3122), 13: np.int64(3121), 14: np.int64(3122), 15: np.int64(3122), 16: np.int64(3122), 17: np.int64(3122), 18: np.int64(3123), 19: np.int64(3122), 20: np.int64(3122), 21: np.int64(3122), 22: np.int64(3122), 23: np.int64(3123)}

  Midnight bars (00:00 UTC):
    ts=2017-08-18 00:00:00+00:00  cg_date=2017-08-17  cg_taker_imb=nan
    ts=2017-08-19 00:00:00+00:00  cg_date=2017-08-18  cg_taker_imb=nan
    ts=2017-08-20 00:00:00+00:00  cg_date=2017-08-19  cg_taker_imb=nan
    ts=2017-08-21 00:00:00+00:00  cg_date=2017-08-20  cg_taker_imb=nan
    ts=2017-08-22 00:00:00+00:00  cg_date=2017-08-21  cg_taker_imb=nan

  Noon bars (12:00 UTC):
    ts=2017-08-17 12:00:00+00:00  cg_date=2017-08-16  cg_taker_imb=nan
    ts=2017-08-18 12:00:00+00:00  cg_date=2017-08-17  cg_taker_imb=nan
    ts=2017-08-19 12:00:00+00:00  cg_date=2017-08-18  cg_taker_imb=nan
    ts=2017-08-20 12:00:00+00:00  cg_date=2017-08-19  cg_taker_imb=nan
    ts=2017-08-21 12:00:00+00:00  cg_date=2017-08-20  cg_taker_imb=nan

  ✓ Shift rule: CG(date-1d) at OHLCV bar opening at 00:00 means we use yesterday's completed daily candle.
    If OHLCV timestamp = open_time (confirmed R47 QA): shift=1 is correct.
    If OHLCV timestamp = close_time: shift=1 would be D-2 (too conservative but safe).

======================================================================
  0.2 — Paired Block Bootstrap (baseline vs +cg_taker_imb)
======================================================================

  Training baseline (30f) ...
  Training: bootstrap_base_30f, 30f, L2=1.0, expanding, 5 seeds × 3 windows
    W1/s0: train=1,307,473, test=87,732, IC=0.0608
    W2/s0: train=1,484,524, test=85,569, IC=-0.0490
    W3/s0: train=1,628,167, test=89,343, IC=0.0372
  Training candidate (31f = +cg_taker_imb) ...
  Training: bootstrap_cand_31f, 31f, L2=1.0, expanding, 5 seeds × 3 windows
    W1/s0: train=1,307,473, test=87,732, IC=0.0697
    W2/s0: train=1,484,524, test=85,569, IC=-0.0436
    W3/s0: train=1,628,167, test=89,343, IC=0.0408
  Aligned periods: 450

  Observed Sharpe:
    Baseline (30f):              +1.683
    Candidate (+cg_taker_imb):   +1.953
    Δ Sharpe:                    +0.269

  Bootstrap (N=2000, block=14×12h=7d):
    P(Δ Sharpe > 0) = 69.6%
    90% CI: [-0.818, +1.559]
    Median Δ:  +0.349
    ❌ FAIL — improvement is NOT statistically robust

  ⛔ STOP — cg_taker_imb improvement is NOT statistically robust!
  Remaining phases may not be worth running.

======================================================================
  0.3 — Monthly Stability (Sharpe + IC)
======================================================================

  Training candidate (31f) for monthly analysis ...
  Training: monthly_31f, 31f, L2=1.0, expanding, 5 seeds × 3 windows
    W1/s0: train=1,307,473, test=87,732, IC=0.0697
    W2/s0: train=1,484,524, test=85,569, IC=-0.0436
    W3/s0: train=1,628,167, test=89,343, IC=0.0408

  Month           Ret  n_periods
  ────────── ──────── ──────────
  2024-10      +3.15%         15
  2024-11      +6.14%         30
  2024-12      +1.33%         54
  2025-01      -5.75%         47
  2025-02      +0.00%          0
  2025-03      +0.00%          0
  2025-04      +0.00%          0
  2025-05      +3.69%         28
  2025-06      +6.23%         46
  2025-07      -6.71%         47
  2025-08     +11.34%         38
  2025-09      +0.00%          0
  2025-10      +0.00%          0
  2025-11      +1.27%         10
  2025-12      +8.49%         56
  2026-01      +2.35%         28
  2026-02      +5.22%         40
  2026-03      -2.15%         11

  Win months: 10/18 (56%)
  Top-2 months contribution: 57% of total return
  ✅ Returns distributed across months

  Monthly IC (cg_taker_imb → fwd_ret):
  Month            IC
  ────────── ────────
  2024-10     -0.009
  2024-11     +0.031
  2024-12     +0.046
  2025-01     +0.058
  2025-05     +0.004
  2025-06     +0.035
  2025-07     +0.020
  2025-08     -0.013
  2025-11     +0.114
  2025-12     +0.032
  2026-01     -0.045
  2026-02     -0.013
  2026-03     +0.025

  Mean monthly IC: +0.022  (9/13 positive)

======================================================================
  0.4 — Clip/Winsorize/Rank Sensitivity
======================================================================

  [raw] Training WF ...
  Training: clip_raw, 31f, L2=1.0, expanding, 5 seeds × 3 windows
    W1/s0: train=1,307,473, test=87,732, IC=0.0697
    W2/s0: train=1,484,524, test=85,569, IC=-0.0436
    W3/s0: train=1,628,167, test=89,343, IC=0.0408

  [clip_98] Training WF ...
  Training: clip_clip_98, 31f, L2=1.0, expanding, 5 seeds × 3 windows
    W1/s0: train=1,307,473, test=87,732, IC=0.0697
    W2/s0: train=1,484,524, test=85,569, IC=-0.0436
    W3/s0: train=1,628,167, test=89,343, IC=0.0408

  [winsorize_1pct] Training WF ...
  Training: clip_winsorize_1pct, 31f, L2=1.0, expanding, 5 seeds × 3 windows
    W1/s0: train=1,307,473, test=87,732, IC=0.0676
    W2/s0: train=1,484,524, test=85,569, IC=-0.0538
    W3/s0: train=1,628,167, test=89,343, IC=0.0409

  [gaussian_rank] Training WF ...
  Training: clip_gaussian_rank, 31f, L2=1.0, expanding, 5 seeds × 3 windows
    W1/s0: train=1,307,473, test=87,732, IC=0.0701
    W2/s0: train=1,484,524, test=85,569, IC=-0.0500
    W3/s0: train=1,628,167, test=89,343, IC=0.0466

  Variant                   W1      W2      W3     ALL
  ──────────────────── ─────── ─────── ─────── ───────
  raw                   +0.60  +2.86  +2.03  +1.31 ✅
  clip_98               +0.60  +2.86  +2.03  +1.31 ✅
  winsorize_1pct        -0.28  +2.94  +3.51  +0.94
  gaussian_rank         -1.57  +0.62  +1.86  +0.22

  ✅ Signal robust to preprocessing variants

================================================================================
R48 Phase 0 — COMPLETE
================================================================================
