================================================================================
  R28c — Forward Feature Selection
  Date: 2026-04-02 04:59:35.593984
================================================================================

  Loading data...
  [TA] atr_14, gk_vol_24h
  [DVOL] btc_dvol, iv_rv_spread, dvol_zscore
  [BREADTH] pct_coins_up_12h/1h, btc_outperform
  [SEASON] hour_sin/cos, dow_sin/cos
  [FNG] fear_greed → fng_value, fng_zscore
  [MACRO] ['vix_close', 'dxy_close', 'vix_zscore', 'dxy_ret_7d']
  [TA-extra] ['adx', 'mfi_14', 'ret_skew_24h', 'ret_kurt_24h', 'vwap_dev_24h', 'obv_ma_ratio_24']
  New features added: 18: ['premium_zscore_12h', 'oi_velocity', 'taker_imb_z', 'vol_of_vol', 'dist_from_high_24h', 'vol_ratio_24h', 'ret_168h', 'fng_value', 'fng_zscore', 'vix_close', 'vix_zscore', 'dxy_ret_7d', 'adx', 'mfi_14', 'ret_skew_24h', 'ret_kurt_24h', 'vwap_dev_24h', 'obv_ma_ratio_24']
  Final: 1,826,014 rows, 96 cols
  Candidates: 23/23 available
  Load time: 11s

  [BASELINE] FEATURES_23 (23 features)
  ✅ baseline-23f                                               Sh=+3.39 Wr=  -3.0% WM=10/13 → $3632

  [TEST] +top_ls_ratio_zscore (24f)
  ❌ +top_ls_ratio_zscore                                       Sh=+2.20 Wr= -27.8% WM=8/13 → $809
  Delta vs baseline: -1.19
  Time: 268s

  [TEST] +global_ls_ratio_zscore (24f)
  ✅ +global_ls_ratio_zscore                                    Sh=+2.67 Wr=  -9.4% WM=12/13 → $1314
  Delta vs baseline: -0.72
  Time: 263s

  [TEST] +premium_zscore (24f)
  ⚠️ +premium_zscore                                            Sh=+1.06 Wr= -20.3% WM=9/13 → $190
  Delta vs baseline: -2.33
  Time: 240s

  [TEST] +taker_zscore (24f)
  ⚠️ +taker_zscore                                              Sh=+2.99 Wr= -20.6% WM=10/13 → $2178
  Delta vs baseline: -0.40
  Time: 259s

  [TEST] +oi_ret_diverge (24f)
  ✅ +oi_ret_diverge                                            Sh=+2.68 Wr= -12.9% WM=10/13 → $1590
  Delta vs baseline: -0.71
  Time: 271s

  [TEST] +adx (24f)
  ✅ +adx                                                       Sh=+2.43 Wr= -13.3% WM=9/13 → $1076
  Delta vs baseline: -0.96
  Time: 279s

  [TEST] +rsi_14 (24f)
  ⚠️ +rsi_14                                                    Sh=+2.44 Wr= -19.8% WM=10/13 → $1136
  Delta vs baseline: -0.95
  Time: 263s

  [TEST] +bb_pband_20 (24f)
  ✅ +bb_pband_20                                               Sh=+2.67 Wr=  -9.3% WM=9/13 → $1427
  Delta vs baseline: -0.72
  Time: 269s

  [TEST] +mfi_14 (24f)
  ⚠️ +mfi_14                                                    Sh=+2.46 Wr= -19.6% WM=11/13 → $1184
  Delta vs baseline: -0.93
  Time: 263s

  [TEST] +ret_skew_24h (24f)
  ⚠️ +ret_skew_24h                                              Sh=+2.27 Wr= -22.5% WM=9/13 → $917
  Delta vs baseline: -1.12
  Time: 265s

  [TEST] +ret_kurt_24h (24f)
  ✅ +ret_kurt_24h                                              Sh=+2.64 Wr= -11.7% WM=10/13 → $1499
  Delta vs baseline: -0.75
  Time: 265s

  [TEST] +ret_168h (24f)
  ⚠️ +ret_168h                                                  Sh=+2.05 Wr= -17.8% WM=9/13 → $694
  Delta vs baseline: -1.34
  Time: 276s

  [TEST] +ret_1h (24f)
  ⚠️ +ret_1h                                                    Sh=+2.69 Wr= -19.2% WM=11/13 → $1582
  Delta vs baseline: -0.70
  Time: 263s

  [TEST] +ret_4h (24f)
  ⚠️ +ret_4h                                                    Sh=+2.42 Wr= -20.4% WM=9/13 → $1068
  Delta vs baseline: -0.97
  Time: 265s

  [TEST] +dist_from_high_24h (24f)
  ❌ +dist_from_high_24h                                        Sh=+2.01 Wr= -27.7% WM=8/13 → $700
  Delta vs baseline: -1.38
  Time: 263s

  [TEST] +vol_of_vol (24f)
  ⚠️ +vol_of_vol                                                Sh=+2.09 Wr= -22.0% WM=10/13 → $742
  Delta vs baseline: -1.30
  Time: 274s

  [TEST] +rvol_168h (24f)
  ✅ +rvol_168h                                                 Sh=+3.00 Wr=  -0.3% WM=12/13 → $2131
  Delta vs baseline: -0.39
  Time: 261s

  [TEST] +vol_ratio_24h (24f)
  ❌ +vol_ratio_24h                                             Sh=+2.65 Wr= -32.7% WM=10/13 → $1513
  Delta vs baseline: -0.74
  Time: 272s

  [TEST] +premium_zscore_12h (24f)
  ❌ +premium_zscore_12h                                        Sh=+0.60 Wr= -26.3% WM=9/13 → $126
  Delta vs baseline: -2.79
  Time: 234s

  [TEST] +oi_velocity (24f)
  ⚠️ +oi_velocity                                               Sh=+2.30 Wr= -16.1% WM=9/13 → $967
  Delta vs baseline: -1.09
  Time: 266s

  [TEST] +taker_imb_z (24f)
  ⚠️ +taker_imb_z                                               Sh=+2.49 Wr= -23.4% WM=10/13 → $1195
  Delta vs baseline: -0.90
  Time: 258s

  [TEST] +obv_ma_ratio_24 (24f)
  ✅ +obv_ma_ratio_24                                           Sh=+2.82 Wr= -13.1% WM=9/13 → $1829
  Delta vs baseline: -0.57
  Time: 268s

  [TEST] +vwap_dev_24h (24f)
  ⚠️ +vwap_dev_24h                                              Sh=+2.45 Wr= -20.3% WM=10/13 → $1076
  Delta vs baseline: -0.94
  Time: 266s

================================================================================
  R28c FORWARD SELECTION RESULTS
================================================================================
  BASELINE (23f)                       Sh=3.39  Eq=$3632  delta=+0.00 
  +top_ls_ratio_zscore                 Sh=2.20  Eq=$809  delta=-1.19 
  +global_ls_ratio_zscore              Sh=2.67  Eq=$1314  delta=-0.72 
  +premium_zscore                      Sh=1.06  Eq=$190  delta=-2.33 
  +taker_zscore                        Sh=2.99  Eq=$2178  delta=-0.40 
  +oi_ret_diverge                      Sh=2.68  Eq=$1590  delta=-0.71 
  +adx                                 Sh=2.43  Eq=$1076  delta=-0.96 
  +rsi_14                              Sh=2.44  Eq=$1136  delta=-0.95 
  +bb_pband_20                         Sh=2.67  Eq=$1427  delta=-0.72 
  +mfi_14                              Sh=2.46  Eq=$1184  delta=-0.93 
  +ret_skew_24h                        Sh=2.27  Eq=$917  delta=-1.12 
  +ret_kurt_24h                        Sh=2.64  Eq=$1499  delta=-0.75 
  +ret_168h                            Sh=2.05  Eq=$694  delta=-1.34 
  +ret_1h                              Sh=2.69  Eq=$1582  delta=-0.70 
  +ret_4h                              Sh=2.42  Eq=$1068  delta=-0.97 
  +dist_from_high_24h                  Sh=2.01  Eq=$700  delta=-1.38 
  +vol_of_vol                          Sh=2.09  Eq=$742  delta=-1.30 
  +rvol_168h                           Sh=3.00  Eq=$2131  delta=-0.39 
  +vol_ratio_24h                       Sh=2.65  Eq=$1513  delta=-0.74 
  +premium_zscore_12h                  Sh=0.60  Eq=$126  delta=-2.79 
  +oi_velocity                         Sh=2.30  Eq=$967  delta=-1.09 
  +taker_imb_z                         Sh=2.49  Eq=$1195  delta=-0.90 
  +obv_ma_ratio_24                     Sh=2.82  Eq=$1829  delta=-0.57 
  +vwap_dev_24h                        Sh=2.45  Eq=$1076  delta=-0.94 

  TOP 5 features by Sharpe:
    +rvol_168h                           Sh=3.00  delta=-0.39
    +taker_zscore                        Sh=2.99  delta=-0.40
    +obv_ma_ratio_24                     Sh=2.82  delta=-0.57
    +ret_1h                              Sh=2.69  delta=-0.70
    +oi_ret_diverge                      Sh=2.68  delta=-0.71

  Total runtime: 105.8 min
  Done.
