======================================================================
  FAST SIMULATION
  60d | $5,000 | rebal=12h | N=10+10 | kelly=30% | cost=4bp/side
  leverage=3x | mode=baseline
======================================================================

📊 Loading offline data: trading_logs/frozen_raw.parquet
   (50000, 7), 50 symbols
   Date range: 2024-07-30 11:00:00+00:00 → 2026-03-12 15:00:00+00:00
   🔧 Raw OHLCV detected — building basic features...
   Dropped 30 overlapping cols from build_features
   Enriching features (full pipeline: cross-asset, regime, 12h, sentiment, derivatives)...
   🎯 Adding targets...
   🌐 Adding cross-asset features...
   🔰 Adding advanced regime features...
   🕐 Adding 12h-specific features (v7 enhanced)...
   ✅ Added ~18 features for 12h holding period (v7)
   📰 Adding sentiment features... (news_mode=all)
      FNG: 2018-02-01 → 2026-03-11, mean=14.0
      Funding: 45,264 non-zero rows (90.5%)
      LS ratio: 1,880 non-missing rows
      Synthetic positioning features...
      Loading news features (mode=all)...
      + coin-level news: 8 features
      + market-level news: 7 features
      📊 Coverage: 46,663/50,000 rows (93.3%)
      📰 Events: 23,546/46,663 covered rows (50.5%) have news
      🕳️  Holes: 3,337 rows = NaN (not 0!)
   ✅ Sentiment features added: 135 → 172 total
   📊 Adding derivatives features (Binance Futures)...
      Loaded metrics: 1,800,870 rows, 50 symbols, 2021-12-01 → 2026-03-12
      OI: 49,556 rows (99.1%), 9 features
      Taker: 49,481 rows (99.0%), 6 features
      Top L/S: 49,575 rows (99.2%), 5 features
      Global L/S: 3 features
      Binance funding: 48,199 rows (96.4%)
      Funding surprise: computed from OKX funding data
      Market-wide aggregates: 4 features
      Basis/Premium: 13,337 rows (26.7%), 6 features
      ⚠️  No liquidation data (run download_binance_futures.py)
   ✅ Derivatives features: +35 features
   🧬 Adding news interaction features...
   ✅ Added 23 news interaction features
   ⚠️  offline mode: some features may be zero-filled by models
   Final: (50000, 240), 230 features
📡 Models …
   lgb_v6_no_news: 5 LGB models, 160 feats [PROD]
   lgb_v7_no_news: 5 LGB models, 150 feats [PROD]
   catboost: 5 CB models, 160 feats
   xgboost: 5 XGB models, 182 feats
   deriv_only: found but --no-deriv-gate, skipping
   Meta-model: /Users/a.s.tabakov/Developer/invest/results/meta_stack/meta_model.pkl
   🏗️  Architecture: 4 groups (20 models) + meta-lgb_minimal
   2025-08-27 19:00:00+00:00 → 2026-03-12 04:00:00+00:00  (120 steps, 12h apart)

──────────────────────────────────────────────────────────────────────
     40/119 | $5,052.89 | DD   0.0% | L10 S10 | Δ30
     45/119 | $5,028.41 | DD  -0.8% | L10 S10 | Δ26
     50/119 | $5,058.80 | DD  -0.2% | L10 S10 | Δ28
     55/119 | $5,076.91 | DD  -0.7% | L10 S10 | Δ22
     60/119 | $5,050.26 | DD  -1.2% | L10 S10 | Δ22
     65/119 | $5,036.72 | DD  -1.5% | L10 S10 | Δ24
     70/119 | $5,037.44 | DD  -1.4% | L10 S10 | Δ22
     75/119 | $5,034.81 | DD  -1.5% | L10 S10 | Δ28
     80/119 | $5,078.49 | DD  -0.6% | L10 S10 | Δ24
     85/119 | $5,085.51 | DD  -0.5% | L10 S10 | Δ20
     90/119 | $5,113.73 | DD  -0.3% | L10 S10 | Δ24
     95/119 | $5,147.64 | DD  -0.2% | L10 S10 | Δ22
    100/119 | $5,132.22 | DD  -0.5% | L10 S10 | Δ24
    105/119 | $5,189.82 | DD  -0.1% | L10 S10 | Δ22
    110/119 | $5,180.02 | DD  -0.8% | L10 S10 | Δ22
    115/119 | $5,188.15 | DD  -0.6% | L10 S10 | Δ24
    118/119 | $5,281.86 | DD   0.0% | L10 S10 | Δ20

======================================================================
  RESULTS — 60d, rebal=12h, N=10+10, lev=3x, mode=baseline+meta-lgb_minimal
======================================================================

   Start:      $5,000
   End:        $5,281.86
   Return:     +5.6%  (ann. ~+34%)
   Max DD:     -2.1%
   Sharpe:     +4.76
   Sharpe HAC: +5.71  (Newey-West adjusted)
   Calmar:     16.41
   Win Rate:   56%  (46W / 36L)
   Avg Win:    $+16.54
   Avg Loss:   $-13.30
   PF:         1.59
   Trades:     1874
   Turnover:   $431,757  (86.4x capital)
   Costs:      $229.08  (4.6%)
   Leverage:   3x
   Liq. level: -33% DD (approx)

   📈 Equity ($4992–$5282):
      $   5,001 |█░░░░░░░░░░░░░░░░░░░░░░░░░░░░░░░░░░░░░░░|
      $   4,994 |░░░░░░░░░░░░░░░░░░░░░░░░░░░░░░░░░░░░░░░░|
      $   5,059 |█████████░░░░░░░░░░░░░░░░░░░░░░░░░░░░░░░|
      $   5,035 |█████░░░░░░░░░░░░░░░░░░░░░░░░░░░░░░░░░░░|
      $   5,039 |██████░░░░░░░░░░░░░░░░░░░░░░░░░░░░░░░░░░|
      $   5,113 |████████████████░░░░░░░░░░░░░░░░░░░░░░░░|
      $   5,158 |██████████████████████░░░░░░░░░░░░░░░░░░|
      $   5,204 |█████████████████████████████░░░░░░░░░░░|
      $   5,249 |███████████████████████████████████░░░░░|
      $   5,282 |████████████████████████████████████████|

   Saved: /Users/a.s.tabakov/Developer/invest/trading_logs/fast_sim_equity.csv

======================================================================
   🟢 PROFITABLE — go live
======================================================================

