======================================================================
  FAST SIMULATION
  60d | $5,000 | rebal=12h | N=10+10 | kelly=30% | cost=4bp/side
  leverage=3x | mode=baseline
======================================================================

📊 Loading offline data: trading_logs/frozen_raw.parquet
   (50000, 7), 50 symbols
   Date range: 2024-07-30 11:00:00+00:00 → 2026-03-12 15:00:00+00:00
   🔧 Raw OHLCV detected — building basic features...
   Dropped 30 overlapping cols from build_features
   Enriching features (full pipeline: cross-asset, regime, 12h, sentiment, derivatives)...
   🎯 Adding targets...
   🌐 Adding cross-asset features...
   🔰 Adding advanced regime features...
   🕐 Adding 12h-specific features (v7 enhanced)...
   ✅ Added ~18 features for 12h holding period (v7)
   📰 Adding sentiment features... (news_mode=all)
      FNG: 2018-02-01 → 2026-03-11, mean=14.0
      Funding: 45,264 non-zero rows (90.5%)
      LS ratio: 1,880 non-missing rows
      Synthetic positioning features...
      Loading news features (mode=all)...
      + coin-level news: 8 features
      + market-level news: 7 features
      📊 Coverage: 46,663/50,000 rows (93.3%)
      📰 Events: 23,546/46,663 covered rows (50.5%) have news
      🕳️  Holes: 3,337 rows = NaN (not 0!)
   ✅ Sentiment features added: 135 → 172 total
   📊 Adding derivatives features (Binance Futures)...
      Loaded metrics: 1,800,870 rows, 50 symbols, 2021-12-01 → 2026-03-12
      OI: 49,556 rows (99.1%), 9 features
      Taker: 49,481 rows (99.0%), 6 features
      Top L/S: 49,575 rows (99.2%), 5 features
      Global L/S: 3 features
      Binance funding: 48,199 rows (96.4%)
      Funding surprise: computed from OKX funding data
      Market-wide aggregates: 4 features
      Basis/Premium: 13,337 rows (26.7%), 6 features
      ⚠️  No liquidation data (run download_binance_futures.py)
   ✅ Derivatives features: +35 features
   🧬 Adding news interaction features...
   ✅ Added 23 news interaction features
   ⚠️  offline mode: some features may be zero-filled by models
   Final: (50000, 240), 230 features
📡 Models …
   5 models, 160 feats
   deriv_only: found but --no-deriv-gate, skipping
   🏗️  Architecture: 1 groups (5 models)
   2025-08-27 19:00:00+00:00 → 2026-03-12 04:00:00+00:00  (120 steps, 12h apart)

──────────────────────────────────────────────────────────────────────
     40/119 | $5,052.55 | DD   0.0% | L10 S10 | Δ30
     45/119 | $5,011.45 | DD  -1.0% | L10 S10 | Δ28
     50/119 | $5,026.65 | DD  -0.7% | L10 S10 | Δ26
     55/119 | $5,040.98 | DD  -0.8% | L10 S10 | Δ24
     60/119 | $5,019.77 | DD  -1.2% | L10 S10 | Δ20
     65/119 | $4,998.13 | DD  -1.7% | L10 S10 | Δ26
     70/119 | $5,012.49 | DD  -1.4% | L10 S10 | Δ20
     75/119 | $5,024.71 | DD  -1.2% | L10 S10 | Δ24
     80/119 | $5,065.21 | DD  -0.4% | L10 S10 | Δ24
     85/119 | $5,073.10 | DD  -0.2% | L10 S10 | Δ24
     90/119 | $5,102.22 | DD  -0.3% | L10 S10 | Δ22
     95/119 | $5,117.79 | DD  -0.1% | L10 S10 | Δ22
    100/119 | $5,109.71 | DD  -0.4% | L10 S10 | Δ28
    105/119 | $5,179.56 | DD  -0.0% | L10 S10 | Δ22
    110/119 | $5,163.25 | DD  -0.8% | L10 S10 | Δ22
    115/119 | $5,187.70 | DD  -0.3% | L10 S10 | Δ24
    118/119 | $5,256.08 | DD   0.0% | L10 S10 | Δ16

======================================================================
  RESULTS — 60d, rebal=12h, N=10+10, lev=3x, mode=baseline
======================================================================

   Start:      $5,000
   End:        $5,256.08
   Return:     +5.1%  (ann. ~+31%)
   Max DD:     -2.2%
   Sharpe:     +4.26
   Sharpe HAC: +5.34  (Newey-West adjusted)
   Calmar:     13.91
   Win Rate:   56%  (46W / 36L)
   Avg Win:    $+16.70
   Avg Loss:   $-14.22
   PF:         1.50
   Trades:     1860
   Turnover:   $426,675  (85.3x capital)
   Costs:      $226.85  (4.5%)
   Leverage:   3x
   Liq. level: -33% DD (approx)

   📈 Equity ($4969–$5256):
      $   5,016 |██████░░░░░░░░░░░░░░░░░░░░░░░░░░░░░░░░░░|
      $   4,986 |██░░░░░░░░░░░░░░░░░░░░░░░░░░░░░░░░░░░░░░|
      $   5,023 |███████░░░░░░░░░░░░░░░░░░░░░░░░░░░░░░░░░|
      $   5,003 |████░░░░░░░░░░░░░░░░░░░░░░░░░░░░░░░░░░░░|
      $   5,039 |█████████░░░░░░░░░░░░░░░░░░░░░░░░░░░░░░░|
      $   5,107 |███████████████████░░░░░░░░░░░░░░░░░░░░░|
      $   5,123 |█████████████████████░░░░░░░░░░░░░░░░░░░|
      $   5,196 |███████████████████████████████░░░░░░░░░|
      $   5,225 |███████████████████████████████████░░░░░|
      $   5,256 |████████████████████████████████████████|

   Saved: /Users/a.s.tabakov/Developer/invest/trading_logs/fast_sim_equity.csv

======================================================================
   🟢 PROFITABLE — go live
======================================================================

