======================================================================
  FAST SIMULATION
  60d | $5,000 | rebal=12h | N=10+10 | kelly=30% | cost=4bp/side
  leverage=3x | mode=deriv-gate
======================================================================

📊 Loading offline data: trading_logs/frozen_raw.parquet
   (50000, 7), 50 symbols
   Date range: 2024-07-30 11:00:00+00:00 → 2026-03-12 15:00:00+00:00
   🔧 Raw OHLCV detected — building basic features...
   Dropped 30 overlapping cols from build_features
   Enriching features (full pipeline: cross-asset, regime, 12h, sentiment, derivatives)...
   🎯 Adding targets...
   🌐 Adding cross-asset features...
   🔰 Adding advanced regime features...
   🕐 Adding 12h-specific features (v7 enhanced)...
   ✅ Added ~18 features for 12h holding period (v7)
   📰 Adding sentiment features... (news_mode=all)
      FNG: 2018-02-01 → 2026-03-11, mean=14.0
      Funding: 45,264 non-zero rows (90.5%)
      LS ratio: 1,880 non-missing rows
      Synthetic positioning features...
      Loading news features (mode=all)...
      + coin-level news: 8 features
      + market-level news: 7 features
      📊 Coverage: 46,663/50,000 rows (93.3%)
      📰 Events: 23,546/46,663 covered rows (50.5%) have news
      🕳️  Holes: 3,337 rows = NaN (not 0!)
   ✅ Sentiment features added: 135 → 172 total
   📊 Adding derivatives features (Binance Futures)...
      Loaded metrics: 1,800,870 rows, 50 symbols, 2021-12-01 → 2026-03-12
      OI: 49,556 rows (99.1%), 9 features
      Taker: 49,481 rows (99.0%), 6 features
      Top L/S: 49,575 rows (99.2%), 5 features
      Global L/S: 3 features
      Binance funding: 48,199 rows (96.4%)
      Funding surprise: computed from OKX funding data
      Market-wide aggregates: 4 features
      Basis/Premium: 13,337 rows (26.7%), 6 features
      ⚠️  No liquidation data (run download_binance_futures.py)
   ✅ Derivatives features: +35 features
   🧬 Adding news interaction features...
   ✅ Added 23 news interaction features
   ⚠️  offline mode: some features may be zero-filled by models
   Final: (50000, 240), 230 features
📡 Models …
   5 models, 150 feats
   deriv_only (risk gate): 5 LGB models, 39 feats
   🏗️  Architecture: 1 groups (5 models) + deriv gate (5 models)
   2025-08-27 19:00:00+00:00 → 2026-03-12 04:00:00+00:00  (120 steps, 12h apart)

──────────────────────────────────────────────────────────────────────
     40/119 | $5,045.56 | DD   0.0% | L10 S10 | Δ28
     45/119 | $5,025.63 | DD  -1.0% | L10 S10 | Δ20
     50/119 | $5,063.72 | DD  -0.2% | L10 S10 | Δ26
     55/119 | $5,108.83 | DD  -0.4% | L10 S10 | Δ26
     60/119 | $5,139.96 | DD   0.0% | L10 S10 | Δ24
     65/119 | $5,130.69 | DD  -0.6% | L10 S10 | Δ26
     70/119 | $5,146.79 | DD  -0.2% | L10 S10 | Δ22
     75/119 | $5,164.47 | DD  -0.5% | L10 S10 | Δ22
     80/119 | $5,220.42 | DD  -0.0% | L10 S10 | Δ28
     85/119 | $5,242.54 | DD   0.0% | L10 S10 | Δ18
     90/119 | $5,265.28 | DD  -0.1% | L10 S10 | Δ28
     95/119 | $5,279.15 | DD  -0.0% | L10 S10 | Δ18
    100/119 | $5,251.70 | DD  -0.6% | L10 S10 | Δ24
    105/119 | $5,321.41 | DD   0.0% | L10 S10 | Δ16
    110/119 | $5,336.06 | DD  -0.4% | L10 S10 | Δ24
    115/119 | $5,321.77 | DD  -0.7% | L10 S10 | Δ24
    118/119 | $5,378.96 | DD   0.0% | L10 S10 | Δ24

======================================================================
  RESULTS — 60d, rebal=12h, N=10+10, lev=3x, mode=deriv-gate
======================================================================

   Start:      $5,000
   End:        $5,378.96
   Return:     +7.6%  (ann. ~+46%)
   Max DD:     -1.2%
   Sharpe:     +6.85
   Sharpe HAC: +9.06  (Newey-West adjusted)
   Calmar:     36.89
   Win Rate:   57%  (47W / 35L)
   Avg Win:    $+16.31
   Avg Loss:   $-11.07
   PF:         1.98
   Trades:     1812
   Turnover:   $384,750  (77.0x capital)
   Costs:      $211.34  (4.2%)
   Deriv gate: avg scale 0.85x (0.3–1.0)
   Leverage:   3x
   Liq. level: -33% DD (approx)

   📈 Equity ($4994–$5379):
      $   5,023 |███░░░░░░░░░░░░░░░░░░░░░░░░░░░░░░░░░░░░░|
      $   5,013 |█░░░░░░░░░░░░░░░░░░░░░░░░░░░░░░░░░░░░░░░|
      $   5,131 |██████████████░░░░░░░░░░░░░░░░░░░░░░░░░░|
      $   5,128 |█████████████░░░░░░░░░░░░░░░░░░░░░░░░░░░|
      $   5,192 |████████████████████░░░░░░░░░░░░░░░░░░░░|
      $   5,260 |███████████████████████████░░░░░░░░░░░░░|
      $   5,274 |█████████████████████████████░░░░░░░░░░░|
      $   5,353 |█████████████████████████████████████░░░|
      $   5,358 |█████████████████████████████████████░░░|
      $   5,379 |████████████████████████████████████████|

   Saved: /Users/a.s.tabakov/Developer/invest/trading_logs/fast_sim_equity.csv

======================================================================
   🟢 PROFITABLE — go live
======================================================================

