======================================================================
  FAST SIMULATION
  30d | $5,000 | rebal=12h | N=10+10 | kelly=30% | cost=4bp/side
  leverage=3x | mode=deriv-gate
======================================================================

📊 Loading offline data: trading_logs/frozen_raw.parquet
   (50000, 7), 50 symbols
   Date range: 2024-07-30 11:00:00+00:00 → 2026-03-12 15:00:00+00:00
   🔧 Raw OHLCV detected — building basic features...
   Dropped 30 overlapping cols from build_features
   Enriching features (full pipeline: cross-asset, regime, 12h, sentiment, derivatives)...
   🎯 Adding targets...
   🌐 Adding cross-asset features...
   🔰 Adding advanced regime features...
   🕐 Adding 12h-specific features (v7 enhanced)...
   ✅ Added ~18 features for 12h holding period (v7)
   📰 Adding sentiment features... (news_mode=all)
      FNG: 2018-02-01 → 2026-03-11, mean=14.0
      Funding: 45,264 non-zero rows (90.5%)
      LS ratio: 1,880 non-missing rows
      Synthetic positioning features...
      Loading news features (mode=all)...
      + coin-level news: 8 features
      + market-level news: 7 features
      📊 Coverage: 46,663/50,000 rows (93.3%)
      📰 Events: 23,546/46,663 covered rows (50.5%) have news
      🕳️  Holes: 3,337 rows = NaN (not 0!)
   ✅ Sentiment features added: 135 → 172 total
   📊 Adding derivatives features (Binance Futures)...
      Loaded metrics: 1,800,870 rows, 50 symbols, 2021-12-01 → 2026-03-12
      OI: 49,556 rows (99.1%), 9 features
      Taker: 49,481 rows (99.0%), 6 features
      Top L/S: 49,575 rows (99.2%), 5 features
      Global L/S: 3 features
      Binance funding: 48,199 rows (96.4%)
      Funding surprise: computed from OKX funding data
      Market-wide aggregates: 4 features
      Basis/Premium: 13,337 rows (26.7%), 6 features
      ⚠️  No liquidation data (run download_binance_futures.py)
   ✅ Derivatives features: +35 features
   🧬 Adding news interaction features...
   ✅ Added 23 news interaction features
   ⚠️  offline mode: some features may be zero-filled by models
   Final: (50000, 240), 230 features
📡 Models …
   5 models, 150 feats
   deriv_only (risk gate): 5 LGB models, 39 feats
   🏗️  Architecture: 1 groups (5 models) + deriv gate (5 models)
   2026-02-10 16:00:00+00:00 → 2026-03-12 04:00:00+00:00  (60 steps, 12h apart)

──────────────────────────────────────────────────────────────────────
      0/59 | $5,011.79 | DD   0.0% | L10 S10 | Δ20
      5/59 | $5,002.75 | DD  -0.6% | L10 S10 | Δ26
     10/59 | $5,018.45 | DD  -0.2% | L10 S10 | Δ22
     15/59 | $5,035.69 | DD  -0.5% | L10 S10 | Δ22
     20/59 | $5,090.25 | DD  -0.0% | L10 S10 | Δ28
     25/59 | $5,111.81 | DD   0.0% | L10 S10 | Δ18
     30/59 | $5,133.98 | DD  -0.1% | L10 S10 | Δ28
     35/59 | $5,147.51 | DD  -0.0% | L10 S10 | Δ18
     40/59 | $5,120.74 | DD  -0.6% | L10 S10 | Δ24
     45/59 | $5,188.71 | DD   0.0% | L10 S10 | Δ16
     50/59 | $5,203.00 | DD  -0.4% | L10 S10 | Δ24
     55/59 | $5,189.06 | DD  -0.7% | L10 S10 | Δ24
     58/59 | $5,244.83 | DD   0.0% | L10 S10 | Δ24

======================================================================
  RESULTS — 30d, rebal=12h, N=10+10, lev=3x, mode=deriv-gate
======================================================================

   Start:      $5,000
   End:        $5,244.83
   Return:     +4.9%  (ann. ~+60%)
   Max DD:     -1.2%
   Sharpe:     +7.05
   Sharpe HAC: +8.21  (Newey-West adjusted)
   Calmar:     48.83
   Win Rate:   59%  (35W / 24L)
   Avg Win:    $+13.85
   Avg Loss:   $-10.01
   PF:         2.02
   Trades:     1252
   Turnover:   $261,992  (52.4x capital)
   Costs:      $145.48  (2.9%)
   Deriv gate: avg scale 0.85x (0.3–1.0)
   Leverage:   3x
   Liq. level: -33% DD (approx)

   📈 Equity ($4969–$5245):
      $   5,012 |██████░░░░░░░░░░░░░░░░░░░░░░░░░░░░░░░░░░|
      $   5,000 |████░░░░░░░░░░░░░░░░░░░░░░░░░░░░░░░░░░░░|
      $   5,062 |█████████████░░░░░░░░░░░░░░░░░░░░░░░░░░░|
      $   5,080 |████████████████░░░░░░░░░░░░░░░░░░░░░░░░|
      $   5,139 |████████████████████████░░░░░░░░░░░░░░░░|
      $   5,148 |█████████████████████████░░░░░░░░░░░░░░░|
      $   5,118 |█████████████████████░░░░░░░░░░░░░░░░░░░|
      $   5,223 |████████████████████████████████████░░░░|
      $   5,231 |█████████████████████████████████████░░░|
      $   5,245 |████████████████████████████████████████|

   Saved: /Users/a.s.tabakov/Developer/invest/trading_logs/fast_sim_equity.csv

======================================================================
   🟢 PROFITABLE — go live
======================================================================

