======================================================================
  FAST SIMULATION
  60d | $5,000 | rebal=12h | N=10+10 | kelly=30% | cost=4bp/side
  leverage=3x | mode=baseline
======================================================================

📊 Loading offline data: trading_logs/frozen_raw.parquet
   (50000, 7), 50 symbols
   Date range: 2024-07-30 11:00:00+00:00 → 2026-03-12 15:00:00+00:00
   🔧 Raw OHLCV detected — building basic features...
   Dropped 30 overlapping cols from build_features
   Enriching features (full pipeline: cross-asset, regime, 12h, sentiment, derivatives)...
   🎯 Adding targets...
   🌐 Adding cross-asset features...
   🔰 Adding advanced regime features...
   🕐 Adding 12h-specific features (v7 enhanced)...
   ✅ Added ~18 features for 12h holding period (v7)
   📰 Adding sentiment features... (news_mode=all)
      FNG: 2018-02-01 → 2026-03-11, mean=14.0
      Funding: 45,264 non-zero rows (90.5%)
      LS ratio: 1,880 non-missing rows
      Synthetic positioning features...
      Loading news features (mode=all)...
      + coin-level news: 8 features
      + market-level news: 7 features
      📊 Coverage: 46,663/50,000 rows (93.3%)
      📰 Events: 23,546/46,663 covered rows (50.5%) have news
      🕳️  Holes: 3,337 rows = NaN (not 0!)
   ✅ Sentiment features added: 135 → 172 total
   📊 Adding derivatives features (Binance Futures)...
      Loaded metrics: 1,800,870 rows, 50 symbols, 2021-12-01 → 2026-03-12
      OI: 49,556 rows (99.1%), 9 features
      Taker: 49,481 rows (99.0%), 6 features
      Top L/S: 49,575 rows (99.2%), 5 features
      Global L/S: 3 features
      Binance funding: 48,199 rows (96.4%)
      Funding surprise: computed from OKX funding data
      Market-wide aggregates: 4 features
      Basis/Premium: 13,337 rows (26.7%), 6 features
      ⚠️  No liquidation data (run download_binance_futures.py)
   ✅ Derivatives features: +35 features
   🧬 Adding news interaction features...
   ✅ Added 23 news interaction features
   ⚠️  offline mode: some features may be zero-filled by models
   Final: (50000, 240), 230 features
📡 Models …
   5 models, 150 feats
   deriv_only: found but --no-deriv-gate, skipping
   🏗️  Architecture: 1 groups (5 models)
   2025-08-27 19:00:00+00:00 → 2026-03-12 04:00:00+00:00  (120 steps, 12h apart)

──────────────────────────────────────────────────────────────────────
     40/119 | $5,045.56 | DD   0.0% | L10 S10 | Δ28
     45/119 | $5,013.30 | DD  -0.9% | L10 S10 | Δ20
     50/119 | $5,027.48 | DD  -0.7% | L10 S10 | Δ26
     55/119 | $5,081.53 | DD  -0.3% | L10 S10 | Δ26
     60/119 | $5,108.73 | DD   0.0% | L10 S10 | Δ24
     65/119 | $5,105.86 | DD  -0.5% | L10 S10 | Δ26
     70/119 | $5,116.06 | DD  -0.3% | L10 S10 | Δ22
     75/119 | $5,139.37 | DD  -0.6% | L10 S10 | Δ22
     80/119 | $5,193.35 | DD  -0.0% | L10 S10 | Δ28
     85/119 | $5,201.77 | DD   0.0% | L10 S10 | Δ18
     90/119 | $5,251.63 | DD  -0.1% | L10 S10 | Δ28
     95/119 | $5,274.84 | DD  -0.1% | L10 S10 | Δ18
    100/119 | $5,260.39 | DD  -0.4% | L10 S10 | Δ24
    105/119 | $5,341.77 | DD   0.0% | L10 S10 | Δ16
    110/119 | $5,345.54 | DD  -0.5% | L10 S10 | Δ24
    115/119 | $5,356.88 | DD  -0.3% | L10 S10 | Δ24
    118/119 | $5,430.41 | DD   0.0% | L10 S10 | Δ24

======================================================================
  RESULTS — 60d, rebal=12h, N=10+10, lev=3x, mode=baseline
======================================================================

   Start:      $5,000
   End:        $5,430.41
   Return:     +8.6%  (ann. ~+52%)
   Max DD:     -1.4%
   Sharpe:     +7.35
   Sharpe HAC: +9.84  (Newey-West adjusted)
   Calmar:     37.67
   Win Rate:   57%  (47W / 35L)
   Avg Win:    $+17.56
   Avg Loss:   $-11.28
   PF:         2.09
   Trades:     1812
   Turnover:   $423,092  (84.6x capital)
   Costs:      $226.54  (4.5%)
   Leverage:   3x
   Liq. level: -33% DD (approx)

   📈 Equity ($4989–$5430):
      $   5,029 |███░░░░░░░░░░░░░░░░░░░░░░░░░░░░░░░░░░░░░|
      $   4,990 |░░░░░░░░░░░░░░░░░░░░░░░░░░░░░░░░░░░░░░░░|
      $   5,102 |██████████░░░░░░░░░░░░░░░░░░░░░░░░░░░░░░|
      $   5,111 |███████████░░░░░░░░░░░░░░░░░░░░░░░░░░░░░|
      $   5,147 |██████████████░░░░░░░░░░░░░░░░░░░░░░░░░░|
      $   5,224 |█████████████████████░░░░░░░░░░░░░░░░░░░|
      $   5,273 |█████████████████████████░░░░░░░░░░░░░░░|
      $   5,366 |██████████████████████████████████░░░░░░|
      $   5,401 |█████████████████████████████████████░░░|
      $   5,430 |████████████████████████████████████████|

   Saved: /Users/a.s.tabakov/Developer/invest/trading_logs/fast_sim_equity.csv

======================================================================
   🟢 PROFITABLE — go live
======================================================================

