======================================================================
  FAST SIMULATION
  365d | $5,000 | rebal=12h | N=10+10 | kelly=30% | cost=4bp/side
  leverage=1x | mode=boost
======================================================================

📊 Loading offline data: trading_logs/frozen_raw.parquet
   (108500, 7), 50 symbols
   Date range: 2024-05-08 03:00:00+00:00 → 2026-03-10 08:00:00+00:00
   🔧 Raw OHLCV detected — building basic features...
   Enriching features (12h+v7, derivatives)...
   🎯 Adding targets...
   🕐 Adding 12h-specific features (v7 enhanced)...
   ✅ Added ~18 features for 12h holding period (v7)
   📊 Adding derivatives features (Binance Futures)...
      Loaded metrics: 1,798,238 rows, 50 symbols, 2021-12-01 → 2026-03-09
      OI: 106,362 rows (98.0%), 9 features
      Taker: 106,367 rows (98.0%), 6 features
      Top L/S: 106,367 rows (98.0%), 5 features
      Global L/S: 3 features
      Binance funding: 105,984 rows (97.7%)
      Market-wide aggregates: 4 features
      Basis/Premium: 26,975 rows (24.9%), 6 features
      ⚠️  No liquidation data (run download_binance_futures.py)
   ✅ Derivatives features: +34 features
   ⚠️  offline mode: some features may be zero-filled by models
   Final: (108500, 183), 173 features
📡 Models …
   5 models, 160 feats
   deriv_only: found but --no-deriv-gate, skipping
   🏗️  Architecture: 1 groups (5 models)
   2024-05-08 03:00:00+00:00 → 2026-03-10 05:00:00+00:00  (724 steps, 12h apart)

📐 Calibrating edge distribution (P75 (for boost/adaptive)) ...
   ⚠️  No calibration data, edge features disabled

──────────────────────────────────────────────────────────────────────
    545/723 | $4,937.55 | DD  -1.2% | L10 S10 | Δ32
    550/723 | $4,917.85 | DD  -1.6% | L10 S10 | Δ24
    555/723 | $4,935.28 | DD  -1.3% | L10 S10 | Δ22
    560/723 | $4,977.10 | DD  -0.5% | L10 S10 | Δ32
    565/723 | $4,953.11 | DD  -0.9% | L10 S10 | Δ18
    570/723 | $4,973.27 | DD  -0.5% | L10 S10 | Δ30
    575/723 | $4,953.13 | DD  -0.9% | L10 S10 | Δ20
    580/723 | $4,917.39 | DD  -1.7% | L10 S10 | Δ22
    585/723 | $4,904.31 | DD  -1.9% | L10 S10 | Δ16
    590/723 | $4,912.58 | DD  -1.7% | L10 S10 | Δ18
    595/723 | $4,933.50 | DD  -1.3% | L10 S10 | Δ24
    600/723 | $4,943.79 | DD  -1.1% | L10 S10 | Δ16
    605/723 | $4,948.37 | DD  -1.0% | L10 S10 | Δ20
    610/723 | $4,971.32 | DD  -0.6% | L10 S10 | Δ22
    615/723 | $4,951.68 | DD  -1.0% | L10 S10 | Δ18
    620/723 | $4,872.11 | DD  -2.6% | L10 S10 | Δ16
    625/723 | $4,881.47 | DD  -2.4% | L10 S10 | Δ14
    630/723 | $4,843.74 | DD  -3.1% | L10 S10 | Δ18
    635/723 | $4,885.65 | DD  -2.3% | L10 S10 | Δ24
    640/723 | $4,878.67 | DD  -2.4% | L10 S10 | Δ22
    645/723 | $4,889.50 | DD  -2.2% | L10 S10 | Δ18
    650/723 | $4,910.58 | DD  -1.8% | L10 S10 | Δ20
    655/723 | $4,896.31 | DD  -2.1% | L10 S10 | Δ20
    660/723 | $4,901.28 | DD  -2.0% | L10 S10 | Δ20
    665/723 | $4,894.23 | DD  -2.1% | L10 S10 | Δ22
    670/723 | $4,920.21 | DD  -1.6% | L10 S10 | Δ24
    675/723 | $4,937.31 | DD  -1.3% | L10 S10 | Δ22
    680/723 | $4,944.41 | DD  -1.1% | L10 S10 | Δ26
    685/723 | $4,934.75 | DD  -1.3% | L10 S10 | Δ24
    690/723 | $4,927.88 | DD  -1.4% | L10 S10 | Δ16
    695/723 | $4,944.49 | DD  -1.1% | L10 S10 | Δ22
    700/723 | $4,957.34 | DD  -0.9% | L10 S10 | Δ24
    705/723 | $4,976.01 | DD  -0.5% | L10 S10 | Δ26
    710/723 | $4,948.98 | DD  -1.0% | L10 S10 | Δ18
    715/723 | $4,966.62 | DD  -0.7% | L10 S10 | Δ32
    720/723 | $4,963.65 | DD  -0.7% | L10 S10 | Δ28
    722/723 | $4,935.31 | DD  -1.3% | L10 S10 | Δ14

======================================================================
  RESULTS — 365d, rebal=12h, N=10+10, lev=1x, mode=boost
======================================================================

   Start:      $5,000
   End:        $4,935.31
   Return:     -1.3%  (ann. ~-1%)
   Max DD:     -3.3%
   Sharpe:     -0.79
   Sharpe HAC: -0.79  (Newey-West adjusted)
   Calmar:     -0.39
   Win Rate:   55%  (99W / 81L)
   Avg Win:    $+7.30
   Avg Loss:   $-9.73
   PF:         0.92
   Trades:     3932
   Turnover:   $291,687  (58.3x capital)
   Costs:      $116.67  (2.3%)

   📈 Equity ($4844–$5000):
      $   5,000 |████████████████████████████████████████|
      $   4,951 |███████████████████████████░░░░░░░░░░░░░|
      $   4,904 |███████████████░░░░░░░░░░░░░░░░░░░░░░░░░|
      $   4,951 |███████████████████████████░░░░░░░░░░░░░|
      $   4,877 |████████░░░░░░░░░░░░░░░░░░░░░░░░░░░░░░░░|
      $   4,914 |█████████████████░░░░░░░░░░░░░░░░░░░░░░░|
      $   4,909 |████████████████░░░░░░░░░░░░░░░░░░░░░░░░|
      $   4,928 |█████████████████████░░░░░░░░░░░░░░░░░░░|
      $   4,969 |████████████████████████████████░░░░░░░░|
      $   4,964 |██████████████████████████████░░░░░░░░░░|

   Saved: /Users/a.s.tabakov/Developer/invest/trading_logs/fast_sim_equity.csv

======================================================================
   🔴 Unprofitable
======================================================================

