======================================================================
  FAST SIMULATION
  365d | $5,000 | rebal=12h | N=10+10 | kelly=30% | cost=4bp/side
  leverage=1x | mode=boost
======================================================================

📊 Loading offline data: trading_logs/frozen_raw.parquet
   (108500, 7), 50 symbols
   Date range: 2024-05-08 03:00:00+00:00 → 2026-03-10 08:00:00+00:00
   🔧 Raw OHLCV detected — building basic features...
   Enriching features (12h+v7, derivatives)...
   🎯 Adding targets...
   🕐 Adding 12h-specific features (v7 enhanced)...
   ✅ Added ~18 features for 12h holding period (v7)
   📊 Adding derivatives features (Binance Futures)...
      Loaded metrics: 1,798,238 rows, 50 symbols, 2021-12-01 → 2026-03-09
      OI: 106,362 rows (98.0%), 9 features
      Taker: 106,367 rows (98.0%), 6 features
      Top L/S: 106,367 rows (98.0%), 5 features
      Global L/S: 3 features
      Binance funding: 105,984 rows (97.7%)
      Market-wide aggregates: 4 features
      Basis/Premium: 26,975 rows (24.9%), 6 features
      ⚠️  No liquidation data (run download_binance_futures.py)
   ✅ Derivatives features: +34 features
   ⚠️  offline mode: some features may be zero-filled by models
   Final: (108500, 183), 173 features
📡 Models …
   5 models, 156 feats
   deriv_only: found but --no-deriv-gate, skipping
   🏗️  Architecture: 1 groups (5 models)
   2024-05-08 03:00:00+00:00 → 2026-03-10 05:00:00+00:00  (724 steps, 12h apart)

📐 Calibrating edge distribution (P75 (for boost/adaptive)) ...
   ⚠️  No calibration data, edge features disabled

──────────────────────────────────────────────────────────────────────
    545/723 | $4,931.09 | DD  -1.4% | L10 S10 | Δ30
    550/723 | $4,909.05 | DD  -1.8% | L10 S10 | Δ24
    555/723 | $4,922.36 | DD  -1.6% | L10 S10 | Δ22
    560/723 | $4,919.67 | DD  -1.6% | L10 S10 | Δ22
    565/723 | $4,893.99 | DD  -2.1% | L10 S10 | Δ16
    570/723 | $4,907.32 | DD  -1.9% | L10 S10 | Δ26
    575/723 | $4,898.96 | DD  -2.0% | L10 S10 | Δ22
    580/723 | $4,870.53 | DD  -2.6% | L10 S10 | Δ20
    585/723 | $4,862.68 | DD  -2.7% | L10 S10 | Δ18
    590/723 | $4,868.67 | DD  -2.6% | L10 S10 | Δ18
    595/723 | $4,890.14 | DD  -2.2% | L10 S10 | Δ20
    600/723 | $4,895.98 | DD  -2.1% | L10 S10 | Δ18
    605/723 | $4,892.89 | DD  -2.1% | L10 S10 | Δ14
    610/723 | $4,911.44 | DD  -1.8% | L10 S10 | Δ18
    615/723 | $4,896.62 | DD  -2.1% | L10 S10 | Δ18
    620/723 | $4,820.41 | DD  -3.6% | L10 S10 | Δ16
    625/723 | $4,822.57 | DD  -3.5% | L10 S10 | Δ10
    630/723 | $4,784.43 | DD  -4.3% | L10 S10 | Δ14
    635/723 | $4,817.04 | DD  -3.7% | L10 S10 | Δ24
    640/723 | $4,808.36 | DD  -3.8% | L10 S10 | Δ22
    645/723 | $4,818.29 | DD  -3.6% | L10 S10 | Δ16
    650/723 | $4,836.10 | DD  -3.3% | L10 S10 | Δ18
    655/723 | $4,811.09 | DD  -3.8% | L10 S10 | Δ20
    660/723 | $4,813.98 | DD  -3.7% | L10 S10 | Δ18
    665/723 | $4,802.06 | DD  -4.0% | L10 S10 | Δ22
    670/723 | $4,824.98 | DD  -3.5% | L10 S10 | Δ22
    675/723 | $4,836.78 | DD  -3.3% | L10 S10 | Δ20
    680/723 | $4,845.43 | DD  -3.1% | L10 S10 | Δ28
    685/723 | $4,843.50 | DD  -3.1% | L10 S10 | Δ20
    690/723 | $4,823.27 | DD  -3.5% | L10 S10 | Δ14
    695/723 | $4,841.55 | DD  -3.2% | L10 S10 | Δ18
    700/723 | $4,858.57 | DD  -2.8% | L10 S10 | Δ26
    705/723 | $4,882.63 | DD  -2.3% | L10 S10 | Δ26
    710/723 | $4,856.18 | DD  -2.9% | L10 S10 | Δ20
    715/723 | $4,865.75 | DD  -2.7% | L10 S10 | Δ28
    720/723 | $4,863.85 | DD  -2.7% | L10 S10 | Δ26
    722/723 | $4,833.47 | DD  -3.3% | L10 S10 | Δ16

======================================================================
  RESULTS — 365d, rebal=12h, N=10+10, lev=1x, mode=boost
======================================================================

   Start:      $5,000
   End:        $4,833.47
   Return:     -3.3%  (ann. ~-3%)
   Max DD:     -4.5%
   Sharpe:     -2.22
   Sharpe HAC: -2.19  (Newey-West adjusted)
   Calmar:     -0.75
   Win Rate:   53%  (95W / 85L)
   Avg Win:    $+6.58
   Avg Loss:   $-9.31
   PF:         0.79
   Trades:     3754
   Turnover:   $274,601  (54.9x capital)
   Costs:      $109.84  (2.2%)

   📈 Equity ($4784–$4996):
      $   4,996 |████████████████████████████████████████|
      $   4,894 |████████████████████░░░░░░░░░░░░░░░░░░░░|
      $   4,863 |██████████████░░░░░░░░░░░░░░░░░░░░░░░░░░|
      $   4,895 |████████████████████░░░░░░░░░░░░░░░░░░░░|
      $   4,812 |█████░░░░░░░░░░░░░░░░░░░░░░░░░░░░░░░░░░░|
      $   4,836 |█████████░░░░░░░░░░░░░░░░░░░░░░░░░░░░░░░|
      $   4,813 |█████░░░░░░░░░░░░░░░░░░░░░░░░░░░░░░░░░░░|
      $   4,823 |███████░░░░░░░░░░░░░░░░░░░░░░░░░░░░░░░░░|
      $   4,871 |████████████████░░░░░░░░░░░░░░░░░░░░░░░░|
      $   4,864 |███████████████░░░░░░░░░░░░░░░░░░░░░░░░░|

   Saved: /Users/a.s.tabakov/Developer/invest/trading_logs/fast_sim_equity.csv

======================================================================
   🔴 Unprofitable
======================================================================

