======================================================================
  FAST SIMULATION
  365d | $5,000 | rebal=12h | N=10+10 | kelly=30% | cost=4bp/side
  leverage=1x | mode=boost+deriv-gate
======================================================================

📊 Loading offline data: trading_logs/frozen_raw.parquet
   (108500, 7), 50 symbols
   Date range: 2024-05-08 03:00:00+00:00 → 2026-03-10 08:00:00+00:00
   🔧 Raw OHLCV detected — building basic features...
   Enriching features (12h+v7, derivatives)...
   🎯 Adding targets...
   🕐 Adding 12h-specific features (v7 enhanced)...
   ✅ Added ~18 features for 12h holding period (v7)
   📊 Adding derivatives features (Binance Futures)...
      Loaded metrics: 1,798,238 rows, 50 symbols, 2021-12-01 → 2026-03-09
      OI: 106,362 rows (98.0%), 9 features
      Taker: 106,367 rows (98.0%), 6 features
      Top L/S: 106,367 rows (98.0%), 5 features
      Global L/S: 3 features
      Binance funding: 105,984 rows (97.7%)
      Market-wide aggregates: 4 features
      Basis/Premium: 26,975 rows (24.9%), 6 features
      ⚠️  No liquidation data (run download_binance_futures.py)
   ✅ Derivatives features: +34 features
   ⚠️  offline mode: some features may be zero-filled by models
   Final: (108500, 183), 173 features
📡 Models …
   lgb_v6_no_news: 5 LGB models, 160 feats [PROD] ⚠️ 22 features zero-filled
   lgb_v7_no_news: 5 LGB models, 156 feats [PROD] ⚠️ 4 features zero-filled
   catboost: 5 CB models, 160 feats ⚠️ 4 features zero-filled
   deriv_only (risk gate): 5 LGB models, 39 feats
   Meta-model: /Users/a.s.tabakov/Developer/invest/results/meta_stack/meta_model.pkl
   🏗️  Architecture: 3 groups (15 models) + deriv gate (5 models) + meta-lgb_minimal
   2024-05-08 03:00:00+00:00 → 2026-03-10 05:00:00+00:00  (724 steps, 12h apart)

📐 Calibrating edge distribution (P75 (for boost/adaptive)) ...
   ⚠️  No calibration data, edge features disabled

──────────────────────────────────────────────────────────────────────
    545/723 | $4,941.27 | DD  -1.2% | L10 S10 | Δ32
    550/723 | $4,929.14 | DD  -1.4% | L10 S10 | Δ28
    555/723 | $4,936.20 | DD  -1.3% | L10 S10 | Δ22
    560/723 | $4,988.68 | DD  -0.2% | L10 S10 | Δ20
    565/723 | $4,965.18 | DD  -0.7% | L10 S10 | Δ20
    570/723 | $4,979.18 | DD  -0.4% | L10 S10 | Δ30
    575/723 | $4,973.98 | DD  -0.5% | L10 S10 | Δ24
    580/723 | $4,939.07 | DD  -1.2% | L10 S10 | Δ26
    585/723 | $4,931.84 | DD  -1.4% | L10 S10 | Δ18
    590/723 | $4,935.22 | DD  -1.3% | L10 S10 | Δ20
    595/723 | $4,953.91 | DD  -0.9% | L10 S10 | Δ24
    600/723 | $4,956.91 | DD  -0.9% | L10 S10 | Δ20
    605/723 | $4,953.15 | DD  -1.0% | L10 S10 | Δ22
    610/723 | $4,974.47 | DD  -0.5% | L10 S10 | Δ20
    615/723 | $4,957.07 | DD  -0.9% | L10 S10 | Δ22
    620/723 | $4,882.83 | DD  -2.4% | L10 S10 | Δ18
    625/723 | $4,893.86 | DD  -2.1% | L10 S10 | Δ14
    630/723 | $4,875.77 | DD  -2.5% | L10 S10 | Δ18
    635/723 | $4,901.63 | DD  -2.0% | L10 S10 | Δ26
    640/723 | $4,893.49 | DD  -2.1% | L10 S10 | Δ22
    645/723 | $4,903.03 | DD  -2.0% | L10 S10 | Δ16
    650/723 | $4,920.33 | DD  -1.6% | L10 S10 | Δ24
    655/723 | $4,910.57 | DD  -1.8% | L10 S10 | Δ20
    660/723 | $4,917.10 | DD  -1.7% | L10 S10 | Δ22
    665/723 | $4,919.40 | DD  -1.6% | L10 S10 | Δ22
    670/723 | $4,940.39 | DD  -1.2% | L10 S10 | Δ22
    675/723 | $4,942.46 | DD  -1.2% | L10 S10 | Δ22
    680/723 | $4,950.48 | DD  -1.0% | L10 S10 | Δ28
    685/723 | $4,956.20 | DD  -0.9% | L10 S10 | Δ26
    690/723 | $4,944.57 | DD  -1.1% | L10 S10 | Δ20
    695/723 | $4,956.11 | DD  -0.9% | L10 S10 | Δ18
    700/723 | $4,965.48 | DD  -0.7% | L10 S10 | Δ26
    705/723 | $4,983.73 | DD  -0.3% | L10 S10 | Δ26
    710/723 | $4,964.61 | DD  -0.7% | L10 S10 | Δ22
    715/723 | $4,979.02 | DD  -0.4% | L10 S10 | Δ32
    720/723 | $4,978.68 | DD  -0.4% | L10 S10 | Δ26
    722/723 | $4,956.50 | DD  -0.9% | L10 S10 | Δ12

======================================================================
  RESULTS — 365d, rebal=12h, N=10+10, lev=1x, mode=boost+deriv-gate+meta-lgb_minimal
======================================================================

   Start:      $5,000
   End:        $4,956.50
   Return:     -0.9%  (ann. ~-1%)
   Max DD:     -2.7%
   Sharpe:     -0.58
   Sharpe HAC: -0.61  (Newey-West adjusted)
   Calmar:     -0.32
   Win Rate:   53%  (96W / 84L)
   Avg Win:    $+6.59
   Avg Loss:   $-8.05
   PF:         0.94
   Trades:     4096
   Turnover:   $273,247  (54.6x capital)
   Costs:      $109.30  (2.2%)
   Deriv gate: avg scale 0.85x (0.3–1.0)

   📈 Equity ($4876–$5001):
      $   5,001 |████████████████████████████████████████|
      $   4,962 |███████████████████████████░░░░░░░░░░░░░|
      $   4,932 |█████████████████░░░░░░░░░░░░░░░░░░░░░░░|
      $   4,956 |█████████████████████████░░░░░░░░░░░░░░░|
      $   4,894 |█████░░░░░░░░░░░░░░░░░░░░░░░░░░░░░░░░░░░|
      $   4,921 |██████████████░░░░░░░░░░░░░░░░░░░░░░░░░░|
      $   4,930 |█████████████████░░░░░░░░░░░░░░░░░░░░░░░|
      $   4,945 |██████████████████████░░░░░░░░░░░░░░░░░░|
      $   4,985 |██████████████████████████████████░░░░░░|
      $   4,979 |████████████████████████████████░░░░░░░░|

   Saved: /Users/a.s.tabakov/Developer/invest/trading_logs/fast_sim_equity.csv

======================================================================
   🔴 Unprofitable
======================================================================

