======================================================================
  FAST SIMULATION
  365d | $5,000 | rebal=12h | N=10+10 | kelly=30% | cost=4bp/side
  leverage=1x | mode=boost+deriv-gate
======================================================================

📊 Loading offline data: trading_logs/frozen_raw.parquet
   (108500, 7), 50 symbols
   Date range: 2024-05-08 03:00:00+00:00 → 2026-03-10 08:00:00+00:00
   🔧 Raw OHLCV detected — building basic features...
   Enriching features (12h+v7, derivatives)...
   🎯 Adding targets...
   🕐 Adding 12h-specific features (v7 enhanced)...
   ✅ Added ~18 features for 12h holding period (v7)
   📊 Adding derivatives features (Binance Futures)...
      Loaded metrics: 1,798,238 rows, 50 symbols, 2021-12-01 → 2026-03-09
      OI: 106,362 rows (98.0%), 9 features
      Taker: 106,367 rows (98.0%), 6 features
      Top L/S: 106,367 rows (98.0%), 5 features
      Global L/S: 3 features
      Binance funding: 105,984 rows (97.7%)
      Market-wide aggregates: 4 features
      Basis/Premium: 26,975 rows (24.9%), 6 features
      ⚠️  No liquidation data (run download_binance_futures.py)
   ✅ Derivatives features: +34 features
   ⚠️  offline mode: some features may be zero-filled by models
   Final: (108500, 183), 173 features
📡 Models …
   lgb_v6_no_news: 5 LGB models, 160 feats [PROD] ⚠️ 22 features zero-filled
   lgb_v7_no_news: 5 LGB models, 156 feats [PROD] ⚠️ 4 features zero-filled
   catboost: 5 CB models, 160 feats ⚠️ 4 features zero-filled
   deriv_only (risk gate): 5 LGB models, 39 feats
   Meta-model: /Users/a.s.tabakov/Developer/invest/results/meta_stack/meta_model.pkl
   🏗️  Architecture: 3 groups (15 models) + deriv gate (5 models) + meta-ridge
   2024-05-08 03:00:00+00:00 → 2026-03-10 05:00:00+00:00  (724 steps, 12h apart)

📐 Calibrating edge distribution (P75 (for boost/adaptive)) ...
   ⚠️  No calibration data, edge features disabled

──────────────────────────────────────────────────────────────────────
    545/723 | $4,942.55 | DD  -1.2% | L10 S10 | Δ32
    550/723 | $4,917.84 | DD  -1.7% | L10 S10 | Δ24
    555/723 | $4,923.52 | DD  -1.5% | L10 S10 | Δ24
    560/723 | $4,954.94 | DD  -0.9% | L10 S10 | Δ24
    565/723 | $4,934.83 | DD  -1.3% | L10 S10 | Δ16
    570/723 | $4,945.12 | DD  -1.1% | L10 S10 | Δ32
    575/723 | $4,936.36 | DD  -1.3% | L10 S10 | Δ22
    580/723 | $4,905.50 | DD  -1.9% | L10 S10 | Δ20
    585/723 | $4,891.76 | DD  -2.2% | L10 S10 | Δ18
    590/723 | $4,901.12 | DD  -2.0% | L10 S10 | Δ22
    595/723 | $4,920.64 | DD  -1.6% | L10 S10 | Δ24
    600/723 | $4,924.77 | DD  -1.5% | L10 S10 | Δ16
    605/723 | $4,926.15 | DD  -1.5% | L10 S10 | Δ22
    610/723 | $4,942.24 | DD  -1.2% | L10 S10 | Δ24
    615/723 | $4,920.06 | DD  -1.6% | L10 S10 | Δ22
    620/723 | $4,847.10 | DD  -3.1% | L10 S10 | Δ20
    625/723 | $4,856.00 | DD  -2.9% | L10 S10 | Δ16
    630/723 | $4,834.54 | DD  -3.3% | L10 S10 | Δ20
    635/723 | $4,864.97 | DD  -2.7% | L10 S10 | Δ30
    640/723 | $4,856.58 | DD  -2.9% | L10 S10 | Δ24
    645/723 | $4,862.52 | DD  -2.8% | L10 S10 | Δ16
    650/723 | $4,873.06 | DD  -2.6% | L10 S10 | Δ16
    655/723 | $4,864.30 | DD  -2.7% | L10 S10 | Δ22
    660/723 | $4,868.77 | DD  -2.6% | L10 S10 | Δ24
    665/723 | $4,866.00 | DD  -2.7% | L10 S10 | Δ24
    670/723 | $4,884.84 | DD  -2.3% | L10 S10 | Δ22
    675/723 | $4,890.81 | DD  -2.2% | L10 S10 | Δ22
    680/723 | $4,900.77 | DD  -2.0% | L10 S10 | Δ30
    685/723 | $4,897.62 | DD  -2.1% | L10 S10 | Δ22
    690/723 | $4,885.43 | DD  -2.3% | L10 S10 | Δ20
    695/723 | $4,902.77 | DD  -2.0% | L10 S10 | Δ24
    700/723 | $4,900.73 | DD  -2.0% | L10 S10 | Δ24
    705/723 | $4,915.07 | DD  -1.7% | L10 S10 | Δ26
    710/723 | $4,896.35 | DD  -2.1% | L10 S10 | Δ16
    715/723 | $4,910.70 | DD  -1.8% | L10 S10 | Δ32
    720/723 | $4,904.86 | DD  -1.9% | L10 S10 | Δ26
    722/723 | $4,883.41 | DD  -2.3% | L10 S10 | Δ12

======================================================================
  RESULTS — 365d, rebal=12h, N=10+10, lev=1x, mode=boost+deriv-gate+meta-ridge
======================================================================

   Start:      $5,000
   End:        $4,883.41
   Return:     -2.3%  (ann. ~-2%)
   Max DD:     -3.5%
   Sharpe:     -1.63
   Sharpe HAC: -1.67  (Newey-West adjusted)
   Calmar:     -0.66
   Win Rate:   53%  (96W / 84L)
   Avg Win:    $+6.14
   Avg Loss:   $-8.41
   PF:         0.83
   Trades:     4106
   Turnover:   $271,698  (54.3x capital)
   Costs:      $108.68  (2.2%)
   Deriv gate: avg scale 0.85x (0.3–1.0)

   📈 Equity ($4835–$5001):
      $   5,001 |████████████████████████████████████████|
      $   4,932 |███████████████████████░░░░░░░░░░░░░░░░░|
      $   4,892 |█████████████░░░░░░░░░░░░░░░░░░░░░░░░░░░|
      $   4,928 |██████████████████████░░░░░░░░░░░░░░░░░░|
      $   4,856 |█████░░░░░░░░░░░░░░░░░░░░░░░░░░░░░░░░░░░|
      $   4,875 |█████████░░░░░░░░░░░░░░░░░░░░░░░░░░░░░░░|
      $   4,874 |█████████░░░░░░░░░░░░░░░░░░░░░░░░░░░░░░░|
      $   4,885 |████████████░░░░░░░░░░░░░░░░░░░░░░░░░░░░|
      $   4,916 |███████████████████░░░░░░░░░░░░░░░░░░░░░|
      $   4,905 |████████████████░░░░░░░░░░░░░░░░░░░░░░░░|

   Saved: /Users/a.s.tabakov/Developer/invest/trading_logs/fast_sim_equity.csv

======================================================================
   🔴 Unprofitable
======================================================================

