======================================================================
  FAST SIMULATION
  30d | $5,000 | rebal=12h | N=10+10 | kelly=30% | cost=4bp/side
  leverage=1x | mode=boost
======================================================================

📊 Fetching 1440h …
   (50000, 7), 50 symbols
🔧 Features …
   💾 Raw OHLCV saved: trading_logs/frozen_raw.parquet ((50000, 7))
      Date range: 2024-07-30 11:00:00+00:00 → 2026-03-11 17:00:00+00:00
      Per-symbol candles: {'min': 1000.0, 'max': 1000.0}
📡 Models …
   5 models, 160 feats
   deriv_only: found but --no-deriv-gate, skipping
   🏗️  Architecture: 1 groups (5 models)
   2026-02-09 18:00:00+00:00 → 2026-03-11 06:00:00+00:00  (60 steps, 12h apart)

📐 Calibrating edge distribution (P75 (for boost/adaptive)) ...
   P75 edge = 0.02549, P90 = 0.03532
   (1410 samples, 30 steps)

──────────────────────────────────────────────────────────────────────
      0/59 | $5,003.59 | DD   0.0% | L10 S10 | Δ20
      5/59 | $5,012.08 | DD   0.0% | L10 S10 | Δ12
     10/59 | $5,017.14 | DD  -0.3% | L10 S10 | Δ22
     15/59 | $5,053.90 | DD   0.0% | L10 S10 | Δ22
     20/59 | $5,022.47 | DD  -0.6% | L10 S10 | Δ16
     25/59 | $5,005.95 | DD  -0.9% | L10 S10 | Δ14
     30/59 | $5,026.46 | DD  -0.5% | L10 S10 | Δ20
     35/59 | $5,026.48 | DD  -0.5% | L10 S10 | Δ20
     40/59 | $5,052.55 | DD  -0.1% | L10 S10 | Δ26
     45/59 | $5,049.42 | DD  -0.1% | L10 S10 | Δ22
     50/59 | $5,053.36 | DD  -0.2% | L10 S10 | Δ14
     55/59 | $5,027.33 | DD  -0.7% | L10 S10 | Δ26
     58/59 | $5,022.02 | DD  -0.8% | L10 S10 | Δ18

======================================================================
  RESULTS — 30d, rebal=12h, N=10+10, lev=1x, mode=boost
======================================================================

   Start:      $5,000
   End:        $5,022.02
   Return:     +0.4%  (ann. ~+5%)
   Max DD:     -1.3%
   Sharpe:     +1.09
   Sharpe HAC: +1.09  (Newey-West adjusted)
   Calmar:     4.22
   Win Rate:   59%  (35W / 24L)
   Avg Win:    $+6.53
   Avg Loss:   $-8.61
   PF:         1.11
   Trades:     1220
   Turnover:   $96,391  (19.3x capital)
   Costs:      $38.56  (0.8%)

   📈 Equity ($4991–$5061):
      $   5,004 |███████░░░░░░░░░░░░░░░░░░░░░░░░░░░░░░░░░|
      $   5,017 |███████████████░░░░░░░░░░░░░░░░░░░░░░░░░|
      $   5,048 |████████████████████████████████░░░░░░░░|
      $   5,019 |███████████████░░░░░░░░░░░░░░░░░░░░░░░░░|
      $   5,025 |███████████████████░░░░░░░░░░░░░░░░░░░░░|
      $   5,026 |████████████████████░░░░░░░░░░░░░░░░░░░░|
      $   5,041 |████████████████████████████░░░░░░░░░░░░|
      $   5,050 |█████████████████████████████████░░░░░░░|
      $   5,010 |██████████░░░░░░░░░░░░░░░░░░░░░░░░░░░░░░|
      $   5,022 |█████████████████░░░░░░░░░░░░░░░░░░░░░░░|

   Saved: /Users/a.s.tabakov/Developer/invest/trading_logs/fast_sim_equity.csv

======================================================================
   🟡 Marginal — keep monitoring
======================================================================

