======================================================================
  FAST SIMULATION
  30d | $5,000 | rebal=12h | N=10+10 | kelly=30% | cost=4bp/side
  leverage=1x | mode=boost
======================================================================

📊 Fetching 1440h …
   (50000, 7), 50 symbols
🔧 Features …
   💾 Raw OHLCV saved: trading_logs/frozen_raw.parquet ((50000, 7))
      Date range: 2024-07-30 11:00:00+00:00 → 2026-03-11 17:00:00+00:00
      Per-symbol candles: {'min': 1000.0, 'max': 1000.0}
📡 Models …
   5 models, 150 feats
   deriv_only: found but --no-deriv-gate, skipping
   🏗️  Architecture: 1 groups (5 models)
   2026-02-09 18:00:00+00:00 → 2026-03-11 06:00:00+00:00  (60 steps, 12h apart)

📐 Calibrating edge distribution (P75 (for boost/adaptive)) ...
   P75 edge = 0.02303, P90 = 0.03326
   (1410 samples, 30 steps)

──────────────────────────────────────────────────────────────────────
      0/59 | $5,004.33 | DD   0.0% | L10 S10 | Δ20
      5/59 | $5,011.54 | DD   0.0% | L10 S10 | Δ10
     10/59 | $5,010.58 | DD  -0.3% | L10 S10 | Δ20
     15/59 | $5,041.20 | DD   0.0% | L10 S10 | Δ16
     20/59 | $5,014.80 | DD  -0.5% | L10 S10 | Δ20
     25/59 | $5,001.33 | DD  -0.8% | L10 S10 | Δ14
     30/59 | $5,014.62 | DD  -0.5% | L10 S10 | Δ18
     35/59 | $5,010.10 | DD  -0.6% | L10 S10 | Δ22
     40/59 | $5,027.02 | DD  -0.3% | L10 S10 | Δ28
     45/59 | $5,026.97 | DD  -0.3% | L10 S10 | Δ22
     50/59 | $5,038.78 | DD  -0.0% | L10 S10 | Δ14
     55/59 | $5,013.98 | DD  -0.5% | L10 S10 | Δ28
     58/59 | $5,005.35 | DD  -0.7% | L10 S10 | Δ16

======================================================================
  RESULTS — 30d, rebal=12h, N=10+10, lev=1x, mode=boost
======================================================================

   Start:      $5,000
   End:        $5,005.35
   Return:     +0.1%  (ann. ~+1%)
   Max DD:     -1.3%
   Sharpe:     +0.26
   Sharpe HAC: +0.27  (Newey-West adjusted)
   Calmar:     0.99
   Win Rate:   56%  (33W / 26L)
   Avg Win:    $+6.24
   Avg Loss:   $-7.72
   PF:         1.03
   Trades:     1214
   Turnover:   $94,828  (19.0x capital)
   Costs:      $37.93  (0.8%)

   📈 Equity ($4975–$5041):
      $   5,004 |█████████████████░░░░░░░░░░░░░░░░░░░░░░░|
      $   5,013 |██████████████████████░░░░░░░░░░░░░░░░░░|
      $   5,035 |████████████████████████████████████░░░░|
      $   5,012 |██████████████████████░░░░░░░░░░░░░░░░░░|
      $   5,019 |██████████████████████████░░░░░░░░░░░░░░|
      $   5,010 |█████████████████████░░░░░░░░░░░░░░░░░░░|
      $   5,017 |█████████████████████████░░░░░░░░░░░░░░░|
      $   5,039 |██████████████████████████████████████░░|
      $   4,990 |█████████░░░░░░░░░░░░░░░░░░░░░░░░░░░░░░░|
      $   5,005 |██████████████████░░░░░░░░░░░░░░░░░░░░░░|

   Saved: /Users/a.s.tabakov/Developer/invest/trading_logs/fast_sim_equity.csv

======================================================================
   🟡 Marginal — keep monitoring
======================================================================

