======================================================================
  FAST SIMULATION
  30d | $5,000 | rebal=12h | N=10+10 | kelly=30% | cost=4bp/side
  leverage=1x | mode=boost
======================================================================

📊 Fetching 1440h …
   (50000, 7), 50 symbols
🔧 Features …
   💾 Raw OHLCV saved: trading_logs/frozen_raw.parquet ((50000, 7))
      Date range: 2024-07-30 11:00:00+00:00 → 2026-03-11 17:00:00+00:00
      Per-symbol candles: {'min': 1000.0, 'max': 1000.0}
📡 Models …
   lgb_v6_no_news: 5 LGB models, 160 feats [PROD] ⚠️ 53 features zero-filled
   lgb_v7_no_news: 5 LGB models, 150 feats [PROD] ⚠️ 8 features zero-filled
   catboost: 5 CB models, 160 feats ⚠️ 7 features zero-filled
   deriv_only: found but --no-deriv-gate, skipping
   🏗️  Architecture: 3 groups (15 models)
   2026-02-09 18:00:00+00:00 → 2026-03-11 06:00:00+00:00  (60 steps, 12h apart)

📐 Calibrating edge distribution (P75 (for boost/adaptive)) ...
   P75 edge = 0.02412, P90 = 0.03473
   (1410 samples, 30 steps)

──────────────────────────────────────────────────────────────────────
      0/59 | $5,003.59 | DD   0.0% | L10 S10 | Δ20
      5/59 | $5,011.65 | DD   0.0% | L10 S10 | Δ10
     10/59 | $5,009.22 | DD  -0.3% | L10 S10 | Δ18
     15/59 | $5,043.63 | DD   0.0% | L10 S10 | Δ20
     20/59 | $5,011.80 | DD  -0.6% | L10 S10 | Δ18
     25/59 | $4,995.50 | DD  -1.0% | L10 S10 | Δ12
     30/59 | $5,016.22 | DD  -0.5% | L10 S10 | Δ22
     35/59 | $5,013.05 | DD  -0.6% | L10 S10 | Δ22
     40/59 | $5,030.79 | DD  -0.3% | L10 S10 | Δ24
     45/59 | $5,033.11 | DD  -0.2% | L10 S10 | Δ20
     50/59 | $5,043.68 | DD   0.0% | L10 S10 | Δ14
     55/59 | $5,020.81 | DD  -0.5% | L10 S10 | Δ24
     58/59 | $5,021.68 | DD  -0.4% | L10 S10 | Δ16

======================================================================
  RESULTS — 30d, rebal=12h, N=10+10, lev=1x, mode=boost
======================================================================

   Start:      $5,000
   End:        $5,021.68
   Return:     +0.4%  (ann. ~+5%)
   Max DD:     -1.0%
   Sharpe:     +1.11
   Sharpe HAC: +1.14  (Newey-West adjusted)
   Calmar:     5.17
   Win Rate:   59%  (35W / 24L)
   Avg Win:    $+5.99
   Avg Loss:   $-7.83
   PF:         1.12
   Trades:     1210
   Turnover:   $94,631  (18.9x capital)
   Costs:      $37.85  (0.8%)

   📈 Equity ($4992–$5044):
      $   5,004 |█████████░░░░░░░░░░░░░░░░░░░░░░░░░░░░░░░|
      $   5,013 |████████████████░░░░░░░░░░░░░░░░░░░░░░░░|
      $   5,038 |███████████████████████████████████░░░░░|
      $   5,009 |█████████████░░░░░░░░░░░░░░░░░░░░░░░░░░░|
      $   5,015 |█████████████████░░░░░░░░░░░░░░░░░░░░░░░|
      $   5,013 |████████████████░░░░░░░░░░░░░░░░░░░░░░░░|
      $   5,021 |██████████████████████░░░░░░░░░░░░░░░░░░|
      $   5,043 |███████████████████████████████████████░|
      $   5,005 |██████████░░░░░░░░░░░░░░░░░░░░░░░░░░░░░░|
      $   5,022 |███████████████████████░░░░░░░░░░░░░░░░░|

   Saved: /Users/a.s.tabakov/Developer/invest/trading_logs/fast_sim_equity.csv

======================================================================
   🟡 Marginal — keep monitoring
======================================================================

