======================================================================
  FAST SIMULATION
  30d | $5,000 | rebal=12h | N=10+10 | kelly=30% | cost=4bp/side
  leverage=1x | mode=boost+deriv-gate
======================================================================

📊 Fetching 1440h …
   (50000, 7), 50 symbols
🔧 Features …
   💾 Raw OHLCV saved: trading_logs/frozen_raw.parquet ((50000, 7))
      Date range: 2024-07-30 11:00:00+00:00 → 2026-03-11 17:00:00+00:00
      Per-symbol candles: {'min': 1000.0, 'max': 1000.0}
📡 Models …
   lgb_v6_no_news: 5 LGB models, 160 feats [PROD] ⚠️ 53 features zero-filled
   lgb_v7_no_news: 5 LGB models, 150 feats [PROD] ⚠️ 8 features zero-filled
   catboost: 5 CB models, 160 feats ⚠️ 7 features zero-filled
   deriv_only (risk gate): 5 LGB models, 39 feats
   🏗️  Architecture: 3 groups (15 models) + deriv gate (5 models)
   2026-02-09 18:00:00+00:00 → 2026-03-11 06:00:00+00:00  (60 steps, 12h apart)

📐 Calibrating edge distribution (P75 (for boost/adaptive)) ...
   P75 edge = 0.02412, P90 = 0.03473
   (1410 samples, 30 steps)

──────────────────────────────────────────────────────────────────────
      0/59 | $5,001.14 | DD   0.0% | L10 S10 | Δ20
      5/59 | $5,002.48 | DD   0.0% | L10 S10 | Δ10
     10/59 | $4,998.57 | DD  -0.2% | L10 S10 | Δ18
     15/59 | $5,023.58 | DD   0.0% | L10 S10 | Δ20
     20/59 | $4,993.24 | DD  -0.6% | L10 S10 | Δ18
     25/59 | $4,987.85 | DD  -0.7% | L10 S10 | Δ12
     30/59 | $4,999.83 | DD  -0.5% | L10 S10 | Δ22
     35/59 | $4,985.61 | DD  -0.8% | L10 S10 | Δ22
     40/59 | $5,012.01 | DD  -0.2% | L10 S10 | Δ24
     45/59 | $5,010.98 | DD  -0.3% | L10 S10 | Δ20
     50/59 | $5,022.79 | DD  -0.0% | L10 S10 | Δ14
     55/59 | $5,014.31 | DD  -0.2% | L10 S10 | Δ24
     58/59 | $5,010.65 | DD  -0.3% | L10 S10 | Δ16

======================================================================
  RESULTS — 30d, rebal=12h, N=10+10, lev=1x, mode=boost+deriv-gate
======================================================================

   Start:      $5,000
   End:        $5,010.65
   Return:     +0.2%  (ann. ~+3%)
   Max DD:     -0.8%
   Sharpe:     +0.64
   Sharpe HAC: +0.72  (Newey-West adjusted)
   Calmar:     3.24
   Win Rate:   53%  (31W / 28L)
   Avg Win:    $+5.56
   Avg Loss:   $-5.78
   PF:         1.07
   Trades:     1210
   Turnover:   $84,252  (16.9x capital)
   Costs:      $33.70  (0.7%)
   Deriv gate: avg scale 0.79x (0.3–1.0)

   📈 Equity ($4983–$5024):
      $   5,001 |█████████████████░░░░░░░░░░░░░░░░░░░░░░░|
      $   4,998 |███████████████░░░░░░░░░░░░░░░░░░░░░░░░░|
      $   5,019 |███████████████████████████████████░░░░░|
      $   4,994 |██████████░░░░░░░░░░░░░░░░░░░░░░░░░░░░░░|
      $   4,999 |████████████████░░░░░░░░░░░░░░░░░░░░░░░░|
      $   4,986 |██░░░░░░░░░░░░░░░░░░░░░░░░░░░░░░░░░░░░░░|
      $   5,003 |███████████████████░░░░░░░░░░░░░░░░░░░░░|
      $   5,023 |███████████████████████████████████████░|
      $   4,997 |█████████████░░░░░░░░░░░░░░░░░░░░░░░░░░░|
      $   5,011 |███████████████████████████░░░░░░░░░░░░░|

   Saved: /Users/a.s.tabakov/Developer/invest/trading_logs/fast_sim_equity.csv

======================================================================
   🟡 Marginal — keep monitoring
======================================================================

