======================================================================
  FAST SIMULATION
  30d | $5,000 | rebal=12h | N=10+10 | kelly=30% | cost=4bp/side
  leverage=1x | mode=boost+deriv-gate
======================================================================

📊 Fetching 1440h …
   (50000, 7), 50 symbols
🔧 Features …
   💾 Raw OHLCV saved: trading_logs/frozen_raw.parquet ((50000, 7))
      Date range: 2024-07-30 11:00:00+00:00 → 2026-03-11 17:00:00+00:00
      Per-symbol candles: {'min': 1000.0, 'max': 1000.0}
📡 Models …
   lgb_v6_no_news: 5 LGB models, 160 feats [PROD] ⚠️ 53 features zero-filled
   lgb_v7_no_news: 5 LGB models, 150 feats [PROD] ⚠️ 8 features zero-filled
   catboost: 5 CB models, 160 feats ⚠️ 7 features zero-filled
   deriv_only (risk gate): 5 LGB models, 39 feats
   Meta-model: /Users/a.s.tabakov/Developer/invest/results/meta_stack/meta_model.pkl
   🏗️  Architecture: 3 groups (15 models) + deriv gate (5 models) + meta-ridge
   2026-02-09 18:00:00+00:00 → 2026-03-11 06:00:00+00:00  (60 steps, 12h apart)

📐 Calibrating edge distribution (P75 (for boost/adaptive)) ...
   P75 edge = 0.01181, P90 = 0.01712
   (1410 samples, 30 steps)

──────────────────────────────────────────────────────────────────────
      0/59 | $4,999.43 | DD  -0.0% | L10 S10 | Δ20
      5/59 | $5,000.15 | DD   0.0% | L10 S10 | Δ12
     10/59 | $4,993.87 | DD  -0.3% | L10 S10 | Δ20
     15/59 | $5,016.81 | DD   0.0% | L10 S10 | Δ18
     20/59 | $4,987.52 | DD  -0.6% | L10 S10 | Δ22
     25/59 | $4,986.39 | DD  -0.6% | L10 S10 | Δ12
     30/59 | $5,001.25 | DD  -0.3% | L10 S10 | Δ26
     35/59 | $4,985.85 | DD  -0.6% | L10 S10 | Δ24
     40/59 | $5,009.70 | DD  -0.1% | L10 S10 | Δ24
     45/59 | $5,008.56 | DD  -0.2% | L10 S10 | Δ20
     50/59 | $5,012.49 | DD  -0.1% | L10 S10 | Δ14
     55/59 | $5,004.46 | DD  -0.3% | L10 S10 | Δ26
     58/59 | $5,000.17 | DD  -0.4% | L10 S10 | Δ16

======================================================================
  RESULTS — 30d, rebal=12h, N=10+10, lev=1x, mode=boost+deriv-gate+meta-ridge
======================================================================

   Start:      $5,000
   End:        $5,000.17
   Return:     +0.0%  (ann. ~+0%)
   Max DD:     -0.9%
   Sharpe:     +0.01
   Sharpe HAC: +0.01  (Newey-West adjusted)
   Calmar:     0.04
   Win Rate:   53%  (31W / 28L)
   Avg Win:    $+5.49
   Avg Loss:   $-6.07
   PF:         1.00
   Trades:     1244
   Turnover:   $85,928  (17.2x capital)
   Costs:      $34.37  (0.7%)
   Deriv gate: avg scale 0.79x (0.3–1.0)

   📈 Equity ($4972–$5019):
      $   4,999 |███████████████████████░░░░░░░░░░░░░░░░░|
      $   4,994 |███████████████████░░░░░░░░░░░░░░░░░░░░░|
      $   5,011 |█████████████████████████████████░░░░░░░|
      $   4,988 |██████████████░░░░░░░░░░░░░░░░░░░░░░░░░░|
      $   4,998 |██████████████████████░░░░░░░░░░░░░░░░░░|
      $   4,986 |███████████░░░░░░░░░░░░░░░░░░░░░░░░░░░░░|
      $   5,000 |████████████████████████░░░░░░░░░░░░░░░░|
      $   5,013 |███████████████████████████████████░░░░░|
      $   4,986 |███████████░░░░░░░░░░░░░░░░░░░░░░░░░░░░░|
      $   5,000 |████████████████████████░░░░░░░░░░░░░░░░|

   Saved: /Users/a.s.tabakov/Developer/invest/trading_logs/fast_sim_equity.csv

======================================================================
   🟡 Marginal — keep monitoring
======================================================================

