======================================================================
  FAST SIMULATION
  30d | $5,000 | rebal=12h | N=10+10 | kelly=30% | cost=4bp/side
  leverage=3x | mode=boost+deriv-gate
======================================================================

📊 Fetching 1440h …
   (50000, 7), 50 symbols
🔧 Features …
   💾 Raw OHLCV saved: trading_logs/frozen_raw.parquet ((50000, 7))
      Date range: 2024-07-30 11:00:00+00:00 → 2026-03-11 17:00:00+00:00
      Per-symbol candles: {'min': 1000.0, 'max': 1000.0}
📡 Models …
   lgb_v6_no_news: 5 LGB models, 160 feats [PROD] ⚠️ 53 features zero-filled
   lgb_v7_no_news: 5 LGB models, 150 feats [PROD] ⚠️ 8 features zero-filled
   catboost: 5 CB models, 160 feats ⚠️ 7 features zero-filled
   deriv_only (risk gate): 5 LGB models, 39 feats
   🏗️  Architecture: 3 groups (15 models) + deriv gate (5 models)
   2026-02-09 18:00:00+00:00 → 2026-03-11 06:00:00+00:00  (60 steps, 12h apart)

📐 Calibrating edge distribution (P75 (for boost/adaptive)) ...
   P75 edge = 0.02412, P90 = 0.03473
   (1410 samples, 30 steps)

──────────────────────────────────────────────────────────────────────
      0/59 | $5,002.74 | DD   0.0% | L10 S10 | Δ20
      5/59 | $5,003.29 | DD   0.0% | L10 S10 | Δ10
     10/59 | $4,988.07 | DD  -0.7% | L10 S10 | Δ18
     15/59 | $5,059.83 | DD   0.0% | L10 S10 | Δ20
     20/59 | $4,965.15 | DD  -1.9% | L10 S10 | Δ18
     25/59 | $4,945.60 | DD  -2.3% | L10 S10 | Δ12
     30/59 | $4,977.91 | DD  -1.6% | L10 S10 | Δ22
     35/59 | $4,932.16 | DD  -2.5% | L10 S10 | Δ22
     40/59 | $5,007.36 | DD  -1.0% | L10 S10 | Δ24
     45/59 | $5,000.71 | DD  -1.2% | L10 S10 | Δ20
     50/59 | $5,032.72 | DD  -0.5% | L10 S10 | Δ14
     55/59 | $5,003.78 | DD  -1.1% | L10 S10 | Δ24
     58/59 | $4,990.05 | DD  -1.4% | L10 S10 | Δ16

======================================================================
  RESULTS — 30d, rebal=12h, N=10+10, lev=3x, mode=boost+deriv-gate
======================================================================

   Start:      $5,000
   End:        $4,990.05
   Return:     -0.2%  (ann. ~-2%)
   Max DD:     -3.0%
   Sharpe:     -0.20
   Sharpe HAC: -0.22  (Newey-West adjusted)
   Calmar:     -0.81
   Win Rate:   53%  (31W / 28L)
   Avg Win:    $+15.92
   Avg Loss:   $-17.98
   PF:         0.98
   Trades:     1210
   Turnover:   $252,211  (50.4x capital)
   Costs:      $140.65  (2.8%)
   Deriv gate: avg scale 0.79x (0.3–1.0)
   Leverage:   3x
   Liq. level: -33% DD (approx)

   📈 Equity ($4910–$5060):
      $   5,003 |████████████████████████░░░░░░░░░░░░░░░░|
      $   4,990 |█████████████████████░░░░░░░░░░░░░░░░░░░|
      $   5,047 |████████████████████████████████████░░░░|
      $   4,967 |███████████████░░░░░░░░░░░░░░░░░░░░░░░░░|
      $   4,978 |██████████████████░░░░░░░░░░░░░░░░░░░░░░|
      $   4,932 |██████░░░░░░░░░░░░░░░░░░░░░░░░░░░░░░░░░░|
      $   4,980 |██████████████████░░░░░░░░░░░░░░░░░░░░░░|
      $   5,034 |█████████████████████████████████░░░░░░░|
      $   4,951 |███████████░░░░░░░░░░░░░░░░░░░░░░░░░░░░░|
      $   4,990 |█████████████████████░░░░░░░░░░░░░░░░░░░|

   Saved: /Users/a.s.tabakov/Developer/invest/trading_logs/fast_sim_equity.csv

======================================================================
   🔴 Unprofitable
======================================================================

