   Risk config: optimal_config.json
======================================================================
  FAST SIMULATION
  365d | $1,000 | rebal=12h | N=5+5 | kelly=100% | cost=4bp/side
  leverage=1x | mode=boost
======================================================================

📊 Fetching 9480h …
   (50000, 7), 50 symbols
🔧 Features …
   ✅ Funding rates merged
   ✅ L/S ratio merged
📡 Models …
   results_v6: 5 LGB models, 121 feats [research]
   results_v7: 5 LGB models, 127 feats [research]
   results_catboost: 5 CB models, 130 feats
   results_xgboost: 5 XGB models, 148 feats
   2024-07-30 11:00:00+00:00 → 2026-03-08 20:00:00+00:00  (334 steps, 12h apart)

📐 Calibrating edge distribution (P75 (for boost/adaptive)) ...
   P75 edge = 0.02747, P90 = 0.03994
   (1410 samples, 30 steps)

──────────────────────────────────────────────────────────────────────
    250/333 | $  992.36 | DD  -0.8% | L5 S5 | Δ10
    255/333 | $1,020.33 | DD   0.0% | L5 S5 | Δ18
    260/333 | $1,006.25 | DD  -1.4% | L5 S5 | Δ10
    265/333 | $  973.74 | DD  -4.6% | L5 S5 | Δ18
    270/333 | $1,005.05 | DD  -1.5% | L5 S5 | Δ10
    275/333 | $1,007.12 | DD  -2.0% | L5 S5 | Δ10
    280/333 | $1,023.62 | DD  -0.4% | L5 S5 | Δ14
    285/333 | $1,059.61 | DD   0.0% | L5 S5 | Δ14
    290/333 | $1,068.36 | DD  -0.4% | L5 S5 | Δ10
    295/333 | $1,083.63 | DD  -0.1% | L5 S5 | Δ10
    300/333 | $1,043.59 | DD  -3.8% | L5 S5 | Δ14
    305/333 | $1,044.16 | DD  -3.8% | L5 S5 | Δ12
    310/333 | $1,057.15 | DD  -2.6% | L5 S5 | Δ12
    315/333 | $1,088.33 | DD   0.0% | L5 S5 | Δ18
    320/333 | $1,119.23 | DD   0.0% | L5 S5 | Δ20
    325/333 | $1,128.38 | DD  -0.2% | L5 S5 | Δ10
    330/333 | $1,110.28 | DD  -2.0% | L5 S5 | Δ14
    332/333 | $1,105.98 | DD  -2.3% | L5 S5 | Δ14

======================================================================
  RESULTS — 365d, rebal=12h, N=5+5, lev=1x, mode=boost
======================================================================

   Start:      $1,000
   End:        $1,105.98
   Return:     +10.6%  (ann. ~+11%)
   Max DD:     -4.8%
   Sharpe:     +3.51
   Calmar:     2.23
   Win Rate:   57%  (47W / 36L)
   Avg Win:    $+7.54
   Avg Loss:   $-6.91
   PF:         1.43
   Trades:     1134
   Costs:      $47.58  (4.8%)

   📈 Equity ($972–$1132):
      $     992 |█████░░░░░░░░░░░░░░░░░░░░░░░░░░░░░░░░░░░|
      $   1,006 |████████░░░░░░░░░░░░░░░░░░░░░░░░░░░░░░░░|
      $   1,005 |████████░░░░░░░░░░░░░░░░░░░░░░░░░░░░░░░░|
      $   1,024 |████████████░░░░░░░░░░░░░░░░░░░░░░░░░░░░|
      $   1,068 |████████████████████████░░░░░░░░░░░░░░░░|
      $   1,044 |█████████████████░░░░░░░░░░░░░░░░░░░░░░░|
      $   1,057 |█████████████████████░░░░░░░░░░░░░░░░░░░|
      $   1,119 |████████████████████████████████████░░░░|
      $   1,110 |██████████████████████████████████░░░░░░|
      $   1,106 |█████████████████████████████████░░░░░░░|

   Saved: /Users/a.s.tabakov/Developer/invest/trading_logs/fast_sim_equity.csv

======================================================================
   🟢 PROFITABLE — go live
======================================================================

