======================================================================
  FAST SIMULATION
  365d | $5,000 | rebal=12h | N=10+10 | kelly=30% | cost=4bp/side
  leverage=1x | mode=boost+deriv-gate
======================================================================

📊 Loading offline data: trading_logs/frozen_raw.parquet
   (108500, 7), 50 symbols
   Date range: 2024-05-08 03:00:00+00:00 → 2026-03-10 08:00:00+00:00
   Enriching features (cross-asset, regime, 12h+v7, sentiment, derivatives)...
   🎯 Adding targets...
   🌐 Adding cross-asset features...
Traceback (most recent call last):
  File "/Users/a.s.tabakov/Developer/invest/run_fast_sim.py", line 1207, in <module>
    main()
    ~~~~^^
  File "/Users/a.s.tabakov/Developer/invest/run_fast_sim.py", line 257, in main
    df = add_cross_asset_features(df)
  File "/Users/a.s.tabakov/Developer/invest/run_pipeline_v6.py", line 246, in add_cross_asset_features
    cs_std = df.groupby('timestamp')['ret_1h'].transform('std')
             ~~~~~~~~~~~~~~~~~~~~~~~^^^^^^^^^^
  File "/Users/a.s.tabakov/Developer/invest/.venv/lib/python3.13/site-packages/pandas/core/groupby/generic.py", line 2938, in __getitem__
    return super().__getitem__(key)
           ~~~~~~~~~~~~~~~~~~~^^^^^
  File "/Users/a.s.tabakov/Developer/invest/.venv/lib/python3.13/site-packages/pandas/core/base.py", line 228, in __getitem__
    raise KeyError(f"Column not found: {key}")
KeyError: 'Column not found: ret_1h'
