======================================================================
  FAST SIMULATION
  30d | $5,000 | rebal=12h | N=10+10 | kelly=30% | cost=4bp/side
  leverage=1x | mode=boost
======================================================================

📊 Fetching 1440h …
   (50000, 7), 50 symbols
🔧 Features …
   💾 Raw OHLCV saved: trading_logs/frozen_raw.parquet ((50000, 7))
      Date range: 2024-07-30 11:00:00+00:00 → 2026-03-11 17:00:00+00:00
      Per-symbol candles: {'min': 1000.0, 'max': 1000.0}
   Dropped 23 overlapping cols from build_features
   🔧 Enriching: targets, cross-asset, regime, 12h, sentiment, derivatives...
   🎯 Adding targets...
   🌐 Adding cross-asset features...
   🔰 Adding advanced regime features...
   🕐 Adding 12h-specific features (v7 enhanced)...
   ✅ Added ~18 features for 12h holding period (v7)
   📰 Adding sentiment features... (news_mode=all)
      FNG: 2018-02-01 → 2026-03-07, mean=14.2
      Funding: 41,492 non-zero rows (83.0%)
      LS ratio: 1,887 non-missing rows
      Synthetic positioning features...
      Loading news features (mode=all)...
      + coin-level news: 8 features
      + market-level news: 7 features
      📊 Coverage: 47,697/50,000 rows (95.4%)
      📰 Events: 24,253/47,697 covered rows (50.8%) have news
      🕳️  Holes: 2,303 rows = NaN (not 0!)
   ✅ Sentiment features added: 142 → 172 total
   📊 Adding derivatives features (Binance Futures)...
      Loaded metrics: 1,798,238 rows, 50 symbols, 2021-12-01 → 2026-03-09
      OI: 46,483 rows (93.0%), 9 features
      Taker: 46,486 rows (93.0%), 6 features
      Top L/S: 46,486 rows (93.0%), 5 features
      Global L/S: 3 features
      Binance funding: 46,631 rows (93.3%)
      Funding surprise: computed from OKX funding data
      Market-wide aggregates: 4 features
      Basis/Premium: 11,993 rows (24.0%), 6 features
      ⚠️  No liquidation data (run download_binance_futures.py)
   ✅ Derivatives features: +35 features
   Final: (50000, 217), 207 features
📡 Models …
   5 models, 160 feats
   deriv_only: found but --no-deriv-gate, skipping
   🏗️  Architecture: 1 groups (5 models)
   2026-02-09 18:00:00+00:00 → 2026-03-11 06:00:00+00:00  (60 steps, 12h apart)

📐 Calibrating edge distribution (P75 (for boost/adaptive)) ...
   P75 edge = 0.02919, P90 = 0.04239
   (1410 samples, 30 steps)

──────────────────────────────────────────────────────────────────────
      0/59 | $5,003.16 | DD   0.0% | L10 S10 | Δ20
      5/59 | $5,007.97 | DD   0.0% | L10 S10 | Δ16
     10/59 | $5,003.25 | DD  -0.3% | L10 S10 | Δ22
     15/59 | $5,031.63 | DD   0.0% | L10 S10 | Δ20
     20/59 | $4,997.37 | DD  -0.7% | L10 S10 | Δ22
     25/59 | $4,984.15 | DD  -1.0% | L10 S10 | Δ16
     30/59 | $5,006.37 | DD  -0.6% | L10 S10 | Δ22
     35/59 | $5,005.63 | DD  -0.6% | L10 S10 | Δ28
     40/59 | $5,027.72 | DD  -0.1% | L10 S10 | Δ26
     45/59 | $5,035.31 | DD   0.0% | L10 S10 | Δ24
     50/59 | $5,033.38 | DD  -0.2% | L10 S10 | Δ22
     55/59 | $5,006.48 | DD  -0.7% | L10 S10 | Δ22
     58/59 | $4,985.26 | DD  -1.1% | L10 S10 | Δ20

======================================================================
  RESULTS — 30d, rebal=12h, N=10+10, lev=1x, mode=boost
======================================================================

   Start:      $5,000
   End:        $4,985.26
   Return:     -0.3%  (ann. ~-4%)
   Max DD:     -1.3%
   Sharpe:     -0.74
   Sharpe HAC: -0.75  (Newey-West adjusted)
   Calmar:     -2.80
   Win Rate:   54%  (32W / 27L)
   Avg Win:    $+6.47
   Avg Loss:   $-8.22
   PF:         0.93
   Trades:     1328
   Turnover:   $102,603  (20.5x capital)
   Costs:      $41.04  (0.8%)

   📈 Equity ($4977–$5041):
      $   5,003 |████████████████░░░░░░░░░░░░░░░░░░░░░░░░|
      $   5,002 |███████████████░░░░░░░░░░░░░░░░░░░░░░░░░|
      $   5,023 |████████████████████████████░░░░░░░░░░░░|
      $   5,001 |██████████████░░░░░░░░░░░░░░░░░░░░░░░░░░|
      $   5,000 |██████████████░░░░░░░░░░░░░░░░░░░░░░░░░░|
      $   5,006 |█████████████████░░░░░░░░░░░░░░░░░░░░░░░|
      $   5,023 |████████████████████████████░░░░░░░░░░░░|
      $   5,035 |███████████████████████████████████░░░░░|
      $   4,988 |███████░░░░░░░░░░░░░░░░░░░░░░░░░░░░░░░░░|
      $   4,985 |█████░░░░░░░░░░░░░░░░░░░░░░░░░░░░░░░░░░░|

   Saved: /Users/a.s.tabakov/Developer/invest/trading_logs/fast_sim_equity.csv

======================================================================
   🔴 Unprofitable
======================================================================

