======================================================================
  FAST SIMULATION
  30d | $5,000 | rebal=12h | N=10+10 | kelly=30% | cost=4bp/side
  leverage=1x | mode=boost
======================================================================

📊 Fetching 1440h …
   (50000, 7), 50 symbols
🔧 Features …
   💾 Raw OHLCV saved: trading_logs/frozen_raw.parquet ((50000, 7))
      Date range: 2024-07-30 11:00:00+00:00 → 2026-03-11 17:00:00+00:00
      Per-symbol candles: {'min': 1000.0, 'max': 1000.0}
   Dropped 23 overlapping cols from build_features
   🔧 Enriching: targets, cross-asset, regime, 12h, sentiment, derivatives...
   🎯 Adding targets...
   🌐 Adding cross-asset features...
   🔰 Adding advanced regime features...
   🕐 Adding 12h-specific features (v7 enhanced)...
   ✅ Added ~18 features for 12h holding period (v7)
   📰 Adding sentiment features... (news_mode=all)
      FNG: 2018-02-01 → 2026-03-07, mean=14.2
      Funding: 41,492 non-zero rows (83.0%)
      LS ratio: 1,887 non-missing rows
      Synthetic positioning features...
      Loading news features (mode=all)...
      + coin-level news: 8 features
      + market-level news: 7 features
      📊 Coverage: 47,697/50,000 rows (95.4%)
      📰 Events: 24,253/47,697 covered rows (50.8%) have news
      🕳️  Holes: 2,303 rows = NaN (not 0!)
   ✅ Sentiment features added: 142 → 172 total
   📊 Adding derivatives features (Binance Futures)...
      Loaded metrics: 1,798,238 rows, 50 symbols, 2021-12-01 → 2026-03-09
      OI: 46,483 rows (93.0%), 9 features
      Taker: 46,486 rows (93.0%), 6 features
      Top L/S: 46,486 rows (93.0%), 5 features
      Global L/S: 3 features
      Binance funding: 46,631 rows (93.3%)
      Funding surprise: computed from OKX funding data
      Market-wide aggregates: 4 features
      Basis/Premium: 11,993 rows (24.0%), 6 features
      ⚠️  No liquidation data (run download_binance_futures.py)
   ✅ Derivatives features: +35 features
   Final: (50000, 217), 207 features
📡 Models …
   5 models, 150 feats
   deriv_only: found but --no-deriv-gate, skipping
   🏗️  Architecture: 1 groups (5 models)
   2026-02-09 18:00:00+00:00 → 2026-03-11 06:00:00+00:00  (60 steps, 12h apart)

📐 Calibrating edge distribution (P75 (for boost/adaptive)) ...
   P75 edge = 0.02683, P90 = 0.03977
   (1410 samples, 30 steps)

──────────────────────────────────────────────────────────────────────
      0/59 | $5,002.76 | DD   0.0% | L10 S10 | Δ20
      5/59 | $5,011.49 | DD   0.0% | L10 S10 | Δ14
     10/59 | $5,010.26 | DD  -0.3% | L10 S10 | Δ24
     15/59 | $5,043.31 | DD   0.0% | L10 S10 | Δ20
     20/59 | $5,001.39 | DD  -0.8% | L10 S10 | Δ18
     25/59 | $4,995.92 | DD  -0.9% | L10 S10 | Δ12
     30/59 | $5,020.04 | DD  -0.5% | L10 S10 | Δ16
     35/59 | $5,027.75 | DD  -0.3% | L10 S10 | Δ22
     40/59 | $5,040.29 | DD  -0.1% | L10 S10 | Δ28
     45/59 | $5,048.68 | DD   0.0% | L10 S10 | Δ20
     50/59 | $5,049.04 | DD  -0.2% | L10 S10 | Δ16
     55/59 | $5,019.37 | DD  -0.8% | L10 S10 | Δ20
     58/59 | $5,012.76 | DD  -0.9% | L10 S10 | Δ18

======================================================================
  RESULTS — 30d, rebal=12h, N=10+10, lev=1x, mode=boost
======================================================================

   Start:      $5,000
   End:        $5,012.76
   Return:     +0.3%  (ann. ~+3%)
   Max DD:     -1.5%
   Sharpe:     +0.61
   Sharpe HAC: +0.61  (Newey-West adjusted)
   Calmar:     2.10
   Win Rate:   53%  (31W / 28L)
   Avg Win:    $+7.32
   Avg Loss:   $-7.65
   PF:         1.06
   Trades:     1254
   Turnover:   $98,017  (19.6x capital)
   Costs:      $39.21  (0.8%)

   📈 Equity ($4985–$5060):
      $   5,003 |█████████░░░░░░░░░░░░░░░░░░░░░░░░░░░░░░░|
      $   5,011 |█████████████░░░░░░░░░░░░░░░░░░░░░░░░░░░|
      $   5,033 |█████████████████████████░░░░░░░░░░░░░░░|
      $   5,005 |██████████░░░░░░░░░░░░░░░░░░░░░░░░░░░░░░|
      $   5,020 |██████████████████░░░░░░░░░░░░░░░░░░░░░░|
      $   5,028 |██████████████████████░░░░░░░░░░░░░░░░░░|
      $   5,036 |███████████████████████████░░░░░░░░░░░░░|
      $   5,048 |█████████████████████████████████░░░░░░░|
      $   5,000 |███████░░░░░░░░░░░░░░░░░░░░░░░░░░░░░░░░░|
      $   5,013 |██████████████░░░░░░░░░░░░░░░░░░░░░░░░░░|

   Saved: /Users/a.s.tabakov/Developer/invest/trading_logs/fast_sim_equity.csv

======================================================================
   🟡 Marginal — keep monitoring
======================================================================

