======================================================================
  FAST SIMULATION
  30d | $5,000 | rebal=12h | N=10+10 | kelly=30% | cost=4bp/side
  leverage=1x | mode=boost+deriv-gate
======================================================================

📊 Fetching 1440h …
   (50000, 7), 50 symbols
🔧 Features …
   💾 Raw OHLCV saved: trading_logs/frozen_raw.parquet ((50000, 7))
      Date range: 2024-07-30 11:00:00+00:00 → 2026-03-11 18:00:00+00:00
      Per-symbol candles: {'min': 1000.0, 'max': 1000.0}
   Dropped 23 overlapping cols from build_features
   🔧 Enriching: targets, cross-asset, regime, 12h, sentiment, derivatives...
   🎯 Adding targets...
   🌐 Adding cross-asset features...
   🔰 Adding advanced regime features...
   🕐 Adding 12h-specific features (v7 enhanced)...
   ✅ Added ~18 features for 12h holding period (v7)
   📰 Adding sentiment features... (news_mode=all)
      FNG: 2018-02-01 → 2026-03-07, mean=14.2
      Funding: 41,477 non-zero rows (83.0%)
      LS ratio: 1,887 non-missing rows
      Synthetic positioning features...
      Loading news features (mode=all)...
      + coin-level news: 8 features
      + market-level news: 7 features
      📊 Coverage: 47,682/50,000 rows (95.4%)
      📰 Events: 24,245/47,682 covered rows (50.8%) have news
      🕳️  Holes: 2,318 rows = NaN (not 0!)
   ✅ Sentiment features added: 142 → 172 total
   📊 Adding derivatives features (Binance Futures)...
      Loaded metrics: 1,798,238 rows, 50 symbols, 2021-12-01 → 2026-03-09
      OI: 46,468 rows (92.9%), 9 features
      Taker: 46,471 rows (92.9%), 6 features
      Top L/S: 46,471 rows (92.9%), 5 features
      Global L/S: 3 features
      Binance funding: 46,616 rows (93.2%)
      Funding surprise: computed from OKX funding data
      Market-wide aggregates: 4 features
      Basis/Premium: 11,993 rows (24.0%), 6 features
      ⚠️  No liquidation data (run download_binance_futures.py)
   ✅ Derivatives features: +35 features
   Final: (50000, 217), 207 features
📡 Models …
   lgb_v6_no_news: 5 LGB models, 160 feats [PROD]
   lgb_v7_no_news: 5 LGB models, 150 feats [PROD]
   catboost: 5 CB models, 160 feats
   deriv_only (risk gate): 5 LGB models, 39 feats
   Meta-model: /Users/a.s.tabakov/Developer/invest/results/meta_stack/meta_model.pkl
   🏗️  Architecture: 3 groups (15 models) + deriv gate (5 models) + meta-ridge
   2026-02-09 19:00:00+00:00 → 2026-03-11 07:00:00+00:00  (60 steps, 12h apart)

📐 Calibrating edge distribution (P75 (for boost/adaptive)) ...
   P75 edge = 0.01405, P90 = 0.02040
   (1410 samples, 30 steps)

──────────────────────────────────────────────────────────────────────
      0/59 | $5,006.59 | DD   0.0% | L10 S10 | Δ20
      5/59 | $5,022.32 | DD   0.0% | L10 S10 | Δ22
     10/59 | $5,022.52 | DD  -0.2% | L10 S10 | Δ22
     15/59 | $5,060.94 | DD   0.0% | L10 S10 | Δ24
     20/59 | $5,036.25 | DD  -0.7% | L10 S10 | Δ20
     25/59 | $5,032.00 | DD  -0.8% | L10 S10 | Δ18
     30/59 | $5,049.77 | DD  -0.4% | L10 S10 | Δ26
     35/59 | $5,070.02 | DD  -0.0% | L10 S10 | Δ26
     40/59 | $5,084.72 | DD  -0.0% | L10 S10 | Δ28
     45/59 | $5,090.77 | DD  -0.0% | L10 S10 | Δ18
     50/59 | $5,110.19 | DD  -0.0% | L10 S10 | Δ24
     55/59 | $5,082.42 | DD  -0.5% | L10 S10 | Δ24
     58/59 | $5,061.81 | DD  -0.9% | L10 S10 | Δ18

======================================================================
  RESULTS — 30d, rebal=12h, N=10+10, lev=1x, mode=boost+deriv-gate+meta-ridge
======================================================================

   Start:      $5,000
   End:        $5,061.81
   Return:     +1.2%  (ann. ~+15%)
   Max DD:     -1.2%
   Sharpe:     +3.11
   Sharpe HAC: +2.85  (Newey-West adjusted)
   Calmar:     12.33
   Win Rate:   60%  (35W / 23L)
   Avg Win:    $+6.95
   Avg Loss:   $-7.88
   PF:         1.34
   Trades:     1316
   Turnover:   $90,038  (18.0x capital)
   Costs:      $36.02  (0.7%)
   Deriv gate: avg scale 0.84x (0.3–1.0)

   📈 Equity ($4994–$5110):
      $   5,007 |████░░░░░░░░░░░░░░░░░░░░░░░░░░░░░░░░░░░░|
      $   5,026 |██████████░░░░░░░░░░░░░░░░░░░░░░░░░░░░░░|
      $   5,056 |█████████████████████░░░░░░░░░░░░░░░░░░░|
      $   5,037 |██████████████░░░░░░░░░░░░░░░░░░░░░░░░░░|
      $   5,053 |████████████████████░░░░░░░░░░░░░░░░░░░░|
      $   5,070 |██████████████████████████░░░░░░░░░░░░░░|
      $   5,083 |██████████████████████████████░░░░░░░░░░|
      $   5,110 |████████████████████████████████████████|
      $   5,049 |███████████████████░░░░░░░░░░░░░░░░░░░░░|
      $   5,062 |███████████████████████░░░░░░░░░░░░░░░░░|

   Saved: /Users/a.s.tabakov/Developer/invest/trading_logs/fast_sim_equity.csv

======================================================================
   🟡 Marginal — keep monitoring
======================================================================

