======================================================================
  FAST SIMULATION
  30d | $5,000 | rebal=12h | N=10+10 | kelly=30% | cost=4bp/side
  leverage=3x | mode=boost+deriv-gate
======================================================================

📊 Fetching 1440h …
   (50000, 7), 50 symbols
🔧 Features …
   💾 Raw OHLCV saved: trading_logs/frozen_raw.parquet ((50000, 7))
      Date range: 2024-07-30 11:00:00+00:00 → 2026-03-11 18:00:00+00:00
      Per-symbol candles: {'min': 1000.0, 'max': 1000.0}
   Dropped 23 overlapping cols from build_features
   🔧 Enriching: targets, cross-asset, regime, 12h, sentiment, derivatives...
   🎯 Adding targets...
   🌐 Adding cross-asset features...
   🔰 Adding advanced regime features...
   🕐 Adding 12h-specific features (v7 enhanced)...
   ✅ Added ~18 features for 12h holding period (v7)
   📰 Adding sentiment features... (news_mode=all)
      FNG: 2018-02-01 → 2026-03-07, mean=14.2
      Funding: 41,446 non-zero rows (82.9%)
      LS ratio: 1,887 non-missing rows
      Synthetic positioning features...
      Loading news features (mode=all)...
      + coin-level news: 8 features
      + market-level news: 7 features
      📊 Coverage: 47,650/50,000 rows (95.3%)
      📰 Events: 24,222/47,650 covered rows (50.8%) have news
      🕳️  Holes: 2,350 rows = NaN (not 0!)
   ✅ Sentiment features added: 142 → 172 total
   📊 Adding derivatives features (Binance Futures)...
      Loaded metrics: 1,798,238 rows, 50 symbols, 2021-12-01 → 2026-03-09
      OI: 46,436 rows (92.9%), 9 features
      Taker: 46,439 rows (92.9%), 6 features
      Top L/S: 46,439 rows (92.9%), 5 features
      Global L/S: 3 features
      Binance funding: 46,584 rows (93.2%)
      Funding surprise: computed from OKX funding data
      Market-wide aggregates: 4 features
      Basis/Premium: 11,981 rows (24.0%), 6 features
      ⚠️  No liquidation data (run download_binance_futures.py)
   ✅ Derivatives features: +35 features
   Final: (50000, 217), 207 features
📡 Models …
   lgb_v6_no_news: 5 LGB models, 160 feats [PROD]
   lgb_v7_no_news: 5 LGB models, 150 feats [PROD]
   catboost: 5 CB models, 160 feats
   deriv_only (risk gate): 5 LGB models, 39 feats
   🏗️  Architecture: 3 groups (15 models) + deriv gate (5 models)
   2026-02-09 19:00:00+00:00 → 2026-03-11 07:00:00+00:00  (60 steps, 12h apart)

📐 Calibrating edge distribution (P75 (for boost/adaptive)) ...
   P75 edge = 0.02897, P90 = 0.04058
   (1410 samples, 30 steps)

──────────────────────────────────────────────────────────────────────
      0/59 | $5,025.58 | DD   0.0% | L10 S10 | Δ20
      5/59 | $5,072.82 | DD   0.0% | L10 S10 | Δ22
     10/59 | $5,063.25 | DD  -0.8% | L10 S10 | Δ20
     15/59 | $5,176.97 | DD   0.0% | L10 S10 | Δ26
     20/59 | $5,100.63 | DD  -2.0% | L10 S10 | Δ20
     25/59 | $5,089.52 | DD  -2.2% | L10 S10 | Δ20
     30/59 | $5,147.47 | DD  -1.1% | L10 S10 | Δ28
     35/59 | $5,191.96 | DD  -0.2% | L10 S10 | Δ26
     40/59 | $5,243.22 | DD  -0.0% | L10 S10 | Δ24
     45/59 | $5,267.43 | DD  -0.0% | L10 S10 | Δ18
     50/59 | $5,323.26 | DD   0.0% | L10 S10 | Δ22
     55/59 | $5,243.98 | DD  -1.5% | L10 S10 | Δ24
     58/59 | $5,171.25 | DD  -2.9% | L10 S10 | Δ18

======================================================================
  RESULTS — 30d, rebal=12h, N=10+10, lev=3x, mode=boost+deriv-gate
======================================================================

   Start:      $5,000
   End:        $5,171.25
   Return:     +3.4%  (ann. ~+42%)
   Max DD:     -3.6%
   Sharpe:     +2.74
   Sharpe HAC: +2.55  (Newey-West adjusted)
   Calmar:     11.51
   Win Rate:   59%  (35W / 24L)
   Avg Win:    $+21.06
   Avg Loss:   $-23.58
   PF:         1.30
   Trades:     1314
   Turnover:   $276,559  (55.3x capital)
   Costs:      $151.77  (3.0%)
   Deriv gate: avg scale 0.84x (0.3–1.0)
   Leverage:   3x
   Liq. level: -33% DD (approx)

   📈 Equity ($4986–$5323):
      $   5,026 |████░░░░░░░░░░░░░░░░░░░░░░░░░░░░░░░░░░░░|
      $   5,090 |████████████░░░░░░░░░░░░░░░░░░░░░░░░░░░░|
      $   5,162 |████████████████████░░░░░░░░░░░░░░░░░░░░|
      $   5,106 |██████████████░░░░░░░░░░░░░░░░░░░░░░░░░░|
      $   5,155 |████████████████████░░░░░░░░░░░░░░░░░░░░|
      $   5,192 |████████████████████████░░░░░░░░░░░░░░░░|
      $   5,238 |█████████████████████████████░░░░░░░░░░░|
      $   5,323 |███████████████████████████████████████░|
      $   5,135 |█████████████████░░░░░░░░░░░░░░░░░░░░░░░|
      $   5,171 |█████████████████████░░░░░░░░░░░░░░░░░░░|

   Saved: /Users/a.s.tabakov/Developer/invest/trading_logs/fast_sim_equity.csv

======================================================================
   🟢 PROFITABLE — go live
======================================================================

