======================================================================
  FAST SIMULATION
  600d | $5,000 | rebal=12h | N=10+10 | kelly=30% | cost=4bp/side
  leverage=3x | mode=baseline
======================================================================

📊 Loading offline data: trading_logs/frozen_features_wf.parquet
   (710142, 107), 50 symbols
   Date range: 2024-07-01 00:00:00+00:00 → 2026-03-07 15:00:00+00:00
   Enriching features (cross-asset, regime, 12h+v7, sentiment, derivatives)...
   🎯 Adding targets...
   🌐 Adding cross-asset features...
   🔰 Adding advanced regime features...
   🕐 Adding 12h-specific features (v7 enhanced)...
   ✅ Added ~18 features for 12h holding period (v7)
   📰 Adding sentiment features... (news_mode=all)
      FNG: 2018-02-01 → 2026-03-11, mean=48.5
      Funding: 96,393 non-zero rows (13.6%)
      LS ratio: 0 non-missing rows
      Synthetic positioning features...
      Loading news features (mode=all)...
      + coin-level news: 8 features
      + market-level news: 7 features
      📊 Coverage: 710,142/710,142 rows (100.0%)
      📰 Events: 327,500/710,142 covered rows (46.1%) have news
      🕳️  Holes: 0 rows = NaN (not 0!)
   ✅ Sentiment features added: 135 → 172 total
   📊 Adding derivatives features (Binance Futures)...
      Loaded metrics: 1,800,870 rows, 50 symbols, 2021-12-01 → 2026-03-12
      OI: 707,456 rows (99.6%), 9 features
      Taker: 707,807 rows (99.7%), 6 features
      Top L/S: 707,809 rows (99.7%), 5 features
      Global L/S: 3 features
      Binance funding: 700,128 rows (98.6%)
      Funding surprise: computed from OKX funding data
      Market-wide aggregates: 4 features
      Basis/Premium: 169,661 rows (23.9%), 6 features
      ⚠️  No liquidation data (run download_binance_futures.py)
   ✅ Derivatives features: +35 features
   🧬 Adding news interaction features...
   ✅ Added 23 news interaction features
   ⚠️  offline mode: some features may be zero-filled by models
   Final: (710142, 248), 230 features
📡 Models …
   lgb_v6_no_news: 5 LGB models, 160 feats [PROD]
   lgb_v7_no_news: 5 LGB models, 150 feats [PROD]
   catboost: 5 CB models, 160 feats
   deriv_only: found but --no-deriv-gate, skipping
   🏗️  Architecture: 3 groups (15 models)
   2025-09-13 04:00:00+00:00 → 2025-12-11 16:00:00+00:00  (180 steps, 12h apart)

──────────────────────────────────────────────────────────────────────
      0/179 | $4,994.42 | DD  -0.1% | L10 S10 | Δ20
      5/179 | $5,011.97 | DD  -0.5% | L10 S10 | Δ28
     10/179 | $4,874.77 | DD  -3.2% | L10 S10 | Δ14
     15/179 | $4,859.07 | DD  -3.5% | L10 S10 | Δ18
     20/179 | $4,830.67 | DD  -4.1% | L10 S10 | Δ22
     25/179 | $4,836.40 | DD  -3.9% | L10 S10 | Δ22
     30/179 | $4,835.49 | DD  -4.0% | L10 S10 | Δ24
     35/179 | $4,890.60 | DD  -2.9% | L10 S10 | Δ24
     40/179 | $4,857.22 | DD  -3.5% | L10 S10 | Δ20
     45/179 | $4,867.68 | DD  -3.3% | L10 S10 | Δ14
     50/179 | $4,898.11 | DD  -2.7% | L10 S10 | Δ28
     55/179 | $5,013.05 | DD  -0.4% | L10 S10 | Δ22
     60/179 | $5,002.64 | DD  -0.6% | L10 S10 | Δ18
     65/179 | $5,035.17 | DD  -0.0% | L10 S10 | Δ26
     70/179 | $5,019.60 | DD  -0.4% | L10 S10 | Δ22
     75/179 | $4,968.80 | DD  -1.4% | L10 S10 | Δ26
     80/179 | $5,058.77 | DD  -0.0% | L10 S10 | Δ20
     85/179 | $5,065.38 | DD  -0.2% | L10 S10 | Δ24
     90/179 | $5,099.84 | DD   0.0% | L10 S10 | Δ24
     95/179 | $5,099.80 | DD  -0.3% | L10 S10 | Δ18
    100/179 | $5,071.06 | DD  -0.9% | L10 S10 | Δ20
    105/179 | $5,055.57 | DD  -1.2% | L10 S10 | Δ18
    110/179 | $4,736.13 | DD  -7.4% | L10 S10 | Δ20
    115/179 | $4,862.16 | DD  -4.9% | L10 S10 | Δ32
    120/179 | $5,022.61 | DD  -1.8% | L10 S10 | Δ14
    125/179 | $5,008.05 | DD  -2.1% | L10 S10 | Δ32
    130/179 | $5,095.40 | DD  -0.4% | L10 S10 | Δ26
    135/179 | $5,115.94 | DD  -0.0% | L10 S10 | Δ26
    140/179 | $5,190.44 | DD   0.0% | L10 S10 | Δ24
    145/179 | $5,211.94 | DD  -0.2% | L10 S10 | Δ18
    150/179 | $5,195.08 | DD  -0.5% | L10 S10 | Δ22
    155/179 | $5,159.05 | DD  -1.2% | L10 S10 | Δ26
    160/179 | $5,138.83 | DD  -1.6% | L10 S10 | Δ30
    165/179 | $5,132.98 | DD  -1.7% | L10 S10 | Δ22
    170/179 | $5,156.76 | DD  -1.3% | L10 S10 | Δ18
    175/179 | $5,184.29 | DD  -0.7% | L10 S10 | Δ24
    178/179 | $5,222.57 | DD  -0.3% | L10 S10 | Δ32

======================================================================
  RESULTS — 600d, rebal=12h, N=10+10, lev=3x, mode=baseline
======================================================================

   Start:      $5,000
   End:        $5,222.57
   Return:     +4.5%  (ann. ~+3%)
   Max DD:     -7.5%
   Sharpe:     +1.16
   Sharpe HAC: +1.10  (Newey-West adjusted)
   Calmar:     0.36
   Win Rate:   54%  (96W / 83L)
   Avg Win:    $+18.32
   Avg Loss:   $-18.51
   PF:         1.14
   Trades:     3832
   Turnover:   $869,629  (173.9x capital)
   Costs:      $469.03  (9.4%)
   Leverage:   3x
   Liq. level: -33% DD (approx)

   📈 Equity ($4730–$5239):
      $   4,994 |████████████████████░░░░░░░░░░░░░░░░░░░░|
      $   4,835 |████████░░░░░░░░░░░░░░░░░░░░░░░░░░░░░░░░|
      $   4,844 |████████░░░░░░░░░░░░░░░░░░░░░░░░░░░░░░░░|
      $   4,990 |████████████████████░░░░░░░░░░░░░░░░░░░░|
      $   5,068 |██████████████████████████░░░░░░░░░░░░░░|
      $   5,056 |█████████████████████████░░░░░░░░░░░░░░░|
      $   5,007 |█████████████████████░░░░░░░░░░░░░░░░░░░|
      $   5,221 |██████████████████████████████████████░░|
      $   5,126 |███████████████████████████████░░░░░░░░░|
      $   5,239 |████████████████████████████████████████|

   Saved: /Users/a.s.tabakov/Developer/invest/trading_logs/fast_sim_equity.csv

======================================================================
   🟢 PROFITABLE — go live
======================================================================

