======================================================================
  FAST SIMULATION
  600d | $5,000 | rebal=12h | N=10+10 | kelly=30% | cost=4bp/side
  leverage=3x | mode=baseline
======================================================================

📊 Loading offline data: trading_logs/frozen_features_wf.parquet
   (710142, 107), 50 symbols
   Date range: 2024-07-01 00:00:00+00:00 → 2026-03-07 15:00:00+00:00
   Enriching features (cross-asset, regime, 12h+v7, sentiment, derivatives)...
   🎯 Adding targets...
   🌐 Adding cross-asset features...
   🔰 Adding advanced regime features...
   🕐 Adding 12h-specific features (v7 enhanced)...
   ✅ Added ~18 features for 12h holding period (v7)
   📰 Adding sentiment features... (news_mode=all)
      FNG: 2018-02-01 → 2026-03-11, mean=48.5
      Funding: 96,393 non-zero rows (13.6%)
      LS ratio: 0 non-missing rows
      Synthetic positioning features...
      Loading news features (mode=all)...
      + coin-level news: 8 features
      + market-level news: 7 features
      📊 Coverage: 710,142/710,142 rows (100.0%)
      📰 Events: 327,500/710,142 covered rows (46.1%) have news
      🕳️  Holes: 0 rows = NaN (not 0!)
   ✅ Sentiment features added: 135 → 172 total
   📊 Adding derivatives features (Binance Futures)...
      Loaded metrics: 1,800,870 rows, 50 symbols, 2021-12-01 → 2026-03-12
      OI: 707,456 rows (99.6%), 9 features
      Taker: 707,807 rows (99.7%), 6 features
      Top L/S: 707,809 rows (99.7%), 5 features
      Global L/S: 3 features
      Binance funding: 700,128 rows (98.6%)
      Funding surprise: computed from OKX funding data
      Market-wide aggregates: 4 features
      Basis/Premium: 169,661 rows (23.9%), 6 features
      ⚠️  No liquidation data (run download_binance_futures.py)
   ✅ Derivatives features: +35 features
   🧬 Adding news interaction features...
   ✅ Added 23 news interaction features
   ⚠️  offline mode: some features may be zero-filled by models
   Final: (710142, 248), 230 features
📡 Models …
   lgb_v6_no_news: 5 LGB models, 160 feats [PROD]
   lgb_v7_no_news: 5 LGB models, 150 feats [PROD]
   catboost: 5 CB models, 160 feats
   deriv_only: found but --no-deriv-gate, skipping
   🏗️  Architecture: 3 groups (15 models)
   2024-12-17 04:00:00+00:00 → 2025-03-16 16:00:00+00:00  (180 steps, 12h apart)

──────────────────────────────────────────────────────────────────────
      0/179 | $4,997.67 | DD  -0.0% | L10 S10 | Δ20
      5/179 | $5,037.16 | DD  -0.2% | L10 S10 | Δ24
     10/179 | $5,105.77 | DD   0.0% | L10 S10 | Δ18
     15/179 | $5,060.96 | DD  -0.9% | L10 S10 | Δ22
     20/179 | $5,097.22 | DD  -0.2% | L10 S10 | Δ28
     25/179 | $5,106.56 | DD   0.0% | L10 S10 | Δ26
     30/179 | $5,128.15 | DD  -0.6% | L10 S10 | Δ16
     35/179 | $5,104.62 | DD  -1.0% | L10 S10 | Δ18
     40/179 | $5,133.92 | DD  -0.5% | L10 S10 | Δ22
     45/179 | $5,176.95 | DD  -0.2% | L10 S10 | Δ20
     50/179 | $5,193.55 | DD  -0.6% | L10 S10 | Δ20
     55/179 | $5,213.50 | DD  -0.2% | L10 S10 | Δ16
     60/179 | $5,081.34 | DD  -2.7% | L10 S10 | Δ18
     65/179 | $5,164.70 | DD  -1.1% | L10 S10 | Δ20
     70/179 | $5,205.79 | DD  -0.4% | L10 S10 | Δ18
     75/179 | $5,283.42 | DD  -0.3% | L10 S10 | Δ24
     80/179 | $5,291.13 | DD  -0.1% | L10 S10 | Δ24
     85/179 | $5,407.80 | DD  -0.1% | L10 S10 | Δ20
     90/179 | $5,343.16 | DD  -1.5% | L10 S10 | Δ16
     95/179 | $5,317.11 | DD  -2.0% | L10 S10 | Δ20
    100/179 | $5,504.24 | DD  -0.4% | L10 S10 | Δ22
    105/179 | $5,632.65 | DD   0.0% | L10 S10 | Δ26
    110/179 | $5,680.20 | DD   0.0% | L10 S10 | Δ18
    115/179 | $5,656.40 | DD  -0.4% | L10 S10 | Δ26
    120/179 | $5,720.16 | DD   0.0% | L10 S10 | Δ16
    125/179 | $5,826.33 | DD   0.0% | L10 S10 | Δ20
    130/179 | $5,897.41 | DD   0.0% | L10 S10 | Δ18
    135/179 | $5,923.12 | DD   0.0% | L10 S10 | Δ20
    140/179 | $5,923.87 | DD   0.0% | L10 S10 | Δ24
    145/179 | $5,882.99 | DD  -1.0% | L10 S10 | Δ18
    150/179 | $5,877.42 | DD  -1.3% | L10 S10 | Δ26
    155/179 | $6,012.82 | DD  -0.2% | L10 S10 | Δ20
    160/179 | $6,136.21 | DD   0.0% | L10 S10 | Δ20
    165/179 | $6,270.27 | DD   0.0% | L10 S10 | Δ28
    170/179 | $6,405.09 | DD   0.0% | L10 S10 | Δ24
    175/179 | $6,387.21 | DD  -0.9% | L10 S10 | Δ22
    178/179 | $6,432.67 | DD  -0.2% | L10 S10 | Δ18

======================================================================
  RESULTS — 600d, rebal=12h, N=10+10, lev=3x, mode=baseline
======================================================================

   Start:      $5,000
   End:        $6,432.67
   Return:     +28.7%  (ann. ~+17%)
   Max DD:     -3.1%
   Sharpe:     +7.28
   Sharpe HAC: +8.11  (Newey-West adjusted)
   Calmar:     5.64
   Win Rate:   65%  (116W / 63L)
   Avg Win:    $+23.53
   Avg Loss:   $-20.59
   PF:         2.10
   Trades:     3698
   Turnover:   $924,322  (184.9x capital)
   Costs:      $502.93  (10.1%)
   Leverage:   3x
   Liq. level: -33% DD (approx)

   📈 Equity ($4998–$6422):
      $   4,998 |░░░░░░░░░░░░░░░░░░░░░░░░░░░░░░░░░░░░░░░░|
      $   5,079 |██░░░░░░░░░░░░░░░░░░░░░░░░░░░░░░░░░░░░░░|
      $   5,186 |█████░░░░░░░░░░░░░░░░░░░░░░░░░░░░░░░░░░░|
      $   5,148 |████░░░░░░░░░░░░░░░░░░░░░░░░░░░░░░░░░░░░|
      $   5,411 |███████████░░░░░░░░░░░░░░░░░░░░░░░░░░░░░|
      $   5,633 |█████████████████░░░░░░░░░░░░░░░░░░░░░░░|
      $   5,803 |██████████████████████░░░░░░░░░░░░░░░░░░|
      $   5,923 |█████████████████████████░░░░░░░░░░░░░░░|
      $   6,383 |██████████████████████████████████████░░|
      $   6,409 |███████████████████████████████████████░|

   Saved: /Users/a.s.tabakov/Developer/invest/trading_logs/fast_sim_equity.csv

======================================================================
   🟢 PROFITABLE — go live
======================================================================

