======================================================================
  FAST SIMULATION
  600d | $5,000 | rebal=12h | N=10+10 | kelly=30% | cost=4bp/side
  leverage=3x | mode=baseline
======================================================================

📊 Loading offline data: trading_logs/frozen_features_wf.parquet
   (710142, 107), 50 symbols
   Date range: 2024-07-01 00:00:00+00:00 → 2026-03-07 15:00:00+00:00
   Enriching features (cross-asset, regime, 12h+v7, sentiment, derivatives)...
   🎯 Adding targets...
   🌐 Adding cross-asset features...
   🔰 Adding advanced regime features...
   🕐 Adding 12h-specific features (v7 enhanced)...
   ✅ Added ~18 features for 12h holding period (v7)
   📰 Adding sentiment features... (news_mode=all)
      FNG: 2018-02-01 → 2026-03-11, mean=48.5
      Funding: 96,393 non-zero rows (13.6%)
      LS ratio: 0 non-missing rows
      Synthetic positioning features...
      Loading news features (mode=all)...
      + coin-level news: 8 features
      + market-level news: 7 features
      📊 Coverage: 710,142/710,142 rows (100.0%)
      📰 Events: 327,500/710,142 covered rows (46.1%) have news
      🕳️  Holes: 0 rows = NaN (not 0!)
   ✅ Sentiment features added: 135 → 172 total
   📊 Adding derivatives features (Binance Futures)...
      Loaded metrics: 1,800,870 rows, 50 symbols, 2021-12-01 → 2026-03-12
      OI: 707,456 rows (99.6%), 9 features
      Taker: 707,807 rows (99.7%), 6 features
      Top L/S: 707,809 rows (99.7%), 5 features
      Global L/S: 3 features
      Binance funding: 700,128 rows (98.6%)
      Funding surprise: computed from OKX funding data
      Market-wide aggregates: 4 features
      Basis/Premium: 169,661 rows (23.9%), 6 features
      ⚠️  No liquidation data (run download_binance_futures.py)
   ✅ Derivatives features: +35 features
   🧬 Adding news interaction features...
   ✅ Added 23 news interaction features
   ⚠️  offline mode: some features may be zero-filled by models
   Final: (710142, 248), 230 features
📡 Models …
   lgb_v6_no_news: 5 LGB models, 160 feats [PROD]
   lgb_v7_no_news: 5 LGB models, 150 feats [PROD]
   catboost: 5 CB models, 160 feats
   deriv_only: found but --no-deriv-gate, skipping
   🏗️  Architecture: 3 groups (15 models)
   2025-12-12 04:00:00+00:00 → 2026-03-07 04:00:00+00:00  (171 steps, 12h apart)

──────────────────────────────────────────────────────────────────────
      0/170 | $5,017.20 | DD   0.0% | L10 S10 | Δ20
      5/170 | $5,008.32 | DD  -0.4% | L10 S10 | Δ26
     10/170 | $5,043.23 | DD   0.0% | L10 S10 | Δ24
     15/170 | $5,084.43 | DD   0.0% | L10 S10 | Δ20
     20/170 | $5,069.96 | DD  -0.5% | L10 S10 | Δ22
     25/170 | $5,051.20 | DD  -0.8% | L10 S10 | Δ22
     30/170 | $4,927.16 | DD  -3.3% | L10 S10 | Δ22
     35/170 | $4,921.33 | DD  -3.4% | L10 S10 | Δ22
     40/170 | $4,904.27 | DD  -3.7% | L10 S10 | Δ24
     45/170 | $4,887.12 | DD  -4.1% | L10 S10 | Δ14
     50/170 | $4,890.56 | DD  -4.0% | L10 S10 | Δ18
     55/170 | $4,918.73 | DD  -3.4% | L10 S10 | Δ24
     60/170 | $4,922.20 | DD  -3.4% | L10 S10 | Δ20
     65/170 | $4,936.20 | DD  -3.1% | L10 S10 | Δ20
     70/170 | $4,872.92 | DD  -4.3% | L10 S10 | Δ18
     75/170 | $4,736.11 | DD  -7.0% | L10 S10 | Δ16
     80/170 | $4,699.38 | DD  -7.7% | L10 S10 | Δ26
     85/170 | $4,697.01 | DD  -7.8% | L10 S10 | Δ14
     90/170 | $4,730.97 | DD  -7.1% | L10 S10 | Δ30
     95/170 | $4,791.01 | DD  -5.9% | L10 S10 | Δ26
    100/170 | $4,786.00 | DD  -6.0% | L10 S10 | Δ26
    105/170 | $4,777.77 | DD  -6.2% | L10 S10 | Δ30
    110/170 | $4,787.45 | DD  -6.0% | L10 S10 | Δ26
    115/170 | $4,847.21 | DD  -4.8% | L10 S10 | Δ22
    120/170 | $4,817.25 | DD  -5.4% | L10 S10 | Δ22
    125/170 | $4,841.27 | DD  -5.0% | L10 S10 | Δ12
    130/170 | $4,784.68 | DD  -6.1% | L10 S10 | Δ20
    135/170 | $4,855.67 | DD  -4.7% | L10 S10 | Δ14
    140/170 | $4,882.85 | DD  -4.1% | L10 S10 | Δ26
    145/170 | $4,852.87 | DD  -4.7% | L10 S10 | Δ18
    150/170 | $4,901.71 | DD  -3.8% | L10 S10 | Δ18
    155/170 | $4,919.49 | DD  -3.4% | L10 S10 | Δ20
    160/170 | $4,915.43 | DD  -3.5% | L10 S10 | Δ24
    165/170 | $4,978.92 | DD  -2.3% | L10 S10 | Δ24
    169/170 | $5,011.27 | DD  -1.6% | L10 S10 | Δ32

======================================================================
  RESULTS — 600d, rebal=12h, N=10+10, lev=3x, mode=baseline
======================================================================

   Start:      $5,000
   End:        $5,011.27
   Return:     +0.2%  (ann. ~+0%)
   Max DD:     -9.0%
   Sharpe:     +0.06
   Sharpe HAC: +0.07  (Newey-West adjusted)
   Calmar:     0.02
   Win Rate:   55%  (93W / 76L)
   Avg Win:    $+17.53
   Avg Loss:   $-21.30
   PF:         1.01
   Trades:     3608
   Turnover:   $796,380  (159.3x capital)
   Costs:      $430.59  (8.6%)
   Leverage:   3x
   Liq. level: -33% DD (approx)

   📈 Equity ($4652–$5084):
      $   5,017 |█████████████████████████████████░░░░░░░|
      $   5,081 |███████████████████████████████████████░|
      $   4,914 |████████████████████████░░░░░░░░░░░░░░░░|
      $   4,974 |█████████████████████████████░░░░░░░░░░░|
      $   4,658 |░░░░░░░░░░░░░░░░░░░░░░░░░░░░░░░░░░░░░░░░|
      $   4,778 |███████████░░░░░░░░░░░░░░░░░░░░░░░░░░░░░|
      $   4,812 |██████████████░░░░░░░░░░░░░░░░░░░░░░░░░░|
      $   4,874 |████████████████████░░░░░░░░░░░░░░░░░░░░|
      $   4,998 |███████████████████████████████░░░░░░░░░|

   Saved: /Users/a.s.tabakov/Developer/invest/trading_logs/fast_sim_equity.csv

======================================================================
   🟡 Marginal — keep monitoring
======================================================================

