======================================================================
  FAST SIMULATION
  600d | $5,000 | rebal=12h | N=10+10 | kelly=30% | cost=4bp/side
  leverage=3x | mode=baseline
======================================================================

📊 Loading offline data: trading_logs/frozen_features_wf.parquet
   (710142, 107), 50 symbols
   Date range: 2024-07-01 00:00:00+00:00 → 2026-03-07 15:00:00+00:00
   Enriching features (cross-asset, regime, 12h+v7, sentiment, derivatives)...
   🎯 Adding targets...
   🌐 Adding cross-asset features...
   🔰 Adding advanced regime features...
   🕐 Adding 12h-specific features (v7 enhanced)...
   ✅ Added ~18 features for 12h holding period (v7)
   📰 Adding sentiment features... (news_mode=all)
      FNG: 2018-02-01 → 2026-03-11, mean=48.5
      Funding: 96,393 non-zero rows (13.6%)
      LS ratio: 0 non-missing rows
      Synthetic positioning features...
      Loading news features (mode=all)...
      + coin-level news: 8 features
      + market-level news: 7 features
      📊 Coverage: 710,142/710,142 rows (100.0%)
      📰 Events: 327,500/710,142 covered rows (46.1%) have news
      🕳️  Holes: 0 rows = NaN (not 0!)
   ✅ Sentiment features added: 135 → 172 total
   📊 Adding derivatives features (Binance Futures)...
      Loaded metrics: 1,800,870 rows, 50 symbols, 2021-12-01 → 2026-03-12
      OI: 707,456 rows (99.6%), 9 features
      Taker: 707,807 rows (99.7%), 6 features
      Top L/S: 707,809 rows (99.7%), 5 features
      Global L/S: 3 features
      Binance funding: 700,128 rows (98.6%)
      Funding surprise: computed from OKX funding data
      Market-wide aggregates: 4 features
      Basis/Premium: 169,661 rows (23.9%), 6 features
      ⚠️  No liquidation data (run download_binance_futures.py)
   ✅ Derivatives features: +35 features
   🧬 Adding news interaction features...
   ✅ Added 23 news interaction features
   ⚠️  offline mode: some features may be zero-filled by models
   Final: (710142, 248), 230 features
📡 Models …
   lgb_v6_no_news: 5 LGB models, 160 feats [PROD]
   lgb_v7_no_news: 5 LGB models, 150 feats [PROD]
   catboost: 5 CB models, 160 feats
   deriv_only: found but --no-deriv-gate, skipping
   🏗️  Architecture: 3 groups (15 models)
   2025-03-17 04:00:00+00:00 → 2025-06-14 16:00:00+00:00  (180 steps, 12h apart)

──────────────────────────────────────────────────────────────────────
      0/179 | $4,983.34 | DD  -0.3% | L10 S10 | Δ20
      5/179 | $5,113.75 | DD   0.0% | L10 S10 | Δ28
     10/179 | $5,094.40 | DD  -0.5% | L10 S10 | Δ22
     15/179 | $5,089.31 | DD  -0.6% | L10 S10 | Δ12
     20/179 | $5,014.79 | DD  -2.0% | L10 S10 | Δ16
     25/179 | $5,066.56 | DD  -1.0% | L10 S10 | Δ24
     30/179 | $5,071.54 | DD  -0.9% | L10 S10 | Δ28
     35/179 | $5,106.54 | DD  -0.2% | L10 S10 | Δ26
     40/179 | $5,144.25 | DD   0.0% | L10 S10 | Δ24
     45/179 | $5,191.96 | DD   0.0% | L10 S10 | Δ30
     50/179 | $5,145.10 | DD  -1.1% | L10 S10 | Δ22
     55/179 | $5,160.53 | DD  -0.8% | L10 S10 | Δ22
     60/179 | $5,251.23 | DD   0.0% | L10 S10 | Δ24
     65/179 | $5,245.15 | DD  -0.5% | L10 S10 | Δ26
     70/179 | $5,268.80 | DD  -0.0% | L10 S10 | Δ20
     75/179 | $5,190.33 | DD  -1.8% | L10 S10 | Δ14
     80/179 | $5,249.40 | DD  -0.7% | L10 S10 | Δ18
     85/179 | $5,263.68 | DD  -0.4% | L10 S10 | Δ20
     90/179 | $5,267.26 | DD  -0.7% | L10 S10 | Δ24
     95/179 | $5,243.96 | DD  -1.1% | L10 S10 | Δ20
    100/179 | $5,329.11 | DD   0.0% | L10 S10 | Δ14
    105/179 | $5,272.68 | DD  -1.2% | L10 S10 | Δ16
    110/179 | $5,276.19 | DD  -1.1% | L10 S10 | Δ18
    115/179 | $5,341.50 | DD  -0.7% | L10 S10 | Δ24
    120/179 | $5,452.91 | DD   0.0% | L10 S10 | Δ16
    125/179 | $5,525.85 | DD   0.0% | L10 S10 | Δ20
    130/179 | $5,597.09 | DD  -0.2% | L10 S10 | Δ22
    135/179 | $5,587.82 | DD  -0.3% | L10 S10 | Δ18
    140/179 | $5,647.55 | DD   0.0% | L10 S10 | Δ24
    145/179 | $5,581.67 | DD  -1.2% | L10 S10 | Δ22
    150/179 | $5,714.05 | DD   0.0% | L10 S10 | Δ18
    155/179 | $5,792.52 | DD   0.0% | L10 S10 | Δ26
    160/179 | $5,780.96 | DD  -0.2% | L10 S10 | Δ26
    165/179 | $5,760.71 | DD  -0.5% | L10 S10 | Δ14
    170/179 | $5,608.01 | DD  -3.2% | L10 S10 | Δ14
    175/179 | $5,759.93 | DD  -0.6% | L10 S10 | Δ24
    178/179 | $5,799.10 | DD   0.0% | L10 S10 | Δ22

======================================================================
  RESULTS — 600d, rebal=12h, N=10+10, lev=3x, mode=baseline
======================================================================

   Start:      $5,000
   End:        $5,799.10
   Return:     +16.0%  (ann. ~+10%)
   Max DD:     -3.2%
   Sharpe:     +4.58
   Sharpe HAC: +4.76  (Newey-West adjusted)
   Calmar:     3.05
   Win Rate:   62%  (111W / 68L)
   Avg Win:    $+19.51
   Avg Loss:   $-20.10
   PF:         1.58
   Trades:     3722
   Turnover:   $898,254  (179.7x capital)
   Costs:      $488.36  (9.8%)
   Leverage:   3x
   Liq. level: -33% DD (approx)

   📈 Equity ($4983–$5784):
      $   4,983 |░░░░░░░░░░░░░░░░░░░░░░░░░░░░░░░░░░░░░░░░|
      $   5,037 |██░░░░░░░░░░░░░░░░░░░░░░░░░░░░░░░░░░░░░░|
      $   5,160 |████████░░░░░░░░░░░░░░░░░░░░░░░░░░░░░░░░|
      $   5,255 |█████████████░░░░░░░░░░░░░░░░░░░░░░░░░░░|
      $   5,266 |██████████████░░░░░░░░░░░░░░░░░░░░░░░░░░|
      $   5,273 |██████████████░░░░░░░░░░░░░░░░░░░░░░░░░░|
      $   5,547 |████████████████████████████░░░░░░░░░░░░|
      $   5,652 |█████████████████████████████████░░░░░░░|
      $   5,770 |███████████████████████████████████████░|
      $   5,760 |██████████████████████████████████████░░|

   Saved: /Users/a.s.tabakov/Developer/invest/trading_logs/fast_sim_equity.csv

======================================================================
   🟢 PROFITABLE — go live
======================================================================

