======================================================================
  FAST SIMULATION
  600d | $5,000 | rebal=12h | N=10+10 | kelly=30% | cost=4bp/side
  leverage=3x | mode=baseline
======================================================================

📊 Loading offline data: trading_logs/frozen_features_wf.parquet
   (710142, 107), 50 symbols
   Date range: 2024-07-01 00:00:00+00:00 → 2026-03-07 15:00:00+00:00
   Enriching features (cross-asset, regime, 12h+v7, sentiment, derivatives)...
   🎯 Adding targets...
   🌐 Adding cross-asset features...
   🔰 Adding advanced regime features...
   🕐 Adding 12h-specific features (v7 enhanced)...
   ✅ Added ~18 features for 12h holding period (v7)
   📰 Adding sentiment features... (news_mode=all)
      FNG: 2018-02-01 → 2026-03-11, mean=48.5
      Funding: 96,393 non-zero rows (13.6%)
      LS ratio: 0 non-missing rows
      Synthetic positioning features...
      Loading news features (mode=all)...
      + coin-level news: 8 features
      + market-level news: 7 features
      📊 Coverage: 710,142/710,142 rows (100.0%)
      📰 Events: 327,500/710,142 covered rows (46.1%) have news
      🕳️  Holes: 0 rows = NaN (not 0!)
   ✅ Sentiment features added: 135 → 172 total
   📊 Adding derivatives features (Binance Futures)...
      Loaded metrics: 1,800,870 rows, 50 symbols, 2021-12-01 → 2026-03-12
      OI: 707,456 rows (99.6%), 9 features
      Taker: 707,807 rows (99.7%), 6 features
      Top L/S: 707,809 rows (99.7%), 5 features
      Global L/S: 3 features
      Binance funding: 700,128 rows (98.6%)
      Funding surprise: computed from OKX funding data
      Market-wide aggregates: 4 features
      Basis/Premium: 169,661 rows (23.9%), 6 features
      ⚠️  No liquidation data (run download_binance_futures.py)
   ✅ Derivatives features: +35 features
   🧬 Adding news interaction features...
   ✅ Added 23 news interaction features
   ⚠️  offline mode: some features may be zero-filled by models
   Final: (710142, 248), 230 features
📡 Models …
   lgb_v6_no_news: 5 LGB models, 160 feats [PROD]
   lgb_v7_no_news: 5 LGB models, 150 feats [PROD]
   catboost: 5 CB models, 160 feats
   deriv_only: found but --no-deriv-gate, skipping
   🏗️  Architecture: 3 groups (15 models)
   2025-06-15 04:00:00+00:00 → 2025-09-12 16:00:00+00:00  (180 steps, 12h apart)

──────────────────────────────────────────────────────────────────────
      0/179 | $5,008.07 | DD   0.0% | L10 S10 | Δ20
      5/179 | $5,092.05 | DD   0.0% | L10 S10 | Δ24
     10/179 | $5,074.93 | DD  -0.6% | L10 S10 | Δ20
     15/179 | $5,136.48 | DD   0.0% | L10 S10 | Δ20
     20/179 | $5,132.18 | DD  -0.1% | L10 S10 | Δ20
     25/179 | $5,164.76 | DD   0.0% | L10 S10 | Δ18
     30/179 | $5,139.89 | DD  -0.5% | L10 S10 | Δ16
     35/179 | $5,213.60 | DD   0.0% | L10 S10 | Δ22
     40/179 | $5,267.94 | DD   0.0% | L10 S10 | Δ20
     45/179 | $5,285.52 | DD   0.0% | L10 S10 | Δ32
     50/179 | $5,220.99 | DD  -1.2% | L10 S10 | Δ16
     55/179 | $5,201.04 | DD  -1.6% | L10 S10 | Δ18
     60/179 | $5,112.18 | DD  -3.3% | L10 S10 | Δ22
     65/179 | $5,033.37 | DD  -4.8% | L10 S10 | Δ16
     70/179 | $4,921.93 | DD  -6.9% | L10 S10 | Δ18
     75/179 | $5,011.86 | DD  -5.2% | L10 S10 | Δ22
     80/179 | $5,009.60 | DD  -5.2% | L10 S10 | Δ16
     85/179 | $4,988.25 | DD  -5.6% | L10 S10 | Δ12
     90/179 | $5,039.46 | DD  -4.7% | L10 S10 | Δ24
     95/179 | $5,129.75 | DD  -2.9% | L10 S10 | Δ26
    100/179 | $5,137.73 | DD  -2.8% | L10 S10 | Δ22
    105/179 | $5,199.53 | DD  -1.6% | L10 S10 | Δ32
    110/179 | $5,136.94 | DD  -2.8% | L10 S10 | Δ12
    115/179 | $5,131.38 | DD  -2.9% | L10 S10 | Δ18
    120/179 | $5,102.49 | DD  -3.5% | L10 S10 | Δ14
    125/179 | $5,104.88 | DD  -3.4% | L10 S10 | Δ18
    130/179 | $5,116.19 | DD  -3.2% | L10 S10 | Δ20
    135/179 | $5,126.72 | DD  -3.0% | L10 S10 | Δ22
    140/179 | $5,093.82 | DD  -3.6% | L10 S10 | Δ18
    145/179 | $5,141.98 | DD  -2.7% | L10 S10 | Δ30
    150/179 | $5,186.11 | DD  -1.9% | L10 S10 | Δ22
    155/179 | $5,217.06 | DD  -1.3% | L10 S10 | Δ16
    160/179 | $5,201.79 | DD  -1.6% | L10 S10 | Δ18
    165/179 | $5,210.49 | DD  -1.4% | L10 S10 | Δ22
    170/179 | $5,191.23 | DD  -1.8% | L10 S10 | Δ12
    175/179 | $5,154.34 | DD  -2.5% | L10 S10 | Δ18
    178/179 | $5,137.18 | DD  -2.8% | L10 S10 | Δ22

======================================================================
  RESULTS — 600d, rebal=12h, N=10+10, lev=3x, mode=baseline
======================================================================

   Start:      $5,000
   End:        $5,137.18
   Return:     +2.7%  (ann. ~+2%)
   Max DD:     -6.9%
   Sharpe:     +0.91
   Sharpe HAC: +0.94  (Newey-West adjusted)
   Calmar:     0.24
   Win Rate:   53%  (95W / 83L)
   Avg Win:    $+16.72
   Avg Loss:   $-17.48
   PF:         1.09
   Trades:     3540
   Turnover:   $822,433  (164.5x capital)
   Costs:      $452.92  (9.1%)
   Leverage:   3x
   Liq. level: -33% DD (approx)

   📈 Equity ($4929–$5286):
      $   5,008 |████████░░░░░░░░░░░░░░░░░░░░░░░░░░░░░░░░|
      $   5,132 |██████████████████████░░░░░░░░░░░░░░░░░░|
      $   5,263 |█████████████████████████████████████░░░|
      $   5,110 |████████████████████░░░░░░░░░░░░░░░░░░░░|
      $   4,990 |██████░░░░░░░░░░░░░░░░░░░░░░░░░░░░░░░░░░|
      $   5,200 |██████████████████████████████░░░░░░░░░░|
      $   5,073 |████████████████░░░░░░░░░░░░░░░░░░░░░░░░|
      $   5,163 |██████████████████████████░░░░░░░░░░░░░░|
      $   5,213 |███████████████████████████████░░░░░░░░░|
      $   5,143 |████████████████████████░░░░░░░░░░░░░░░░|

   Saved: /Users/a.s.tabakov/Developer/invest/trading_logs/fast_sim_equity.csv

======================================================================
   🟢 PROFITABLE — go live
======================================================================

