======================================================================
  FAST SIMULATION
  600d | $5,000 | rebal=12h | N=10+10 | kelly=30% | cost=4bp/side
  leverage=3x | mode=deriv-gate
======================================================================

📊 Loading offline data: trading_logs/frozen_features_wf.parquet
   (710142, 107), 50 symbols
   Date range: 2024-07-01 00:00:00+00:00 → 2026-03-07 15:00:00+00:00
   Enriching features (cross-asset, regime, 12h+v7, sentiment, derivatives)...
   🎯 Adding targets...
   🌐 Adding cross-asset features...
   🔰 Adding advanced regime features...
   🕐 Adding 12h-specific features (v7 enhanced)...
   ✅ Added ~18 features for 12h holding period (v7)
   📰 Adding sentiment features... (news_mode=all)
      FNG: 2018-02-01 → 2026-03-11, mean=48.5
      Funding: 96,393 non-zero rows (13.6%)
      LS ratio: 0 non-missing rows
      Synthetic positioning features...
      Loading news features (mode=all)...
      + coin-level news: 8 features
      + market-level news: 7 features
      📊 Coverage: 710,142/710,142 rows (100.0%)
      📰 Events: 327,500/710,142 covered rows (46.1%) have news
      🕳️  Holes: 0 rows = NaN (not 0!)
   ✅ Sentiment features added: 135 → 172 total
   📊 Adding derivatives features (Binance Futures)...
      Loaded metrics: 1,800,870 rows, 50 symbols, 2021-12-01 → 2026-03-12
      OI: 707,456 rows (99.6%), 9 features
      Taker: 707,807 rows (99.7%), 6 features
      Top L/S: 707,809 rows (99.7%), 5 features
      Global L/S: 3 features
      Binance funding: 700,128 rows (98.6%)
      Funding surprise: computed from OKX funding data
      Market-wide aggregates: 4 features
      Basis/Premium: 169,661 rows (23.9%), 6 features
      ⚠️  No liquidation data (run download_binance_futures.py)
   ✅ Derivatives features: +35 features
   🧬 Adding news interaction features...
   ✅ Added 23 news interaction features
   ⚠️  offline mode: some features may be zero-filled by models
   Final: (710142, 248), 230 features
📡 Models …
   lgb_v6_no_news: 5 LGB models, 160 feats [PROD]
   lgb_v7_no_news: 5 LGB models, 150 feats [PROD]
   catboost: 5 CB models, 160 feats
   xgboost: 5 XGB models, 182 feats
   deriv_only (risk gate): 5 LGB models, 39 feats
   🏗️  Architecture: 4 groups (20 models) + deriv gate (5 models)
   2025-03-17 04:00:00+00:00 → 2025-06-14 16:00:00+00:00  (180 steps, 12h apart)

──────────────────────────────────────────────────────────────────────
      0/179 | $4,984.96 | DD  -0.3% | L10 S10 | Δ20
      5/179 | $5,093.71 | DD   0.0% | L10 S10 | Δ28
     10/179 | $5,078.08 | DD  -0.5% | L10 S10 | Δ22
     15/179 | $5,080.42 | DD  -0.4% | L10 S10 | Δ16
     20/179 | $5,044.81 | DD  -1.1% | L10 S10 | Δ16
     25/179 | $5,102.40 | DD   0.0% | L10 S10 | Δ24
     30/179 | $5,106.95 | DD  -0.4% | L10 S10 | Δ28
     35/179 | $5,156.97 | DD   0.0% | L10 S10 | Δ26
     40/179 | $5,199.14 | DD   0.0% | L10 S10 | Δ24
     45/179 | $5,305.67 | DD   0.0% | L10 S10 | Δ30
     50/179 | $5,247.71 | DD  -1.2% | L10 S10 | Δ22
     55/179 | $5,274.37 | DD  -0.7% | L10 S10 | Δ24
     60/179 | $5,367.08 | DD   0.0% | L10 S10 | Δ22
     65/179 | $5,364.76 | DD  -0.4% | L10 S10 | Δ28
     70/179 | $5,377.67 | DD  -0.2% | L10 S10 | Δ20
     75/179 | $5,288.37 | DD  -1.9% | L10 S10 | Δ12
     80/179 | $5,345.74 | DD  -0.8% | L10 S10 | Δ20
     85/179 | $5,365.11 | DD  -0.5% | L10 S10 | Δ18
     90/179 | $5,368.18 | DD  -0.6% | L10 S10 | Δ24
     95/179 | $5,357.30 | DD  -0.8% | L10 S10 | Δ20
    100/179 | $5,439.83 | DD   0.0% | L10 S10 | Δ14
    105/179 | $5,386.62 | DD  -1.1% | L10 S10 | Δ16
    110/179 | $5,380.25 | DD  -1.2% | L10 S10 | Δ18
    115/179 | $5,433.24 | DD  -0.6% | L10 S10 | Δ24
    120/179 | $5,531.26 | DD   0.0% | L10 S10 | Δ16
    125/179 | $5,624.75 | DD   0.0% | L10 S10 | Δ20
    130/179 | $5,683.67 | DD  -0.2% | L10 S10 | Δ24
    135/179 | $5,668.86 | DD  -0.4% | L10 S10 | Δ20
    140/179 | $5,730.92 | DD   0.0% | L10 S10 | Δ26
    145/179 | $5,662.89 | DD  -1.2% | L10 S10 | Δ22
    150/179 | $5,791.25 | DD   0.0% | L10 S10 | Δ18
    155/179 | $5,857.28 | DD   0.0% | L10 S10 | Δ26
    160/179 | $5,843.85 | DD  -0.2% | L10 S10 | Δ26
    165/179 | $5,830.72 | DD  -0.5% | L10 S10 | Δ14
    170/179 | $5,685.81 | DD  -2.9% | L10 S10 | Δ16
    175/179 | $5,757.23 | DD  -1.7% | L10 S10 | Δ22
    178/179 | $5,790.14 | DD  -1.1% | L10 S10 | Δ22

======================================================================
  RESULTS — 600d, rebal=12h, N=10+10, lev=3x, mode=deriv-gate
======================================================================

   Start:      $5,000
   End:        $5,790.14
   Return:     +15.8%  (ann. ~+10%)
   Max DD:     -3.0%
   Sharpe:     +4.73
   Sharpe HAC: +4.92  (Newey-West adjusted)
   Calmar:     3.24
   Win Rate:   61%  (110W / 69L)
   Avg Win:    $+18.79
   Avg Loss:   $-18.51
   PF:         1.62
   Trades:     3740
   Turnover:   $836,934  (167.4x capital)
   Costs:      $465.63  (9.3%)
   Deriv gate: avg scale 0.86x (0.3–1.0)
   Leverage:   3x
   Liq. level: -33% DD (approx)

   📈 Equity ($4985–$5850):
      $   4,985 |░░░░░░░░░░░░░░░░░░░░░░░░░░░░░░░░░░░░░░░░|
      $   5,064 |███░░░░░░░░░░░░░░░░░░░░░░░░░░░░░░░░░░░░░|
      $   5,258 |████████████░░░░░░░░░░░░░░░░░░░░░░░░░░░░|
      $   5,374 |█████████████████░░░░░░░░░░░░░░░░░░░░░░░|
      $   5,367 |█████████████████░░░░░░░░░░░░░░░░░░░░░░░|
      $   5,387 |██████████████████░░░░░░░░░░░░░░░░░░░░░░|
      $   5,637 |██████████████████████████████░░░░░░░░░░|
      $   5,736 |██████████████████████████████████░░░░░░|
      $   5,833 |███████████████████████████████████████░|
      $   5,757 |███████████████████████████████████░░░░░|

   Saved: /Users/a.s.tabakov/Developer/invest/trading_logs/fast_sim_equity.csv

======================================================================
   🟢 PROFITABLE — go live
======================================================================

