======================================================================
  FAST SIMULATION
  600d | $5,000 | rebal=12h | N=10+10 | kelly=30% | cost=4bp/side
  leverage=3x | mode=deriv-gate
======================================================================

📊 Loading offline data: trading_logs/frozen_features_wf.parquet
   (710142, 107), 50 symbols
   Date range: 2024-07-01 00:00:00+00:00 → 2026-03-07 15:00:00+00:00
   Enriching features (cross-asset, regime, 12h+v7, sentiment, derivatives)...
   🎯 Adding targets...
   🌐 Adding cross-asset features...
   🔰 Adding advanced regime features...
   🕐 Adding 12h-specific features (v7 enhanced)...
   ✅ Added ~18 features for 12h holding period (v7)
   📰 Adding sentiment features... (news_mode=all)
      FNG: 2018-02-01 → 2026-03-11, mean=48.5
      Funding: 96,393 non-zero rows (13.6%)
      LS ratio: 0 non-missing rows
      Synthetic positioning features...
      Loading news features (mode=all)...
      + coin-level news: 8 features
      + market-level news: 7 features
      📊 Coverage: 710,142/710,142 rows (100.0%)
      📰 Events: 327,500/710,142 covered rows (46.1%) have news
      🕳️  Holes: 0 rows = NaN (not 0!)
   ✅ Sentiment features added: 135 → 172 total
   📊 Adding derivatives features (Binance Futures)...
      Loaded metrics: 1,800,870 rows, 50 symbols, 2021-12-01 → 2026-03-12
      OI: 707,456 rows (99.6%), 9 features
      Taker: 707,807 rows (99.7%), 6 features
      Top L/S: 707,809 rows (99.7%), 5 features
      Global L/S: 3 features
      Binance funding: 700,128 rows (98.6%)
      Funding surprise: computed from OKX funding data
      Market-wide aggregates: 4 features
      Basis/Premium: 169,661 rows (23.9%), 6 features
      ⚠️  No liquidation data (run download_binance_futures.py)
   ✅ Derivatives features: +35 features
   🧬 Adding news interaction features...
   ✅ Added 23 news interaction features
   ⚠️  offline mode: some features may be zero-filled by models
   Final: (710142, 248), 230 features
📡 Models …
   lgb_v6_no_news: 5 LGB models, 160 feats [PROD]
   lgb_v7_no_news: 5 LGB models, 150 feats [PROD]
   catboost: 5 CB models, 160 feats
   xgboost: 5 XGB models, 182 feats
   deriv_only (risk gate): 5 LGB models, 39 feats
   🏗️  Architecture: 4 groups (20 models) + deriv gate (5 models)
   2024-09-18 04:00:00+00:00 → 2024-12-16 16:00:00+00:00  (180 steps, 12h apart)

──────────────────────────────────────────────────────────────────────
      0/179 | $5,004.07 | DD   0.0% | L10 S10 | Δ20
      5/179 | $4,999.51 | DD  -0.1% | L10 S10 | Δ18
     10/179 | $4,953.30 | DD  -1.0% | L10 S10 | Δ18
     15/179 | $4,999.07 | DD  -0.1% | L10 S10 | Δ16
     20/179 | $4,995.09 | DD  -0.4% | L10 S10 | Δ12
     25/179 | $5,001.91 | DD  -0.3% | L10 S10 | Δ16
     30/179 | $5,127.78 | DD   0.0% | L10 S10 | Δ26
     35/179 | $5,167.05 | DD   0.0% | L10 S10 | Δ20
     40/179 | $5,178.02 | DD   0.0% | L10 S10 | Δ20
     45/179 | $5,240.88 | DD   0.0% | L10 S10 | Δ28
     50/179 | $5,243.31 | DD   0.0% | L10 S10 | Δ14
     55/179 | $5,263.08 | DD   0.0% | L10 S10 | Δ26
     60/179 | $5,238.32 | DD  -0.5% | L10 S10 | Δ18
     65/179 | $5,323.45 | DD   0.0% | L10 S10 | Δ22
     70/179 | $5,365.90 | DD   0.0% | L10 S10 | Δ18
     75/179 | $5,421.42 | DD   0.0% | L10 S10 | Δ26
     80/179 | $5,444.35 | DD   0.0% | L10 S10 | Δ22
     85/179 | $5,480.23 | DD   0.0% | L10 S10 | Δ24
     90/179 | $5,533.24 | DD   0.0% | L10 S10 | Δ26
     95/179 | $5,584.95 | DD   0.0% | L10 S10 | Δ24
    100/179 | $5,453.80 | DD  -2.7% | L10 S10 | Δ10
    105/179 | $5,369.17 | DD  -4.2% | L10 S10 | Δ22
    110/179 | $5,552.34 | DD  -0.9% | L10 S10 | Δ12
    115/179 | $5,583.07 | DD  -0.7% | L10 S10 | Δ24
    120/179 | $5,548.28 | DD  -1.3% | L10 S10 | Δ14
    125/179 | $5,594.06 | DD  -0.5% | L10 S10 | Δ22
    130/179 | $5,553.46 | DD  -1.3% | L10 S10 | Δ18
    135/179 | $5,666.44 | DD  -1.8% | L10 S10 | Δ24
    140/179 | $5,949.28 | DD   0.0% | L10 S10 | Δ16
    145/179 | $5,830.59 | DD  -2.6% | L10 S10 | Δ20
    150/179 | $5,530.82 | DD  -7.6% | L10 S10 | Δ18
    155/179 | $5,716.87 | DD  -4.5% | L10 S10 | Δ20
    160/179 | $5,788.86 | DD  -3.3% | L10 S10 | Δ20
    165/179 | $5,657.77 | DD  -5.5% | L10 S10 | Δ18
    170/179 | $5,692.73 | DD  -4.9% | L10 S10 | Δ14
    175/179 | $5,705.77 | DD  -4.7% | L10 S10 | Δ20
    178/179 | $5,785.20 | DD  -3.3% | L10 S10 | Δ16

======================================================================
  RESULTS — 600d, rebal=12h, N=10+10, lev=3x, mode=deriv-gate
======================================================================

   Start:      $5,000
   End:        $5,785.20
   Return:     +15.7%  (ann. ~+10%)
   Max DD:     -8.5%
   Sharpe:     +3.35
   Sharpe HAC: +2.79  (Newey-West adjusted)
   Calmar:     1.12
   Win Rate:   64%  (115W / 64L)
   Avg Win:    $+22.50
   Avg Loss:   $-28.16
   PF:         1.44
   Trades:     3502
   Turnover:   $790,547  (158.1x capital)
   Costs:      $447.08  (8.9%)
   Deriv gate: avg scale 0.88x (0.3–1.0)
   Leverage:   3x
   Liq. level: -33% DD (approx)

   📈 Equity ($4967–$5981):
      $   5,004 |█░░░░░░░░░░░░░░░░░░░░░░░░░░░░░░░░░░░░░░░|
      $   4,991 |░░░░░░░░░░░░░░░░░░░░░░░░░░░░░░░░░░░░░░░░|
      $   5,192 |████████░░░░░░░░░░░░░░░░░░░░░░░░░░░░░░░░|
      $   5,310 |█████████████░░░░░░░░░░░░░░░░░░░░░░░░░░░|
      $   5,465 |███████████████████░░░░░░░░░░░░░░░░░░░░░|
      $   5,369 |███████████████░░░░░░░░░░░░░░░░░░░░░░░░░|
      $   5,606 |█████████████████████████░░░░░░░░░░░░░░░|
      $   5,661 |███████████████████████████░░░░░░░░░░░░░|
      $   5,682 |████████████████████████████░░░░░░░░░░░░|
      $   5,781 |████████████████████████████████░░░░░░░░|

   Saved: /Users/a.s.tabakov/Developer/invest/trading_logs/fast_sim_equity.csv

======================================================================
   🟢 PROFITABLE — go live
======================================================================

