======================================================================
  FAST SIMULATION
  600d | $5,000 | rebal=12h | N=10+10 | kelly=30% | cost=4bp/side
  leverage=3x | mode=baseline
======================================================================

📊 Loading offline data: trading_logs/frozen_features_wf.parquet
   (710142, 107), 50 symbols
   Date range: 2024-07-01 00:00:00+00:00 → 2026-03-07 15:00:00+00:00
   Enriching features (cross-asset, regime, 12h+v7, sentiment, derivatives)...
   🎯 Adding targets...
   🌐 Adding cross-asset features...
   🔰 Adding advanced regime features...
   🕐 Adding 12h-specific features (v7 enhanced)...
   ✅ Added ~18 features for 12h holding period (v7)
   📰 Adding sentiment features... (news_mode=all)
      FNG: 2018-02-01 → 2026-03-11, mean=48.5
      Funding: 96,393 non-zero rows (13.6%)
      LS ratio: 0 non-missing rows
      Synthetic positioning features...
      Loading news features (mode=all)...
      + coin-level news: 8 features
      + market-level news: 7 features
      📊 Coverage: 710,142/710,142 rows (100.0%)
      📰 Events: 327,500/710,142 covered rows (46.1%) have news
      🕳️  Holes: 0 rows = NaN (not 0!)
   ✅ Sentiment features added: 135 → 172 total
   📊 Adding derivatives features (Binance Futures)...
      Loaded metrics: 1,800,870 rows, 50 symbols, 2021-12-01 → 2026-03-12
      OI: 707,456 rows (99.6%), 9 features
      Taker: 707,807 rows (99.7%), 6 features
      Top L/S: 707,809 rows (99.7%), 5 features
      Global L/S: 3 features
      Binance funding: 700,128 rows (98.6%)
      Funding surprise: computed from OKX funding data
      Market-wide aggregates: 4 features
      Basis/Premium: 169,661 rows (23.9%), 6 features
      ⚠️  No liquidation data (run download_binance_futures.py)
   ✅ Derivatives features: +35 features
   🧬 Adding news interaction features...
   ✅ Added 23 news interaction features
   ⚠️  offline mode: some features may be zero-filled by models
   Final: (710142, 248), 230 features
📡 Models …
   lgb_v6_no_news: 5 LGB models, 160 feats [PROD]
   lgb_v7_no_news: 5 LGB models, 150 feats [PROD]
   catboost: 5 CB models, 160 feats
   xgboost: 5 XGB models, 182 feats
   deriv_only: found but --no-deriv-gate, skipping
   🏗️  Architecture: 4 groups (20 models)
   2024-12-17 04:00:00+00:00 → 2025-03-16 16:00:00+00:00  (180 steps, 12h apart)

──────────────────────────────────────────────────────────────────────
      0/179 | $4,997.74 | DD  -0.0% | L10 S10 | Δ20
      5/179 | $5,068.04 | DD  -0.0% | L10 S10 | Δ26
     10/179 | $5,161.78 | DD   0.0% | L10 S10 | Δ20
     15/179 | $5,121.30 | DD  -0.8% | L10 S10 | Δ22
     20/179 | $5,170.96 | DD   0.0% | L10 S10 | Δ26
     25/179 | $5,181.50 | DD   0.0% | L10 S10 | Δ26
     30/179 | $5,207.77 | DD  -0.4% | L10 S10 | Δ14
     35/179 | $5,201.13 | DD  -0.6% | L10 S10 | Δ18
     40/179 | $5,227.13 | DD  -0.5% | L10 S10 | Δ22
     45/179 | $5,271.74 | DD  -0.2% | L10 S10 | Δ22
     50/179 | $5,313.82 | DD  -0.3% | L10 S10 | Δ24
     55/179 | $5,344.57 | DD  -0.0% | L10 S10 | Δ18
     60/179 | $5,210.54 | DD  -2.5% | L10 S10 | Δ18
     65/179 | $5,290.50 | DD  -1.0% | L10 S10 | Δ20
     70/179 | $5,347.75 | DD   0.0% | L10 S10 | Δ20
     75/179 | $5,421.88 | DD  -0.4% | L10 S10 | Δ22
     80/179 | $5,437.66 | DD  -0.1% | L10 S10 | Δ24
     85/179 | $5,569.84 | DD  -0.1% | L10 S10 | Δ20
     90/179 | $5,502.79 | DD  -1.5% | L10 S10 | Δ18
     95/179 | $5,513.82 | DD  -1.3% | L10 S10 | Δ20
    100/179 | $5,700.31 | DD  -0.5% | L10 S10 | Δ20
    105/179 | $5,833.75 | DD   0.0% | L10 S10 | Δ26
    110/179 | $5,883.36 | DD   0.0% | L10 S10 | Δ18
    115/179 | $5,878.33 | DD  -0.3% | L10 S10 | Δ26
    120/179 | $5,953.26 | DD   0.0% | L10 S10 | Δ16
    125/179 | $6,062.11 | DD   0.0% | L10 S10 | Δ20
    130/179 | $6,165.04 | DD   0.0% | L10 S10 | Δ20
    135/179 | $6,194.56 | DD   0.0% | L10 S10 | Δ20
    140/179 | $6,215.38 | DD   0.0% | L10 S10 | Δ24
    145/179 | $6,188.68 | DD  -0.7% | L10 S10 | Δ18
    150/179 | $6,181.74 | DD  -1.3% | L10 S10 | Δ26
    155/179 | $6,335.61 | DD  -0.1% | L10 S10 | Δ20
    160/179 | $6,474.32 | DD   0.0% | L10 S10 | Δ20
    165/179 | $6,621.59 | DD   0.0% | L10 S10 | Δ28
    170/179 | $6,757.16 | DD   0.0% | L10 S10 | Δ24
    175/179 | $6,749.25 | DD  -0.8% | L10 S10 | Δ22
    178/179 | $6,797.39 | DD  -0.1% | L10 S10 | Δ18

======================================================================
  RESULTS — 600d, rebal=12h, N=10+10, lev=3x, mode=baseline
======================================================================

   Start:      $5,000
   End:        $6,797.39
   Return:     +35.9%  (ann. ~+22%)
   Max DD:     -3.0%
   Sharpe:     +8.94
   Sharpe HAC: +9.76  (Newey-West adjusted)
   Calmar:     7.22
   Win Rate:   68%  (121W / 58L)
   Avg Win:    $+24.88
   Avg Loss:   $-20.92
   PF:         2.48
   Trades:     3716
   Turnover:   $960,206  (192.0x capital)
   Costs:      $521.71  (10.4%)
   Leverage:   3x
   Liq. level: -33% DD (approx)

   📈 Equity ($4998–$6778):
      $   4,998 |░░░░░░░░░░░░░░░░░░░░░░░░░░░░░░░░░░░░░░░░|
      $   5,152 |███░░░░░░░░░░░░░░░░░░░░░░░░░░░░░░░░░░░░░|
      $   5,281 |██████░░░░░░░░░░░░░░░░░░░░░░░░░░░░░░░░░░|
      $   5,274 |██████░░░░░░░░░░░░░░░░░░░░░░░░░░░░░░░░░░|
      $   5,573 |████████████░░░░░░░░░░░░░░░░░░░░░░░░░░░░|
      $   5,834 |██████████████████░░░░░░░░░░░░░░░░░░░░░░|
      $   6,040 |███████████████████████░░░░░░░░░░░░░░░░░|
      $   6,231 |███████████████████████████░░░░░░░░░░░░░|
      $   6,743 |███████████████████████████████████████░|
      $   6,772 |███████████████████████████████████████░|

   Saved: /Users/a.s.tabakov/Developer/invest/trading_logs/fast_sim_equity.csv

======================================================================
   🟢 PROFITABLE — go live
======================================================================

