======================================================================
  FAST SIMULATION
  600d | $5,000 | rebal=12h | N=10+10 | kelly=30% | cost=4bp/side
  leverage=3x | mode=baseline
======================================================================

📊 Loading offline data: trading_logs/frozen_features_wf.parquet
   (710142, 107), 50 symbols
   Date range: 2024-07-01 00:00:00+00:00 → 2026-03-07 15:00:00+00:00
   Enriching features (cross-asset, regime, 12h+v7, sentiment, derivatives)...
   🎯 Adding targets...
   🌐 Adding cross-asset features...
   🔰 Adding advanced regime features...
   🕐 Adding 12h-specific features (v7 enhanced)...
   ✅ Added ~18 features for 12h holding period (v7)
   📰 Adding sentiment features... (news_mode=all)
      FNG: 2018-02-01 → 2026-03-11, mean=48.5
      Funding: 96,393 non-zero rows (13.6%)
      LS ratio: 0 non-missing rows
      Synthetic positioning features...
      Loading news features (mode=all)...
      + coin-level news: 8 features
      + market-level news: 7 features
      📊 Coverage: 710,142/710,142 rows (100.0%)
      📰 Events: 327,500/710,142 covered rows (46.1%) have news
      🕳️  Holes: 0 rows = NaN (not 0!)
   ✅ Sentiment features added: 135 → 172 total
   📊 Adding derivatives features (Binance Futures)...
      Loaded metrics: 1,800,870 rows, 50 symbols, 2021-12-01 → 2026-03-12
      OI: 707,456 rows (99.6%), 9 features
      Taker: 707,807 rows (99.7%), 6 features
      Top L/S: 707,809 rows (99.7%), 5 features
      Global L/S: 3 features
      Binance funding: 700,128 rows (98.6%)
      Funding surprise: computed from OKX funding data
      Market-wide aggregates: 4 features
      Basis/Premium: 169,661 rows (23.9%), 6 features
      ⚠️  No liquidation data (run download_binance_futures.py)
   ✅ Derivatives features: +35 features
   🧬 Adding news interaction features...
   ✅ Added 23 news interaction features
   ⚠️  offline mode: some features may be zero-filled by models
   Final: (710142, 248), 230 features
📡 Models …
   lgb_v6_no_news: 5 LGB models, 160 feats [PROD]
   lgb_v7_no_news: 5 LGB models, 150 feats [PROD]
   catboost: 5 CB models, 160 feats
   xgboost: 5 XGB models, 182 feats
   deriv_only: found but --no-deriv-gate, skipping
   🏗️  Architecture: 4 groups (20 models)
   2025-06-15 04:00:00+00:00 → 2025-09-12 16:00:00+00:00  (180 steps, 12h apart)

──────────────────────────────────────────────────────────────────────
      0/179 | $5,018.12 | DD   0.0% | L10 S10 | Δ20
      5/179 | $5,102.19 | DD   0.0% | L10 S10 | Δ24
     10/179 | $5,080.12 | DD  -0.7% | L10 S10 | Δ20
     15/179 | $5,144.91 | DD   0.0% | L10 S10 | Δ20
     20/179 | $5,144.25 | DD  -0.0% | L10 S10 | Δ20
     25/179 | $5,172.56 | DD   0.0% | L10 S10 | Δ18
     30/179 | $5,153.43 | DD  -0.4% | L10 S10 | Δ16
     35/179 | $5,227.36 | DD   0.0% | L10 S10 | Δ22
     40/179 | $5,275.29 | DD   0.0% | L10 S10 | Δ18
     45/179 | $5,291.54 | DD   0.0% | L10 S10 | Δ28
     50/179 | $5,222.27 | DD  -1.3% | L10 S10 | Δ14
     55/179 | $5,197.14 | DD  -1.8% | L10 S10 | Δ18
     60/179 | $5,102.02 | DD  -3.6% | L10 S10 | Δ22
     65/179 | $5,018.45 | DD  -5.2% | L10 S10 | Δ14
     70/179 | $4,907.25 | DD  -7.3% | L10 S10 | Δ18
     75/179 | $5,019.77 | DD  -5.1% | L10 S10 | Δ22
     80/179 | $5,021.87 | DD  -5.1% | L10 S10 | Δ18
     85/179 | $4,998.88 | DD  -5.5% | L10 S10 | Δ12
     90/179 | $5,054.92 | DD  -4.5% | L10 S10 | Δ24
     95/179 | $5,146.03 | DD  -2.7% | L10 S10 | Δ28
    100/179 | $5,153.45 | DD  -2.6% | L10 S10 | Δ22
    105/179 | $5,215.57 | DD  -1.4% | L10 S10 | Δ32
    110/179 | $5,160.54 | DD  -2.5% | L10 S10 | Δ14
    115/179 | $5,167.50 | DD  -2.3% | L10 S10 | Δ18
    120/179 | $5,140.01 | DD  -2.9% | L10 S10 | Δ14
    125/179 | $5,147.46 | DD  -2.7% | L10 S10 | Δ18
    130/179 | $5,162.13 | DD  -2.4% | L10 S10 | Δ20
    135/179 | $5,176.32 | DD  -2.2% | L10 S10 | Δ20
    140/179 | $5,144.15 | DD  -2.8% | L10 S10 | Δ20
    145/179 | $5,210.86 | DD  -1.5% | L10 S10 | Δ30
    150/179 | $5,257.92 | DD  -0.6% | L10 S10 | Δ22
    155/179 | $5,289.57 | DD  -0.0% | L10 S10 | Δ14
    160/179 | $5,275.33 | DD  -0.8% | L10 S10 | Δ20
    165/179 | $5,283.89 | DD  -0.7% | L10 S10 | Δ22
    170/179 | $5,264.33 | DD  -1.0% | L10 S10 | Δ12
    175/179 | $5,233.69 | DD  -1.6% | L10 S10 | Δ18
    178/179 | $5,223.52 | DD  -1.8% | L10 S10 | Δ20

======================================================================
  RESULTS — 600d, rebal=12h, N=10+10, lev=3x, mode=baseline
======================================================================

   Start:      $5,000
   End:        $5,223.52
   Return:     +4.5%  (ann. ~+3%)
   Max DD:     -7.3%
   Sharpe:     +1.47
   Sharpe HAC: +1.50  (Newey-West adjusted)
   Calmar:     0.37
   Win Rate:   54%  (97W / 81L)
   Avg Win:    $+16.90
   Avg Loss:   $-17.48
   PF:         1.16
   Trades:     3528
   Turnover:   $824,195  (164.8x capital)
   Costs:      $454.26  (9.1%)
   Leverage:   3x
   Liq. level: -33% DD (approx)

   📈 Equity ($4914–$5306):
      $   5,018 |██████████░░░░░░░░░░░░░░░░░░░░░░░░░░░░░░|
      $   5,144 |███████████████████████░░░░░░░░░░░░░░░░░|
      $   5,271 |████████████████████████████████████░░░░|
      $   5,099 |██████████████████░░░░░░░░░░░░░░░░░░░░░░|
      $   5,000 |████████░░░░░░░░░░░░░░░░░░░░░░░░░░░░░░░░|
      $   5,216 |██████████████████████████████░░░░░░░░░░|
      $   5,116 |████████████████████░░░░░░░░░░░░░░░░░░░░|
      $   5,234 |████████████████████████████████░░░░░░░░|
      $   5,287 |██████████████████████████████████████░░|
      $   5,225 |███████████████████████████████░░░░░░░░░|

   Saved: /Users/a.s.tabakov/Developer/invest/trading_logs/fast_sim_equity.csv

======================================================================
   🟢 PROFITABLE — go live
======================================================================

