======================================================================
  FAST SIMULATION
  600d | $5,000 | rebal=12h | N=10+10 | kelly=30% | cost=4bp/side
  leverage=3x | mode=baseline
======================================================================

📊 Loading offline data: trading_logs/frozen_features_wf.parquet
   (710142, 107), 50 symbols
   Date range: 2024-07-01 00:00:00+00:00 → 2026-03-07 15:00:00+00:00
   Enriching features (cross-asset, regime, 12h+v7, sentiment, derivatives)...
   🎯 Adding targets...
   🌐 Adding cross-asset features...
   🔰 Adding advanced regime features...
   🕐 Adding 12h-specific features (v7 enhanced)...
   ✅ Added ~18 features for 12h holding period (v7)
   📰 Adding sentiment features... (news_mode=all)
      FNG: 2018-02-01 → 2026-03-11, mean=48.5
      Funding: 96,393 non-zero rows (13.6%)
      LS ratio: 0 non-missing rows
      Synthetic positioning features...
      Loading news features (mode=all)...
      + coin-level news: 8 features
      + market-level news: 7 features
      📊 Coverage: 710,142/710,142 rows (100.0%)
      📰 Events: 327,500/710,142 covered rows (46.1%) have news
      🕳️  Holes: 0 rows = NaN (not 0!)
   ✅ Sentiment features added: 135 → 172 total
   📊 Adding derivatives features (Binance Futures)...
      Loaded metrics: 1,800,870 rows, 50 symbols, 2021-12-01 → 2026-03-12
      OI: 707,456 rows (99.6%), 9 features
      Taker: 707,807 rows (99.7%), 6 features
      Top L/S: 707,809 rows (99.7%), 5 features
      Global L/S: 3 features
      Binance funding: 700,128 rows (98.6%)
      Funding surprise: computed from OKX funding data
      Market-wide aggregates: 4 features
      Basis/Premium: 169,661 rows (23.9%), 6 features
      ⚠️  No liquidation data (run download_binance_futures.py)
   ✅ Derivatives features: +35 features
   🧬 Adding news interaction features...
   ✅ Added 23 news interaction features
   ⚠️  offline mode: some features may be zero-filled by models
   Final: (710142, 248), 230 features
📡 Models …
   lgb_v6_no_news: 5 LGB models, 160 feats [PROD]
   lgb_v7_no_news: 5 LGB models, 150 feats [PROD]
   catboost: 5 CB models, 160 feats
   xgboost: 5 XGB models, 182 feats
   deriv_only: found but --no-deriv-gate, skipping
   Meta-model: /Users/a.s.tabakov/Developer/invest/results/meta_stack/meta_model.pkl
   🏗️  Architecture: 4 groups (20 models) + meta-ridge
   2025-09-13 04:00:00+00:00 → 2025-12-11 16:00:00+00:00  (180 steps, 12h apart)

──────────────────────────────────────────────────────────────────────
      0/179 | $5,002.92 | DD   0.0% | L10 S10 | Δ20
      5/179 | $5,006.84 | DD  -0.4% | L10 S10 | Δ26
     10/179 | $4,865.64 | DD  -3.3% | L10 S10 | Δ14
     15/179 | $4,857.78 | DD  -3.4% | L10 S10 | Δ18
     20/179 | $4,831.28 | DD  -3.9% | L10 S10 | Δ24
     25/179 | $4,846.35 | DD  -3.6% | L10 S10 | Δ18
     30/179 | $4,845.67 | DD  -3.7% | L10 S10 | Δ26
     35/179 | $4,901.32 | DD  -2.5% | L10 S10 | Δ28
     40/179 | $4,869.71 | DD  -3.2% | L10 S10 | Δ20
     45/179 | $4,878.00 | DD  -3.0% | L10 S10 | Δ14
     50/179 | $4,908.23 | DD  -2.4% | L10 S10 | Δ28
     55/179 | $4,978.03 | DD  -1.0% | L10 S10 | Δ22
     60/179 | $4,951.77 | DD  -1.5% | L10 S10 | Δ20
     65/179 | $4,982.68 | DD  -0.9% | L10 S10 | Δ24
     70/179 | $4,978.48 | DD  -1.0% | L10 S10 | Δ22
     75/179 | $4,926.75 | DD  -2.0% | L10 S10 | Δ24
     80/179 | $5,019.22 | DD  -0.2% | L10 S10 | Δ22
     85/179 | $5,031.14 | DD  -0.0% | L10 S10 | Δ24
     90/179 | $5,064.21 | DD   0.0% | L10 S10 | Δ26
     95/179 | $5,061.32 | DD  -0.4% | L10 S10 | Δ18
    100/179 | $5,034.00 | DD  -0.9% | L10 S10 | Δ18
    105/179 | $5,020.90 | DD  -1.2% | L10 S10 | Δ20
    110/179 | $4,712.90 | DD  -7.2% | L10 S10 | Δ20
    115/179 | $4,844.47 | DD  -4.6% | L10 S10 | Δ32
    120/179 | $5,014.99 | DD  -1.3% | L10 S10 | Δ14
    125/179 | $5,003.30 | DD  -1.5% | L10 S10 | Δ30
    130/179 | $5,076.23 | DD  -0.1% | L10 S10 | Δ26
    135/179 | $5,087.13 | DD  -0.2% | L10 S10 | Δ24
    140/179 | $5,163.98 | DD   0.0% | L10 S10 | Δ24
    145/179 | $5,186.08 | DD  -0.2% | L10 S10 | Δ18
    150/179 | $5,168.45 | DD  -0.6% | L10 S10 | Δ22
    155/179 | $5,134.79 | DD  -1.2% | L10 S10 | Δ26
    160/179 | $5,123.47 | DD  -1.4% | L10 S10 | Δ30
    165/179 | $5,118.58 | DD  -1.5% | L10 S10 | Δ24
    170/179 | $5,133.86 | DD  -1.2% | L10 S10 | Δ20
    175/179 | $5,173.22 | DD  -0.5% | L10 S10 | Δ26
    178/179 | $5,205.38 | DD  -0.4% | L10 S10 | Δ32

======================================================================
  RESULTS — 600d, rebal=12h, N=10+10, lev=3x, mode=baseline+meta-ridge
======================================================================

   Start:      $5,000
   End:        $5,205.38
   Return:     +4.1%  (ann. ~+2%)
   Max DD:     -7.3%
   Sharpe:     +1.09
   Sharpe HAC: +1.03  (Newey-West adjusted)
   Calmar:     0.34
   Win Rate:   56%  (100W / 79L)
   Avg Win:    $+17.58
   Avg Loss:   $-19.65
   PF:         1.13
   Trades:     3892
   Turnover:   $880,948  (176.2x capital)
   Costs:      $473.14  (9.5%)
   Leverage:   3x
   Liq. level: -33% DD (approx)

   📈 Equity ($4706–$5226):
      $   5,003 |██████████████████████░░░░░░░░░░░░░░░░░░|
      $   4,836 |█████████░░░░░░░░░░░░░░░░░░░░░░░░░░░░░░░|
      $   4,854 |███████████░░░░░░░░░░░░░░░░░░░░░░░░░░░░░|
      $   4,938 |█████████████████░░░░░░░░░░░░░░░░░░░░░░░|
      $   5,029 |████████████████████████░░░░░░░░░░░░░░░░|
      $   5,021 |████████████████████████░░░░░░░░░░░░░░░░|
      $   5,005 |███████████████████████░░░░░░░░░░░░░░░░░|
      $   5,195 |█████████████████████████████████████░░░|
      $   5,108 |██████████████████████████████░░░░░░░░░░|
      $   5,226 |████████████████████████████████████████|

   Saved: /Users/a.s.tabakov/Developer/invest/trading_logs/fast_sim_equity.csv

======================================================================
   🟢 PROFITABLE — go live
======================================================================

