======================================================================
  FAST SIMULATION
  600d | $5,000 | rebal=12h | N=10+10 | kelly=30% | cost=4bp/side
  leverage=3x | mode=baseline
======================================================================

📊 Loading offline data: trading_logs/frozen_features_wf.parquet
   (710142, 107), 50 symbols
   Date range: 2024-07-01 00:00:00+00:00 → 2026-03-07 15:00:00+00:00
   Enriching features (cross-asset, regime, 12h+v7, sentiment, derivatives)...
   🎯 Adding targets...
   🌐 Adding cross-asset features...
   🔰 Adding advanced regime features...
   🕐 Adding 12h-specific features (v7 enhanced)...
   ✅ Added ~18 features for 12h holding period (v7)
   📰 Adding sentiment features... (news_mode=all)
      FNG: 2018-02-01 → 2026-03-11, mean=48.5
      Funding: 96,393 non-zero rows (13.6%)
      LS ratio: 0 non-missing rows
      Synthetic positioning features...
      Loading news features (mode=all)...
      + coin-level news: 8 features
      + market-level news: 7 features
      📊 Coverage: 710,142/710,142 rows (100.0%)
      📰 Events: 327,500/710,142 covered rows (46.1%) have news
      🕳️  Holes: 0 rows = NaN (not 0!)
   ✅ Sentiment features added: 135 → 172 total
   📊 Adding derivatives features (Binance Futures)...
      Loaded metrics: 1,800,870 rows, 50 symbols, 2021-12-01 → 2026-03-12
      OI: 707,456 rows (99.6%), 9 features
      Taker: 707,807 rows (99.7%), 6 features
      Top L/S: 707,809 rows (99.7%), 5 features
      Global L/S: 3 features
      Binance funding: 700,128 rows (98.6%)
      Funding surprise: computed from OKX funding data
      Market-wide aggregates: 4 features
      Basis/Premium: 169,661 rows (23.9%), 6 features
      ⚠️  No liquidation data (run download_binance_futures.py)
   ✅ Derivatives features: +35 features
   🧬 Adding news interaction features...
   ✅ Added 23 news interaction features
   ⚠️  offline mode: some features may be zero-filled by models
   Final: (710142, 248), 230 features
📡 Models …
   lgb_v6_no_news: 5 LGB models, 160 feats [PROD]
   lgb_v7_no_news: 5 LGB models, 150 feats [PROD]
   catboost: 5 CB models, 160 feats
   xgboost: 5 XGB models, 182 feats
   deriv_only: found but --no-deriv-gate, skipping
   Meta-model: /Users/a.s.tabakov/Developer/invest/results/meta_stack/meta_model.pkl
   🏗️  Architecture: 4 groups (20 models) + meta-ridge
   2025-03-17 04:00:00+00:00 → 2025-06-14 16:00:00+00:00  (180 steps, 12h apart)

──────────────────────────────────────────────────────────────────────
      0/179 | $4,983.29 | DD  -0.3% | L10 S10 | Δ20
      5/179 | $5,099.22 | DD   0.0% | L10 S10 | Δ28
     10/179 | $5,071.08 | DD  -0.6% | L10 S10 | Δ20
     15/179 | $5,063.24 | DD  -0.7% | L10 S10 | Δ12
     20/179 | $4,995.91 | DD  -2.0% | L10 S10 | Δ14
     25/179 | $5,039.22 | DD  -1.2% | L10 S10 | Δ24
     30/179 | $5,030.04 | DD  -1.4% | L10 S10 | Δ26
     35/179 | $5,072.30 | DD  -0.5% | L10 S10 | Δ26
     40/179 | $5,118.27 | DD   0.0% | L10 S10 | Δ24
     45/179 | $5,177.40 | DD   0.0% | L10 S10 | Δ30
     50/179 | $5,108.64 | DD  -1.5% | L10 S10 | Δ20
     55/179 | $5,117.92 | DD  -1.4% | L10 S10 | Δ22
     60/179 | $5,201.06 | DD   0.0% | L10 S10 | Δ22
     65/179 | $5,193.77 | DD  -0.5% | L10 S10 | Δ30
     70/179 | $5,215.94 | DD  -0.1% | L10 S10 | Δ20
     75/179 | $5,137.57 | DD  -1.9% | L10 S10 | Δ14
     80/179 | $5,182.10 | DD  -1.0% | L10 S10 | Δ20
     85/179 | $5,194.49 | DD  -0.8% | L10 S10 | Δ20
     90/179 | $5,188.20 | DD  -0.9% | L10 S10 | Δ24
     95/179 | $5,165.77 | DD  -1.3% | L10 S10 | Δ20
    100/179 | $5,251.42 | DD   0.0% | L10 S10 | Δ14
    105/179 | $5,199.05 | DD  -1.1% | L10 S10 | Δ16
    110/179 | $5,189.45 | DD  -1.3% | L10 S10 | Δ20
    115/179 | $5,246.33 | DD  -0.7% | L10 S10 | Δ26
    120/179 | $5,351.08 | DD   0.0% | L10 S10 | Δ16
    125/179 | $5,424.92 | DD   0.0% | L10 S10 | Δ20
    130/179 | $5,453.05 | DD  -0.2% | L10 S10 | Δ22
    135/179 | $5,445.00 | DD  -0.3% | L10 S10 | Δ20
    140/179 | $5,519.74 | DD   0.0% | L10 S10 | Δ26
    145/179 | $5,456.90 | DD  -1.1% | L10 S10 | Δ22
    150/179 | $5,559.74 | DD   0.0% | L10 S10 | Δ18
    155/179 | $5,634.91 | DD   0.0% | L10 S10 | Δ24
    160/179 | $5,619.19 | DD  -0.3% | L10 S10 | Δ26
    165/179 | $5,596.08 | DD  -0.7% | L10 S10 | Δ14
    170/179 | $5,441.27 | DD  -3.4% | L10 S10 | Δ14
    175/179 | $5,579.87 | DD  -1.0% | L10 S10 | Δ24
    178/179 | $5,617.63 | DD  -0.3% | L10 S10 | Δ22

======================================================================
  RESULTS — 600d, rebal=12h, N=10+10, lev=3x, mode=baseline+meta-ridge
======================================================================

   Start:      $5,000
   End:        $5,617.63
   Return:     +12.4%  (ann. ~+8%)
   Max DD:     -3.4%
   Sharpe:     +3.51
   Sharpe HAC: +3.75  (Newey-West adjusted)
   Calmar:     2.18
   Win Rate:   60%  (107W / 72L)
   Avg Win:    $+19.47
   Avg Loss:   $-20.35
   PF:         1.42
   Trades:     3764
   Turnover:   $895,994  (179.2x capital)
   Costs:      $485.51  (9.7%)
   Leverage:   3x
   Liq. level: -33% DD (approx)

   📈 Equity ($4983–$5620):
      $   4,983 |░░░░░░░░░░░░░░░░░░░░░░░░░░░░░░░░░░░░░░░░|
      $   5,018 |██░░░░░░░░░░░░░░░░░░░░░░░░░░░░░░░░░░░░░░|
      $   5,140 |█████████░░░░░░░░░░░░░░░░░░░░░░░░░░░░░░░|
      $   5,203 |█████████████░░░░░░░░░░░░░░░░░░░░░░░░░░░|
      $   5,197 |█████████████░░░░░░░░░░░░░░░░░░░░░░░░░░░|
      $   5,199 |█████████████░░░░░░░░░░░░░░░░░░░░░░░░░░░|
      $   5,441 |████████████████████████████░░░░░░░░░░░░|
      $   5,521 |█████████████████████████████████░░░░░░░|
      $   5,610 |███████████████████████████████████████░|
      $   5,580 |█████████████████████████████████████░░░|

   Saved: /Users/a.s.tabakov/Developer/invest/trading_logs/fast_sim_equity.csv

======================================================================
   🟢 PROFITABLE — go live
======================================================================

