======================================================================
  FAST SIMULATION
  600d | $5,000 | rebal=12h | N=10+10 | kelly=30% | cost=4bp/side
  leverage=3x | mode=baseline
======================================================================

📊 Loading offline data: trading_logs/frozen_features_wf.parquet
   (710142, 107), 50 symbols
   Date range: 2024-07-01 00:00:00+00:00 → 2026-03-07 15:00:00+00:00
   Enriching features (cross-asset, regime, 12h+v7, sentiment, derivatives)...
   🎯 Adding targets...
   🌐 Adding cross-asset features...
   🔰 Adding advanced regime features...
   🕐 Adding 12h-specific features (v7 enhanced)...
   ✅ Added ~18 features for 12h holding period (v7)
   📰 Adding sentiment features... (news_mode=all)
      FNG: 2018-02-01 → 2026-03-11, mean=48.5
      Funding: 96,393 non-zero rows (13.6%)
      LS ratio: 0 non-missing rows
      Synthetic positioning features...
      Loading news features (mode=all)...
      + coin-level news: 8 features
      + market-level news: 7 features
      📊 Coverage: 710,142/710,142 rows (100.0%)
      📰 Events: 327,500/710,142 covered rows (46.1%) have news
      🕳️  Holes: 0 rows = NaN (not 0!)
   ✅ Sentiment features added: 135 → 172 total
   📊 Adding derivatives features (Binance Futures)...
      Loaded metrics: 1,800,870 rows, 50 symbols, 2021-12-01 → 2026-03-12
      OI: 707,456 rows (99.6%), 9 features
      Taker: 707,807 rows (99.7%), 6 features
      Top L/S: 707,809 rows (99.7%), 5 features
      Global L/S: 3 features
      Binance funding: 700,128 rows (98.6%)
      Funding surprise: computed from OKX funding data
      Market-wide aggregates: 4 features
      Basis/Premium: 169,661 rows (23.9%), 6 features
      ⚠️  No liquidation data (run download_binance_futures.py)
   ✅ Derivatives features: +35 features
   🧬 Adding news interaction features...
   ✅ Added 23 news interaction features
   ⚠️  offline mode: some features may be zero-filled by models
   Final: (710142, 248), 230 features
📡 Models …
   lgb_v6_no_news: 5 LGB models, 160 feats [PROD]
   lgb_v7_no_news: 5 LGB models, 150 feats [PROD]
   catboost: 5 CB models, 160 feats
   xgboost: 5 XGB models, 182 feats
   deriv_only: found but --no-deriv-gate, skipping
   Meta-model: /Users/a.s.tabakov/Developer/invest/results/meta_stack/meta_model.pkl
   🏗️  Architecture: 4 groups (20 models) + meta-lgb_minimal
   2025-06-15 04:00:00+00:00 → 2025-09-12 16:00:00+00:00  (180 steps, 12h apart)

──────────────────────────────────────────────────────────────────────
      0/179 | $5,009.23 | DD   0.0% | L10 S10 | Δ20
      5/179 | $5,090.58 | DD   0.0% | L10 S10 | Δ30
     10/179 | $5,064.83 | DD  -0.7% | L10 S10 | Δ20
     15/179 | $5,124.30 | DD   0.0% | L10 S10 | Δ20
     20/179 | $5,111.14 | DD  -0.3% | L10 S10 | Δ20
     25/179 | $5,159.69 | DD   0.0% | L10 S10 | Δ16
     30/179 | $5,132.43 | DD  -0.7% | L10 S10 | Δ16
     35/179 | $5,202.14 | DD  -0.0% | L10 S10 | Δ26
     40/179 | $5,251.28 | DD   0.0% | L10 S10 | Δ18
     45/179 | $5,259.96 | DD   0.0% | L10 S10 | Δ30
     50/179 | $5,194.01 | DD  -1.3% | L10 S10 | Δ22
     55/179 | $5,162.41 | DD  -1.9% | L10 S10 | Δ18
     60/179 | $5,057.08 | DD  -3.9% | L10 S10 | Δ18
     65/179 | $4,940.17 | DD  -6.1% | L10 S10 | Δ20
     70/179 | $4,812.25 | DD  -8.5% | L10 S10 | Δ16
     75/179 | $4,905.15 | DD  -6.8% | L10 S10 | Δ18
     80/179 | $4,875.14 | DD  -7.3% | L10 S10 | Δ14
     85/179 | $4,866.39 | DD  -7.5% | L10 S10 | Δ12
     90/179 | $4,905.09 | DD  -6.8% | L10 S10 | Δ24
     95/179 | $4,986.47 | DD  -5.2% | L10 S10 | Δ26
    100/179 | $4,969.57 | DD  -5.5% | L10 S10 | Δ22
    105/179 | $5,024.35 | DD  -4.5% | L10 S10 | Δ32
    110/179 | $4,951.64 | DD  -5.9% | L10 S10 | Δ14
    115/179 | $4,961.10 | DD  -5.7% | L10 S10 | Δ16
    120/179 | $4,935.10 | DD  -6.2% | L10 S10 | Δ12
    125/179 | $4,945.64 | DD  -6.0% | L10 S10 | Δ18
    130/179 | $4,957.65 | DD  -5.8% | L10 S10 | Δ18
    135/179 | $4,970.14 | DD  -5.5% | L10 S10 | Δ22
    140/179 | $4,942.86 | DD  -6.0% | L10 S10 | Δ16
    145/179 | $5,001.56 | DD  -4.9% | L10 S10 | Δ26
    150/179 | $5,046.23 | DD  -4.1% | L10 S10 | Δ24
    155/179 | $5,081.69 | DD  -3.4% | L10 S10 | Δ12
    160/179 | $5,075.55 | DD  -3.5% | L10 S10 | Δ20
    165/179 | $5,078.01 | DD  -3.5% | L10 S10 | Δ16
    170/179 | $5,051.10 | DD  -4.0% | L10 S10 | Δ14
    175/179 | $5,030.38 | DD  -4.4% | L10 S10 | Δ18
    178/179 | $5,023.56 | DD  -4.5% | L10 S10 | Δ26

======================================================================
  RESULTS — 600d, rebal=12h, N=10+10, lev=3x, mode=baseline+meta-lgb_minimal
======================================================================

   Start:      $5,000
   End:        $5,023.56
   Return:     +0.5%  (ann. ~+0%)
   Max DD:     -8.5%
   Sharpe:     +0.16
   Sharpe HAC: +0.15  (Newey-West adjusted)
   Calmar:     0.03
   Win Rate:   53%  (94W / 85L)
   Avg Win:    $+16.13
   Avg Loss:   $-17.56
   PF:         1.02
   Trades:     3604
   Turnover:   $823,972  (164.8x capital)
   Costs:      $451.18  (9.0%)
   Leverage:   3x
   Liq. level: -33% DD (approx)

   📈 Equity ($4820–$5260):
      $   5,009 |█████████████████░░░░░░░░░░░░░░░░░░░░░░░|
      $   5,117 |██████████████████████████░░░░░░░░░░░░░░|
      $   5,243 |██████████████████████████████████████░░|
      $   5,039 |███████████████████░░░░░░░░░░░░░░░░░░░░░|
      $   4,866 |████░░░░░░░░░░░░░░░░░░░░░░░░░░░░░░░░░░░░|
      $   5,024 |██████████████████░░░░░░░░░░░░░░░░░░░░░░|
      $   4,917 |████████░░░░░░░░░░░░░░░░░░░░░░░░░░░░░░░░|
      $   5,026 |██████████████████░░░░░░░░░░░░░░░░░░░░░░|
      $   5,075 |███████████████████████░░░░░░░░░░░░░░░░░|
      $   5,028 |██████████████████░░░░░░░░░░░░░░░░░░░░░░|

   Saved: /Users/a.s.tabakov/Developer/invest/trading_logs/fast_sim_equity.csv

======================================================================
   🟡 Marginal — keep monitoring
======================================================================

