======================================================================
  FAST SIMULATION
  600d | $5,000 | rebal=12h | N=10+10 | kelly=30% | cost=4bp/side
  leverage=3x | mode=baseline
======================================================================

📊 Loading offline data: trading_logs/frozen_features_wf.parquet
   (710142, 107), 50 symbols
   Date range: 2024-07-01 00:00:00+00:00 → 2026-03-07 15:00:00+00:00
   Enriching features (cross-asset, regime, 12h+v7, sentiment, derivatives)...
   🎯 Adding targets...
   🌐 Adding cross-asset features...
   🔰 Adding advanced regime features...
   🕐 Adding 12h-specific features (v7 enhanced)...
   ✅ Added ~18 features for 12h holding period (v7)
   📰 Adding sentiment features... (news_mode=all)
      FNG: 2018-02-01 → 2026-03-11, mean=48.5
      Funding: 96,393 non-zero rows (13.6%)
      LS ratio: 0 non-missing rows
      Synthetic positioning features...
      Loading news features (mode=all)...
      + coin-level news: 8 features
      + market-level news: 7 features
      📊 Coverage: 710,142/710,142 rows (100.0%)
      📰 Events: 327,500/710,142 covered rows (46.1%) have news
      🕳️  Holes: 0 rows = NaN (not 0!)
   ✅ Sentiment features added: 135 → 172 total
   📊 Adding derivatives features (Binance Futures)...
      Loaded metrics: 1,800,870 rows, 50 symbols, 2021-12-01 → 2026-03-12
      OI: 707,456 rows (99.6%), 9 features
      Taker: 707,807 rows (99.7%), 6 features
      Top L/S: 707,809 rows (99.7%), 5 features
      Global L/S: 3 features
      Binance funding: 700,128 rows (98.6%)
      Funding surprise: computed from OKX funding data
      Market-wide aggregates: 4 features
      Basis/Premium: 169,661 rows (23.9%), 6 features
      ⚠️  No liquidation data (run download_binance_futures.py)
   ✅ Derivatives features: +35 features
   🧬 Adding news interaction features...
   ✅ Added 23 news interaction features
   ⚠️  offline mode: some features may be zero-filled by models
   Final: (710142, 248), 230 features
📡 Models …
   lgb_v6_no_news: 5 LGB models, 160 feats [PROD]
   lgb_v7_no_news: 5 LGB models, 150 feats [PROD]
   catboost: 5 CB models, 160 feats
   xgboost: 5 XGB models, 182 feats
   deriv_only: found but --no-deriv-gate, skipping
   Meta-model: /Users/a.s.tabakov/Developer/invest/results/meta_stack/meta_model.pkl
   🏗️  Architecture: 4 groups (20 models) + meta-ridge
   2024-09-18 04:00:00+00:00 → 2024-12-16 16:00:00+00:00  (180 steps, 12h apart)

──────────────────────────────────────────────────────────────────────
      0/179 | $5,006.16 | DD   0.0% | L10 S10 | Δ20
      5/179 | $5,023.59 | DD   0.0% | L10 S10 | Δ18
     10/179 | $4,958.78 | DD  -1.3% | L10 S10 | Δ20
     15/179 | $5,003.67 | DD  -0.4% | L10 S10 | Δ14
     20/179 | $4,993.45 | DD  -0.7% | L10 S10 | Δ12
     25/179 | $4,994.48 | DD  -0.7% | L10 S10 | Δ18
     30/179 | $5,105.67 | DD   0.0% | L10 S10 | Δ24
     35/179 | $5,160.99 | DD   0.0% | L10 S10 | Δ24
     40/179 | $5,162.75 | DD  -0.1% | L10 S10 | Δ20
     45/179 | $5,230.03 | DD   0.0% | L10 S10 | Δ28
     50/179 | $5,226.46 | DD  -0.1% | L10 S10 | Δ16
     55/179 | $5,263.71 | DD   0.0% | L10 S10 | Δ24
     60/179 | $5,226.58 | DD  -0.7% | L10 S10 | Δ18
     65/179 | $5,334.82 | DD   0.0% | L10 S10 | Δ20
     70/179 | $5,361.87 | DD  -0.0% | L10 S10 | Δ18
     75/179 | $5,406.97 | DD   0.0% | L10 S10 | Δ24
     80/179 | $5,423.11 | DD   0.0% | L10 S10 | Δ22
     85/179 | $5,455.84 | DD  -0.2% | L10 S10 | Δ22
     90/179 | $5,517.69 | DD   0.0% | L10 S10 | Δ26
     95/179 | $5,565.41 | DD   0.0% | L10 S10 | Δ28
    100/179 | $5,374.90 | DD  -3.4% | L10 S10 | Δ8
    105/179 | $5,276.11 | DD  -5.2% | L10 S10 | Δ20
    110/179 | $5,405.93 | DD  -2.9% | L10 S10 | Δ12
    115/179 | $5,369.58 | DD  -3.5% | L10 S10 | Δ24
    120/179 | $5,328.94 | DD  -4.2% | L10 S10 | Δ14
    125/179 | $5,365.48 | DD  -3.6% | L10 S10 | Δ18
    130/179 | $5,307.19 | DD  -4.6% | L10 S10 | Δ16
    135/179 | $5,439.73 | DD  -2.3% | L10 S10 | Δ22
    140/179 | $5,723.28 | DD   0.0% | L10 S10 | Δ18
    145/179 | $5,634.40 | DD  -2.2% | L10 S10 | Δ18
    150/179 | $5,321.62 | DD  -7.6% | L10 S10 | Δ20
    155/179 | $5,497.85 | DD  -4.6% | L10 S10 | Δ20
    160/179 | $5,562.45 | DD  -3.4% | L10 S10 | Δ20
    165/179 | $5,439.33 | DD  -5.6% | L10 S10 | Δ18
    170/179 | $5,424.88 | DD  -5.8% | L10 S10 | Δ16
    175/179 | $5,425.18 | DD  -5.8% | L10 S10 | Δ18
    178/179 | $5,504.20 | DD  -4.4% | L10 S10 | Δ16

======================================================================
  RESULTS — 600d, rebal=12h, N=10+10, lev=3x, mode=baseline+meta-ridge
======================================================================

   Start:      $5,000
   End:        $5,504.20
   Return:     +10.1%  (ann. ~+6%)
   Max DD:     -8.8%
   Sharpe:     +2.02
   Sharpe HAC: +1.77  (Newey-West adjusted)
   Calmar:     0.69
   Win Rate:   60%  (108W / 71L)
   Avg Win:    $+23.85
   Avg Loss:   $-29.18
   PF:         1.24
   Trades:     3524
   Turnover:   $850,028  (170.0x capital)
   Costs:      $468.55  (9.4%)
   Leverage:   3x
   Liq. level: -33% DD (approx)

   📈 Equity ($4974–$5755):
      $   5,006 |█░░░░░░░░░░░░░░░░░░░░░░░░░░░░░░░░░░░░░░░|
      $   4,991 |░░░░░░░░░░░░░░░░░░░░░░░░░░░░░░░░░░░░░░░░|
      $   5,177 |██████████░░░░░░░░░░░░░░░░░░░░░░░░░░░░░░|
      $   5,303 |████████████████░░░░░░░░░░░░░░░░░░░░░░░░|
      $   5,449 |████████████████████████░░░░░░░░░░░░░░░░|
      $   5,276 |███████████████░░░░░░░░░░░░░░░░░░░░░░░░░|
      $   5,373 |████████████████████░░░░░░░░░░░░░░░░░░░░|
      $   5,464 |█████████████████████████░░░░░░░░░░░░░░░|
      $   5,472 |█████████████████████████░░░░░░░░░░░░░░░|
      $   5,508 |███████████████████████████░░░░░░░░░░░░░|

   Saved: /Users/a.s.tabakov/Developer/invest/trading_logs/fast_sim_equity.csv

======================================================================
   🟢 PROFITABLE — go live
======================================================================

