======================================================================
  FAST SIMULATION
  600d | $5,000 | rebal=12h | N=10+10 | kelly=30% | cost=4bp/side
  leverage=3x | mode=baseline
======================================================================

📊 Loading offline data: trading_logs/frozen_features_wf.parquet
   (710142, 107), 50 symbols
   Date range: 2024-07-01 00:00:00+00:00 → 2026-03-07 15:00:00+00:00
   Enriching features (cross-asset, regime, 12h+v7, sentiment, derivatives)...
   🎯 Adding targets...
   🌐 Adding cross-asset features...
   🔰 Adding advanced regime features...
   🕐 Adding 12h-specific features (v7 enhanced)...
   ✅ Added ~18 features for 12h holding period (v7)
   📰 Adding sentiment features... (news_mode=all)
      FNG: 2018-02-01 → 2026-03-11, mean=48.5
      Funding: 96,393 non-zero rows (13.6%)
      LS ratio: 0 non-missing rows
      Synthetic positioning features...
      Loading news features (mode=all)...
      + coin-level news: 8 features
      + market-level news: 7 features
      📊 Coverage: 710,142/710,142 rows (100.0%)
      📰 Events: 327,500/710,142 covered rows (46.1%) have news
      🕳️  Holes: 0 rows = NaN (not 0!)
   ✅ Sentiment features added: 135 → 172 total
   📊 Adding derivatives features (Binance Futures)...
      Loaded metrics: 1,800,870 rows, 50 symbols, 2021-12-01 → 2026-03-12
      OI: 707,456 rows (99.6%), 9 features
      Taker: 707,807 rows (99.7%), 6 features
      Top L/S: 707,809 rows (99.7%), 5 features
      Global L/S: 3 features
      Binance funding: 700,128 rows (98.6%)
      Funding surprise: computed from OKX funding data
      Market-wide aggregates: 4 features
      Basis/Premium: 169,661 rows (23.9%), 6 features
      ⚠️  No liquidation data (run download_binance_futures.py)
   ✅ Derivatives features: +35 features
   🧬 Adding news interaction features...
   ✅ Added 23 news interaction features
   ⚠️  offline mode: some features may be zero-filled by models
   Final: (710142, 248), 230 features
📡 Models …
   lgb_v6_no_news: 5 LGB models, 160 feats [PROD]
   lgb_v7_no_news: 5 LGB models, 150 feats [PROD]
   catboost: 5 CB models, 160 feats
   xgboost: 5 XGB models, 182 feats
   deriv_only: found but --no-deriv-gate, skipping
   🏗️  Architecture: 4 groups (20 models)
   2024-09-18 04:00:00+00:00 → 2024-12-16 16:00:00+00:00  (180 steps, 12h apart)

──────────────────────────────────────────────────────────────────────
      0/179 | $5,006.18 | DD   0.0% | L10 S10 | Δ20
      5/179 | $5,030.28 | DD   0.0% | L10 S10 | Δ18
     10/179 | $4,968.71 | DD  -1.2% | L10 S10 | Δ18
     15/179 | $5,021.67 | DD  -0.2% | L10 S10 | Δ16
     20/179 | $5,017.34 | DD  -0.6% | L10 S10 | Δ12
     25/179 | $5,026.09 | DD  -0.5% | L10 S10 | Δ16
     30/179 | $5,139.79 | DD   0.0% | L10 S10 | Δ26
     35/179 | $5,207.69 | DD   0.0% | L10 S10 | Δ20
     40/179 | $5,222.15 | DD   0.0% | L10 S10 | Δ20
     45/179 | $5,290.38 | DD   0.0% | L10 S10 | Δ28
     50/179 | $5,306.46 | DD   0.0% | L10 S10 | Δ14
     55/179 | $5,345.17 | DD   0.0% | L10 S10 | Δ26
     60/179 | $5,320.92 | DD  -0.5% | L10 S10 | Δ18
     65/179 | $5,423.16 | DD   0.0% | L10 S10 | Δ22
     70/179 | $5,463.56 | DD   0.0% | L10 S10 | Δ18
     75/179 | $5,517.30 | DD   0.0% | L10 S10 | Δ26
     80/179 | $5,549.20 | DD   0.0% | L10 S10 | Δ22
     85/179 | $5,608.84 | DD   0.0% | L10 S10 | Δ24
     90/179 | $5,668.10 | DD   0.0% | L10 S10 | Δ26
     95/179 | $5,707.03 | DD   0.0% | L10 S10 | Δ24
    100/179 | $5,593.47 | DD  -2.6% | L10 S10 | Δ10
    105/179 | $5,512.66 | DD  -4.0% | L10 S10 | Δ22
    110/179 | $5,743.40 | DD  -0.0% | L10 S10 | Δ12
    115/179 | $5,761.18 | DD  -0.9% | L10 S10 | Δ24
    120/179 | $5,752.59 | DD  -1.0% | L10 S10 | Δ14
    125/179 | $5,819.14 | DD   0.0% | L10 S10 | Δ22
    130/179 | $5,801.68 | DD  -1.3% | L10 S10 | Δ18
    135/179 | $5,986.24 | DD  -1.8% | L10 S10 | Δ24
    140/179 | $6,324.07 | DD   0.0% | L10 S10 | Δ16
    145/179 | $6,223.64 | DD  -2.3% | L10 S10 | Δ20
    150/179 | $5,898.60 | DD  -7.4% | L10 S10 | Δ18
    155/179 | $6,145.01 | DD  -3.5% | L10 S10 | Δ20
    160/179 | $6,266.22 | DD  -1.6% | L10 S10 | Δ20
    165/179 | $6,127.73 | DD  -3.8% | L10 S10 | Δ18
    170/179 | $6,175.30 | DD  -3.0% | L10 S10 | Δ14
    175/179 | $6,189.05 | DD  -2.8% | L10 S10 | Δ20
    178/179 | $6,286.32 | DD  -1.3% | L10 S10 | Δ16

======================================================================
  RESULTS — 600d, rebal=12h, N=10+10, lev=3x, mode=baseline
======================================================================

   Start:      $5,000
   End:        $6,286.32
   Return:     +25.7%  (ann. ~+16%)
   Max DD:     -7.8%
   Sharpe:     +4.81
   Sharpe HAC: +4.07  (Newey-West adjusted)
   Calmar:     2.00
   Win Rate:   68%  (121W / 58L)
   Avg Win:    $+26.57
   Avg Loss:   $-33.26
   PF:         1.67
   Trades:     3502
   Turnover:   $885,452  (177.1x capital)
   Costs:      $489.41  (9.8%)
   Leverage:   3x
   Liq. level: -33% DD (approx)

   📈 Equity ($4982–$6363):
      $   5,006 |░░░░░░░░░░░░░░░░░░░░░░░░░░░░░░░░░░░░░░░░|
      $   5,014 |░░░░░░░░░░░░░░░░░░░░░░░░░░░░░░░░░░░░░░░░|
      $   5,238 |███████░░░░░░░░░░░░░░░░░░░░░░░░░░░░░░░░░|
      $   5,401 |████████████░░░░░░░░░░░░░░░░░░░░░░░░░░░░|
      $   5,592 |█████████████████░░░░░░░░░░░░░░░░░░░░░░░|
      $   5,513 |███████████████░░░░░░░░░░░░░░░░░░░░░░░░░|
      $   5,836 |████████████████████████░░░░░░░░░░░░░░░░|
      $   6,039 |██████████████████████████████░░░░░░░░░░|
      $   6,182 |██████████████████████████████████░░░░░░|
      $   6,278 |█████████████████████████████████████░░░|

   Saved: /Users/a.s.tabakov/Developer/invest/trading_logs/fast_sim_equity.csv

======================================================================
   🟢 PROFITABLE — go live
======================================================================

