======================================================================
  FAST SIMULATION
  600d | $5,000 | rebal=12h | N=10+10 | kelly=30% | cost=4bp/side
  leverage=3x | mode=deriv-gate
======================================================================

📊 Loading offline data: trading_logs/frozen_features_wf.parquet
   (710142, 107), 50 symbols
   Date range: 2024-07-01 00:00:00+00:00 → 2026-03-07 15:00:00+00:00
   Enriching features (cross-asset, regime, 12h+v7, sentiment, derivatives)...
   🎯 Adding targets...
   🌐 Adding cross-asset features...
   🔰 Adding advanced regime features...
   🕐 Adding 12h-specific features (v7 enhanced)...
   ✅ Added ~18 features for 12h holding period (v7)
   📰 Adding sentiment features... (news_mode=all)
      FNG: 2018-02-01 → 2026-03-11, mean=48.5
      Funding: 96,393 non-zero rows (13.6%)
      LS ratio: 0 non-missing rows
      Synthetic positioning features...
      Loading news features (mode=all)...
      + coin-level news: 8 features
      + market-level news: 7 features
      📊 Coverage: 710,142/710,142 rows (100.0%)
      📰 Events: 327,500/710,142 covered rows (46.1%) have news
      🕳️  Holes: 0 rows = NaN (not 0!)
   ✅ Sentiment features added: 135 → 172 total
   📊 Adding derivatives features (Binance Futures)...
      Loaded metrics: 1,800,870 rows, 50 symbols, 2021-12-01 → 2026-03-12
      OI: 707,456 rows (99.6%), 9 features
      Taker: 707,807 rows (99.7%), 6 features
      Top L/S: 707,809 rows (99.7%), 5 features
      Global L/S: 3 features
      Binance funding: 700,128 rows (98.6%)
      Funding surprise: computed from OKX funding data
      Market-wide aggregates: 4 features
      Basis/Premium: 169,661 rows (23.9%), 6 features
      ⚠️  No liquidation data (run download_binance_futures.py)
   ✅ Derivatives features: +35 features
   🧬 Adding news interaction features...
   ✅ Added 23 news interaction features
   ⚠️  offline mode: some features may be zero-filled by models
   Final: (710142, 248), 230 features
📡 Models …
   lgb_v6_no_news: 5 LGB models, 160 feats [PROD]
   lgb_v7_no_news: 5 LGB models, 150 feats [PROD]
   catboost: 5 CB models, 160 feats
   xgboost: 5 XGB models, 182 feats
   deriv_only (risk gate): 5 LGB models, 39 feats
   🏗️  Architecture: 4 groups (20 models) + deriv gate (5 models)
   2025-09-13 04:00:00+00:00 → 2025-12-11 16:00:00+00:00  (180 steps, 12h apart)

──────────────────────────────────────────────────────────────────────
      0/179 | $4,995.54 | DD  -0.1% | L10 S10 | Δ20
      5/179 | $5,020.91 | DD  -0.4% | L10 S10 | Δ28
     10/179 | $4,897.86 | DD  -2.9% | L10 S10 | Δ14
     15/179 | $4,890.15 | DD  -3.0% | L10 S10 | Δ18
     20/179 | $4,887.30 | DD  -3.1% | L10 S10 | Δ22
     25/179 | $4,901.88 | DD  -2.8% | L10 S10 | Δ20
     30/179 | $4,896.17 | DD  -2.9% | L10 S10 | Δ24
     35/179 | $4,934.40 | DD  -2.1% | L10 S10 | Δ22
     40/179 | $4,896.42 | DD  -2.9% | L10 S10 | Δ20
     45/179 | $4,915.25 | DD  -2.5% | L10 S10 | Δ14
     50/179 | $4,942.19 | DD  -2.0% | L10 S10 | Δ28
     55/179 | $5,087.98 | DD   0.0% | L10 S10 | Δ22
     60/179 | $5,086.79 | DD  -0.4% | L10 S10 | Δ22
     65/179 | $5,130.11 | DD   0.0% | L10 S10 | Δ26
     70/179 | $5,119.47 | DD  -0.3% | L10 S10 | Δ22
     75/179 | $5,061.11 | DD  -1.5% | L10 S10 | Δ26
     80/179 | $5,166.61 | DD   0.0% | L10 S10 | Δ22
     85/179 | $5,174.37 | DD  -0.2% | L10 S10 | Δ22
     90/179 | $5,196.71 | DD   0.0% | L10 S10 | Δ26
     95/179 | $5,198.98 | DD  -0.2% | L10 S10 | Δ18
    100/179 | $5,176.05 | DD  -0.6% | L10 S10 | Δ16
    105/179 | $5,181.51 | DD  -0.5% | L10 S10 | Δ18
    110/179 | $4,856.15 | DD  -6.7% | L10 S10 | Δ20
    115/179 | $4,960.08 | DD  -4.7% | L10 S10 | Δ30
    120/179 | $5,102.91 | DD  -2.0% | L10 S10 | Δ14
    125/179 | $5,099.81 | DD  -2.1% | L10 S10 | Δ28
    130/179 | $5,140.94 | DD  -1.3% | L10 S10 | Δ26
    135/179 | $5,172.26 | DD  -0.7% | L10 S10 | Δ26
    140/179 | $5,232.73 | DD   0.0% | L10 S10 | Δ24
    145/179 | $5,233.07 | DD  -0.3% | L10 S10 | Δ18
    150/179 | $5,213.54 | DD  -0.7% | L10 S10 | Δ22
    155/179 | $5,188.84 | DD  -1.2% | L10 S10 | Δ26
    160/179 | $5,173.19 | DD  -1.5% | L10 S10 | Δ30
    165/179 | $5,167.59 | DD  -1.6% | L10 S10 | Δ22
    170/179 | $5,178.89 | DD  -1.4% | L10 S10 | Δ20
    175/179 | $5,222.04 | DD  -0.6% | L10 S10 | Δ24
    178/179 | $5,268.58 | DD  -0.2% | L10 S10 | Δ32

======================================================================
  RESULTS — 600d, rebal=12h, N=10+10, lev=3x, mode=deriv-gate
======================================================================

   Start:      $5,000
   End:        $5,268.58
   Return:     +5.4%  (ann. ~+3%)
   Max DD:     -6.9%
   Sharpe:     +1.40
   Sharpe HAC: +1.35  (Newey-West adjusted)
   Calmar:     0.47
   Win Rate:   55%  (98W / 81L)
   Avg Win:    $+17.25
   Avg Loss:   $-17.55
   PF:         1.19
   Trades:     3842
   Turnover:   $798,086  (159.6x capital)
   Costs:      $441.93  (8.8%)
   Deriv gate: avg scale 0.85x (0.3–1.0)
   Leverage:   3x
   Liq. level: -33% DD (approx)

   📈 Equity ($4846–$5282):
      $   4,996 |█████████████░░░░░░░░░░░░░░░░░░░░░░░░░░░|
      $   4,887 |███░░░░░░░░░░░░░░░░░░░░░░░░░░░░░░░░░░░░░|
      $   4,889 |███░░░░░░░░░░░░░░░░░░░░░░░░░░░░░░░░░░░░░|
      $   5,074 |████████████████████░░░░░░░░░░░░░░░░░░░░|
      $   5,175 |██████████████████████████████░░░░░░░░░░|
      $   5,182 |██████████████████████████████░░░░░░░░░░|
      $   5,100 |███████████████████████░░░░░░░░░░░░░░░░░|
      $   5,242 |████████████████████████████████████░░░░|
      $   5,157 |████████████████████████████░░░░░░░░░░░░|
      $   5,282 |████████████████████████████████████████|

   Saved: /Users/a.s.tabakov/Developer/invest/trading_logs/fast_sim_equity.csv

======================================================================
   🟢 PROFITABLE — go live
======================================================================

