======================================================================
  FAST SIMULATION
  600d | $5,000 | rebal=12h | N=10+10 | kelly=30% | cost=4bp/side
  leverage=3x | mode=baseline
======================================================================

📊 Loading offline data: trading_logs/frozen_features_wf.parquet
   (710142, 107), 50 symbols
   Date range: 2024-07-01 00:00:00+00:00 → 2026-03-07 15:00:00+00:00
   Enriching features (cross-asset, regime, 12h+v7, sentiment, derivatives)...
   🎯 Adding targets...
   🌐 Adding cross-asset features...
   🔰 Adding advanced regime features...
   🕐 Adding 12h-specific features (v7 enhanced)...
   ✅ Added ~18 features for 12h holding period (v7)
   📰 Adding sentiment features... (news_mode=all)
      FNG: 2018-02-01 → 2026-03-11, mean=48.5
      Funding: 96,393 non-zero rows (13.6%)
      LS ratio: 0 non-missing rows
      Synthetic positioning features...
      Loading news features (mode=all)...
      + coin-level news: 8 features
      + market-level news: 7 features
      📊 Coverage: 710,142/710,142 rows (100.0%)
      📰 Events: 327,500/710,142 covered rows (46.1%) have news
      🕳️  Holes: 0 rows = NaN (not 0!)
   ✅ Sentiment features added: 135 → 172 total
   📊 Adding derivatives features (Binance Futures)...
      Loaded metrics: 1,800,870 rows, 50 symbols, 2021-12-01 → 2026-03-12
      OI: 707,456 rows (99.6%), 9 features
      Taker: 707,807 rows (99.7%), 6 features
      Top L/S: 707,809 rows (99.7%), 5 features
      Global L/S: 3 features
      Binance funding: 700,128 rows (98.6%)
      Funding surprise: computed from OKX funding data
      Market-wide aggregates: 4 features
      Basis/Premium: 169,661 rows (23.9%), 6 features
      ⚠️  No liquidation data (run download_binance_futures.py)
   ✅ Derivatives features: +35 features
   🧬 Adding news interaction features...
   ✅ Added 23 news interaction features
   ⚠️  offline mode: some features may be zero-filled by models
   Final: (710142, 248), 230 features
📡 Models …
   lgb_v6_no_news: 5 LGB models, 160 feats [PROD]
   lgb_v7_no_news: 5 LGB models, 150 feats [PROD]
   catboost: 5 CB models, 160 feats
   xgboost: 5 XGB models, 182 feats
   deriv_only: found but --no-deriv-gate, skipping
   Meta-model: /Users/a.s.tabakov/Developer/invest/results/meta_stack/meta_model.pkl
   🏗️  Architecture: 4 groups (20 models) + meta-lgb_minimal
   2025-03-17 04:00:00+00:00 → 2025-06-14 16:00:00+00:00  (180 steps, 12h apart)

──────────────────────────────────────────────────────────────────────
      0/179 | $4,974.83 | DD  -0.5% | L10 S10 | Δ20
      5/179 | $5,071.69 | DD   0.0% | L10 S10 | Δ26
     10/179 | $5,069.05 | DD  -0.5% | L10 S10 | Δ24
     15/179 | $5,057.21 | DD  -0.7% | L10 S10 | Δ16
     20/179 | $4,982.14 | DD  -2.2% | L10 S10 | Δ18
     25/179 | $5,023.74 | DD  -1.4% | L10 S10 | Δ24
     30/179 | $4,992.51 | DD  -2.0% | L10 S10 | Δ26
     35/179 | $5,022.37 | DD  -1.4% | L10 S10 | Δ30
     40/179 | $5,083.57 | DD  -0.2% | L10 S10 | Δ24
     45/179 | $5,158.71 | DD   0.0% | L10 S10 | Δ28
     50/179 | $5,088.58 | DD  -1.4% | L10 S10 | Δ20
     55/179 | $5,133.67 | DD  -0.5% | L10 S10 | Δ22
     60/179 | $5,197.66 | DD   0.0% | L10 S10 | Δ24
     65/179 | $5,193.09 | DD  -0.4% | L10 S10 | Δ28
     70/179 | $5,201.75 | DD  -0.3% | L10 S10 | Δ20
     75/179 | $5,149.60 | DD  -1.4% | L10 S10 | Δ18
     80/179 | $5,203.39 | DD  -0.3% | L10 S10 | Δ18
     85/179 | $5,220.13 | DD  -0.0% | L10 S10 | Δ20
     90/179 | $5,218.80 | DD  -0.7% | L10 S10 | Δ22
     95/179 | $5,223.25 | DD  -0.6% | L10 S10 | Δ24
    100/179 | $5,308.88 | DD   0.0% | L10 S10 | Δ18
    105/179 | $5,233.88 | DD  -1.4% | L10 S10 | Δ16
    110/179 | $5,254.34 | DD  -1.1% | L10 S10 | Δ18
    115/179 | $5,321.13 | DD  -0.7% | L10 S10 | Δ24
    120/179 | $5,432.56 | DD  -0.1% | L10 S10 | Δ18
    125/179 | $5,520.40 | DD   0.0% | L10 S10 | Δ20
    130/179 | $5,572.63 | DD  -0.2% | L10 S10 | Δ26
    135/179 | $5,566.76 | DD  -0.3% | L10 S10 | Δ24
    140/179 | $5,634.04 | DD   0.0% | L10 S10 | Δ26
    145/179 | $5,595.44 | DD  -0.7% | L10 S10 | Δ26
    150/179 | $5,733.07 | DD   0.0% | L10 S10 | Δ20
    155/179 | $5,805.51 | DD   0.0% | L10 S10 | Δ26
    160/179 | $5,793.76 | DD  -0.2% | L10 S10 | Δ28
    165/179 | $5,780.99 | DD  -0.4% | L10 S10 | Δ22
    170/179 | $5,643.43 | DD  -2.8% | L10 S10 | Δ16
    175/179 | $5,804.31 | DD  -0.0% | L10 S10 | Δ24
    178/179 | $5,849.26 | DD   0.0% | L10 S10 | Δ24

======================================================================
  RESULTS — 600d, rebal=12h, N=10+10, lev=3x, mode=baseline+meta-lgb_minimal
======================================================================

   Start:      $5,000
   End:        $5,849.26
   Return:     +17.0%  (ann. ~+10%)
   Max DD:     -2.8%
   Sharpe:     +4.75
   Sharpe HAC: +4.93  (Newey-West adjusted)
   Calmar:     3.70
   Win Rate:   58%  (104W / 75L)
   Avg Win:    $+21.94
   Avg Loss:   $-19.10
   PF:         1.59
   Trades:     3860
   Turnover:   $928,996  (185.8x capital)
   Costs:      $500.01  (10.0%)
   Leverage:   3x
   Liq. level: -33% DD (approx)

   📈 Equity ($4975–$5812):
      $   4,975 |░░░░░░░░░░░░░░░░░░░░░░░░░░░░░░░░░░░░░░░░|
      $   4,998 |█░░░░░░░░░░░░░░░░░░░░░░░░░░░░░░░░░░░░░░░|
      $   5,127 |███████░░░░░░░░░░░░░░░░░░░░░░░░░░░░░░░░░|
      $   5,200 |██████████░░░░░░░░░░░░░░░░░░░░░░░░░░░░░░|
      $   5,222 |███████████░░░░░░░░░░░░░░░░░░░░░░░░░░░░░|
      $   5,234 |████████████░░░░░░░░░░░░░░░░░░░░░░░░░░░░|
      $   5,547 |███████████████████████████░░░░░░░░░░░░░|
      $   5,670 |█████████████████████████████████░░░░░░░|
      $   5,789 |██████████████████████████████████████░░|
      $   5,812 |████████████████████████████████████████|

   Saved: /Users/a.s.tabakov/Developer/invest/trading_logs/fast_sim_equity.csv

======================================================================
   🟢 PROFITABLE — go live
======================================================================

