======================================================================
  FAST SIMULATION
  600d | $5,000 | rebal=12h | N=10+10 | kelly=30% | cost=4bp/side
  leverage=3x | mode=baseline
======================================================================

📊 Loading offline data: trading_logs/frozen_features_wf.parquet
   (710142, 107), 50 symbols
   Date range: 2024-07-01 00:00:00+00:00 → 2026-03-07 15:00:00+00:00
   Enriching features (cross-asset, regime, 12h+v7, sentiment, derivatives)...
   🎯 Adding targets...
   🌐 Adding cross-asset features...
   🔰 Adding advanced regime features...
   🕐 Adding 12h-specific features (v7 enhanced)...
   ✅ Added ~18 features for 12h holding period (v7)
   📰 Adding sentiment features... (news_mode=all)
      FNG: 2018-02-01 → 2026-03-11, mean=48.5
      Funding: 96,393 non-zero rows (13.6%)
      LS ratio: 0 non-missing rows
      Synthetic positioning features...
      Loading news features (mode=all)...
      + coin-level news: 8 features
      + market-level news: 7 features
      📊 Coverage: 710,142/710,142 rows (100.0%)
      📰 Events: 327,500/710,142 covered rows (46.1%) have news
      🕳️  Holes: 0 rows = NaN (not 0!)
   ✅ Sentiment features added: 135 → 172 total
   📊 Adding derivatives features (Binance Futures)...
      Loaded metrics: 1,800,870 rows, 50 symbols, 2021-12-01 → 2026-03-12
      OI: 707,456 rows (99.6%), 9 features
      Taker: 707,807 rows (99.7%), 6 features
      Top L/S: 707,809 rows (99.7%), 5 features
      Global L/S: 3 features
      Binance funding: 700,128 rows (98.6%)
      Funding surprise: computed from OKX funding data
      Market-wide aggregates: 4 features
      Basis/Premium: 169,661 rows (23.9%), 6 features
      ⚠️  No liquidation data (run download_binance_futures.py)
   ✅ Derivatives features: +35 features
   🧬 Adding news interaction features...
   ✅ Added 23 news interaction features
   ⚠️  offline mode: some features may be zero-filled by models
   Final: (710142, 248), 230 features
📡 Models …
   5 models, 150 feats
   deriv_only: found but --no-deriv-gate, skipping
   🏗️  Architecture: 1 groups (5 models)
   2025-06-15 04:00:00+00:00 → 2025-09-12 16:00:00+00:00  (180 steps, 12h apart)

──────────────────────────────────────────────────────────────────────
      0/179 | $5,016.99 | DD   0.0% | L10 S10 | Δ20
      5/179 | $5,081.88 | DD   0.0% | L10 S10 | Δ24
     10/179 | $5,060.33 | DD  -0.5% | L10 S10 | Δ22
     15/179 | $5,103.59 | DD   0.0% | L10 S10 | Δ16
     20/179 | $5,144.51 | DD   0.0% | L10 S10 | Δ20
     25/179 | $5,157.45 | DD   0.0% | L10 S10 | Δ20
     30/179 | $5,099.44 | DD  -1.1% | L10 S10 | Δ18
     35/179 | $5,167.84 | DD   0.0% | L10 S10 | Δ20
     40/179 | $5,225.30 | DD   0.0% | L10 S10 | Δ16
     45/179 | $5,241.94 | DD   0.0% | L10 S10 | Δ32
     50/179 | $5,191.12 | DD  -1.1% | L10 S10 | Δ12
     55/179 | $5,160.52 | DD  -1.6% | L10 S10 | Δ22
     60/179 | $5,064.70 | DD  -3.5% | L10 S10 | Δ18
     65/179 | $4,964.60 | DD  -5.4% | L10 S10 | Δ14
     70/179 | $4,857.79 | DD  -7.4% | L10 S10 | Δ14
     75/179 | $4,944.87 | DD  -5.7% | L10 S10 | Δ22
     80/179 | $4,938.49 | DD  -5.9% | L10 S10 | Δ18
     85/179 | $4,911.69 | DD  -6.4% | L10 S10 | Δ10
     90/179 | $4,963.43 | DD  -5.4% | L10 S10 | Δ20
     95/179 | $5,042.97 | DD  -3.9% | L10 S10 | Δ20
    100/179 | $5,043.42 | DD  -3.9% | L10 S10 | Δ20
    105/179 | $5,104.22 | DD  -2.7% | L10 S10 | Δ32
    110/179 | $5,019.12 | DD  -4.3% | L10 S10 | Δ12
    115/179 | $4,979.93 | DD  -5.1% | L10 S10 | Δ20
    120/179 | $4,966.67 | DD  -5.3% | L10 S10 | Δ14
    125/179 | $4,975.61 | DD  -5.2% | L10 S10 | Δ18
    130/179 | $4,981.78 | DD  -5.0% | L10 S10 | Δ18
    135/179 | $4,998.62 | DD  -4.7% | L10 S10 | Δ16
    140/179 | $4,976.31 | DD  -5.1% | L10 S10 | Δ16
    145/179 | $5,007.65 | DD  -4.5% | L10 S10 | Δ28
    150/179 | $5,053.30 | DD  -3.7% | L10 S10 | Δ24
    155/179 | $5,082.50 | DD  -3.1% | L10 S10 | Δ16
    160/179 | $5,078.40 | DD  -3.2% | L10 S10 | Δ20
    165/179 | $5,083.72 | DD  -3.1% | L10 S10 | Δ16
    170/179 | $5,051.81 | DD  -3.7% | L10 S10 | Δ14
    175/179 | $5,012.83 | DD  -4.5% | L10 S10 | Δ16
    178/179 | $4,984.99 | DD  -5.0% | L10 S10 | Δ18

======================================================================
  RESULTS — 600d, rebal=12h, N=10+10, lev=3x, mode=baseline
======================================================================

   Start:      $5,000
   End:        $4,984.99
   Return:     -0.3%  (ann. ~-0%)
   Max DD:     -7.4%
   Sharpe:     -0.10
   Sharpe HAC: -0.10  (Newey-West adjusted)
   Calmar:     -0.02
   Win Rate:   54%  (97W / 82L)
   Avg Win:    $+15.55
   Avg Loss:   $-18.57
   PF:         0.99
   Trades:     3318
   Turnover:   $759,159  (151.8x capital)
   Costs:      $425.67  (8.5%)
   Leverage:   3x
   Liq. level: -33% DD (approx)

   📈 Equity ($4861–$5242):
      $   5,017 |████████████████░░░░░░░░░░░░░░░░░░░░░░░░|
      $   5,141 |█████████████████████████████░░░░░░░░░░░|
      $   5,214 |█████████████████████████████████████░░░|
      $   5,049 |███████████████████░░░░░░░░░░░░░░░░░░░░░|
      $   4,915 |█████░░░░░░░░░░░░░░░░░░░░░░░░░░░░░░░░░░░|
      $   5,104 |█████████████████████████░░░░░░░░░░░░░░░|
      $   4,945 |████████░░░░░░░░░░░░░░░░░░░░░░░░░░░░░░░░|
      $   5,027 |█████████████████░░░░░░░░░░░░░░░░░░░░░░░|
      $   5,079 |██████████████████████░░░░░░░░░░░░░░░░░░|
      $   5,000 |██████████████░░░░░░░░░░░░░░░░░░░░░░░░░░|

   Saved: /Users/a.s.tabakov/Developer/invest/trading_logs/fast_sim_equity.csv

======================================================================
   🔴 Unprofitable
======================================================================

