======================================================================
  FAST SIMULATION
  600d | $5,000 | rebal=12h | N=10+10 | kelly=30% | cost=4bp/side
  leverage=3x | mode=baseline
======================================================================

📊 Loading offline data: trading_logs/frozen_features_wf.parquet
   (710142, 107), 50 symbols
   Date range: 2024-07-01 00:00:00+00:00 → 2026-03-07 15:00:00+00:00
   Enriching features (cross-asset, regime, 12h+v7, sentiment, derivatives)...
   🎯 Adding targets...
   🌐 Adding cross-asset features...
   🔰 Adding advanced regime features...
   🕐 Adding 12h-specific features (v7 enhanced)...
   ✅ Added ~18 features for 12h holding period (v7)
   📰 Adding sentiment features... (news_mode=all)
      FNG: 2018-02-01 → 2026-03-11, mean=48.5
      Funding: 96,393 non-zero rows (13.6%)
      LS ratio: 0 non-missing rows
      Synthetic positioning features...
      Loading news features (mode=all)...
      + coin-level news: 8 features
      + market-level news: 7 features
      📊 Coverage: 710,142/710,142 rows (100.0%)
      📰 Events: 327,500/710,142 covered rows (46.1%) have news
      🕳️  Holes: 0 rows = NaN (not 0!)
   ✅ Sentiment features added: 135 → 172 total
   📊 Adding derivatives features (Binance Futures)...
      Loaded metrics: 1,800,870 rows, 50 symbols, 2021-12-01 → 2026-03-12
      OI: 707,456 rows (99.6%), 9 features
      Taker: 707,807 rows (99.7%), 6 features
      Top L/S: 707,809 rows (99.7%), 5 features
      Global L/S: 3 features
      Binance funding: 700,128 rows (98.6%)
      Funding surprise: computed from OKX funding data
      Market-wide aggregates: 4 features
      Basis/Premium: 169,661 rows (23.9%), 6 features
      ⚠️  No liquidation data (run download_binance_futures.py)
   ✅ Derivatives features: +35 features
   🧬 Adding news interaction features...
   ✅ Added 23 news interaction features
   ⚠️  offline mode: some features may be zero-filled by models
   Final: (710142, 248), 230 features
📡 Models …
   5 models, 150 feats
   deriv_only: found but --no-deriv-gate, skipping
   🏗️  Architecture: 1 groups (5 models)
   2025-09-13 04:00:00+00:00 → 2025-12-11 16:00:00+00:00  (180 steps, 12h apart)

──────────────────────────────────────────────────────────────────────
      0/179 | $4,994.69 | DD  -0.1% | L10 S10 | Δ20
      5/179 | $5,010.05 | DD  -0.5% | L10 S10 | Δ28
     10/179 | $4,904.16 | DD  -2.6% | L10 S10 | Δ16
     15/179 | $4,886.00 | DD  -2.9% | L10 S10 | Δ16
     20/179 | $4,876.69 | DD  -3.1% | L10 S10 | Δ20
     25/179 | $4,898.35 | DD  -2.7% | L10 S10 | Δ18
     30/179 | $4,889.43 | DD  -2.9% | L10 S10 | Δ22
     35/179 | $4,939.40 | DD  -1.9% | L10 S10 | Δ20
     40/179 | $4,911.30 | DD  -2.4% | L10 S10 | Δ20
     45/179 | $4,926.70 | DD  -2.1% | L10 S10 | Δ14
     50/179 | $4,960.52 | DD  -1.5% | L10 S10 | Δ24
     55/179 | $5,086.19 | DD   0.0% | L10 S10 | Δ18
     60/179 | $5,099.86 | DD  -0.1% | L10 S10 | Δ16
     65/179 | $5,138.01 | DD   0.0% | L10 S10 | Δ26
     70/179 | $5,112.30 | DD  -0.6% | L10 S10 | Δ22
     75/179 | $5,058.46 | DD  -1.6% | L10 S10 | Δ24
     80/179 | $5,151.55 | DD  -0.0% | L10 S10 | Δ14
     85/179 | $5,157.99 | DD  -0.2% | L10 S10 | Δ26
     90/179 | $5,191.54 | DD   0.0% | L10 S10 | Δ20
     95/179 | $5,186.81 | DD  -0.4% | L10 S10 | Δ20
    100/179 | $5,135.89 | DD  -1.4% | L10 S10 | Δ16
    105/179 | $5,115.03 | DD  -1.8% | L10 S10 | Δ20
    110/179 | $4,772.29 | DD  -8.3% | L10 S10 | Δ16
    115/179 | $4,924.12 | DD  -5.4% | L10 S10 | Δ28
    120/179 | $5,086.66 | DD  -2.3% | L10 S10 | Δ12
    125/179 | $5,078.56 | DD  -2.5% | L10 S10 | Δ28
    130/179 | $5,157.34 | DD  -0.9% | L10 S10 | Δ22
    135/179 | $5,183.72 | DD  -0.4% | L10 S10 | Δ26
    140/179 | $5,268.32 | DD   0.0% | L10 S10 | Δ26
    145/179 | $5,298.76 | DD  -0.0% | L10 S10 | Δ18
    150/179 | $5,291.38 | DD  -0.6% | L10 S10 | Δ22
    155/179 | $5,261.04 | DD  -1.1% | L10 S10 | Δ24
    160/179 | $5,243.91 | DD  -1.4% | L10 S10 | Δ26
    165/179 | $5,252.12 | DD  -1.3% | L10 S10 | Δ20
    170/179 | $5,272.96 | DD  -0.9% | L10 S10 | Δ16
    175/179 | $5,310.63 | DD  -0.2% | L10 S10 | Δ26
    178/179 | $5,351.80 | DD  -0.3% | L10 S10 | Δ32

======================================================================
  RESULTS — 600d, rebal=12h, N=10+10, lev=3x, mode=baseline
======================================================================

   Start:      $5,000
   End:        $5,351.80
   Return:     +7.0%  (ann. ~+4%)
   Max DD:     -8.3%
   Sharpe:     +1.80
   Sharpe HAC: +1.72  (Newey-West adjusted)
   Calmar:     0.51
   Win Rate:   54%  (97W / 82L)
   Avg Win:    $+19.06
   Avg Loss:   $-18.25
   PF:         1.24
   Trades:     3698
   Turnover:   $851,542  (170.3x capital)
   Costs:      $463.53  (9.3%)
   Leverage:   3x
   Liq. level: -33% DD (approx)

   📈 Equity ($4791–$5369):
      $   4,995 |██████████████░░░░░░░░░░░░░░░░░░░░░░░░░░|
      $   4,876 |█████░░░░░░░░░░░░░░░░░░░░░░░░░░░░░░░░░░░|
      $   4,900 |███████░░░░░░░░░░░░░░░░░░░░░░░░░░░░░░░░░|
      $   5,091 |████████████████████░░░░░░░░░░░░░░░░░░░░|
      $   5,163 |█████████████████████████░░░░░░░░░░░░░░░|
      $   5,115 |██████████████████████░░░░░░░░░░░░░░░░░░|
      $   5,071 |███████████████████░░░░░░░░░░░░░░░░░░░░░|
      $   5,321 |████████████████████████████████████░░░░|
      $   5,243 |███████████████████████████████░░░░░░░░░|
      $   5,369 |████████████████████████████████████████|

   Saved: /Users/a.s.tabakov/Developer/invest/trading_logs/fast_sim_equity.csv

======================================================================
   🟢 PROFITABLE — go live
======================================================================

