======================================================================
  FAST SIMULATION
  600d | $5,000 | rebal=12h | N=10+10 | kelly=30% | cost=4bp/side
  leverage=3x | mode=baseline
======================================================================

📊 Loading offline data: trading_logs/frozen_features_wf.parquet
   (710142, 107), 50 symbols
   Date range: 2024-07-01 00:00:00+00:00 → 2026-03-07 15:00:00+00:00
   Enriching features (cross-asset, regime, 12h+v7, sentiment, derivatives)...
   🎯 Adding targets...
   🌐 Adding cross-asset features...
   🔰 Adding advanced regime features...
   🕐 Adding 12h-specific features (v7 enhanced)...
   ✅ Added ~18 features for 12h holding period (v7)
   📰 Adding sentiment features... (news_mode=all)
      FNG: 2018-02-01 → 2026-03-11, mean=48.5
      Funding: 96,393 non-zero rows (13.6%)
      LS ratio: 0 non-missing rows
      Synthetic positioning features...
      Loading news features (mode=all)...
      + coin-level news: 8 features
      + market-level news: 7 features
      📊 Coverage: 710,142/710,142 rows (100.0%)
      📰 Events: 327,500/710,142 covered rows (46.1%) have news
      🕳️  Holes: 0 rows = NaN (not 0!)
   ✅ Sentiment features added: 135 → 172 total
   📊 Adding derivatives features (Binance Futures)...
      Loaded metrics: 1,800,870 rows, 50 symbols, 2021-12-01 → 2026-03-12
      OI: 707,456 rows (99.6%), 9 features
      Taker: 707,807 rows (99.7%), 6 features
      Top L/S: 707,809 rows (99.7%), 5 features
      Global L/S: 3 features
      Binance funding: 700,128 rows (98.6%)
      Funding surprise: computed from OKX funding data
      Market-wide aggregates: 4 features
      Basis/Premium: 169,661 rows (23.9%), 6 features
      ⚠️  No liquidation data (run download_binance_futures.py)
   ✅ Derivatives features: +35 features
   🧬 Adding news interaction features...
   ✅ Added 23 news interaction features
   ⚠️  offline mode: some features may be zero-filled by models
   Final: (710142, 248), 230 features
📡 Models …
   5 models, 150 feats
   deriv_only: found but --no-deriv-gate, skipping
   🏗️  Architecture: 1 groups (5 models)
   2024-09-18 04:00:00+00:00 → 2024-12-16 16:00:00+00:00  (180 steps, 12h apart)

──────────────────────────────────────────────────────────────────────
      0/179 | $5,000.38 | DD   0.0% | L10 S10 | Δ20
      5/179 | $5,043.09 | DD   0.0% | L10 S10 | Δ16
     10/179 | $4,970.01 | DD  -1.4% | L10 S10 | Δ20
     15/179 | $5,002.47 | DD  -0.8% | L10 S10 | Δ14
     20/179 | $4,989.32 | DD  -1.1% | L10 S10 | Δ16
     25/179 | $4,988.45 | DD  -1.1% | L10 S10 | Δ18
     30/179 | $5,105.18 | DD   0.0% | L10 S10 | Δ22
     35/179 | $5,157.78 | DD   0.0% | L10 S10 | Δ20
     40/179 | $5,155.16 | DD  -0.1% | L10 S10 | Δ20
     45/179 | $5,250.52 | DD   0.0% | L10 S10 | Δ24
     50/179 | $5,242.72 | DD  -0.1% | L10 S10 | Δ12
     55/179 | $5,276.99 | DD   0.0% | L10 S10 | Δ18
     60/179 | $5,264.85 | DD  -0.3% | L10 S10 | Δ20
     65/179 | $5,367.21 | DD   0.0% | L10 S10 | Δ16
     70/179 | $5,397.60 | DD   0.0% | L10 S10 | Δ20
     75/179 | $5,469.71 | DD   0.0% | L10 S10 | Δ24
     80/179 | $5,499.33 | DD   0.0% | L10 S10 | Δ20
     85/179 | $5,537.34 | DD   0.0% | L10 S10 | Δ20
     90/179 | $5,613.52 | DD   0.0% | L10 S10 | Δ26
     95/179 | $5,689.35 | DD   0.0% | L10 S10 | Δ24
    100/179 | $5,561.67 | DD  -2.8% | L10 S10 | Δ12
    105/179 | $5,476.51 | DD  -4.3% | L10 S10 | Δ22
    110/179 | $5,687.79 | DD  -0.6% | L10 S10 | Δ16
    115/179 | $5,687.20 | DD  -1.0% | L10 S10 | Δ24
    120/179 | $5,645.36 | DD  -1.7% | L10 S10 | Δ18
    125/179 | $5,692.36 | DD  -0.9% | L10 S10 | Δ20
    130/179 | $5,648.04 | DD  -1.7% | L10 S10 | Δ16
    135/179 | $5,762.01 | DD  -2.3% | L10 S10 | Δ18
    140/179 | $6,107.36 | DD   0.0% | L10 S10 | Δ16
    145/179 | $6,036.90 | DD  -1.9% | L10 S10 | Δ22
    150/179 | $5,759.88 | DD  -6.4% | L10 S10 | Δ20
    155/179 | $5,975.62 | DD  -2.9% | L10 S10 | Δ18
    160/179 | $6,071.73 | DD  -1.3% | L10 S10 | Δ18
    165/179 | $5,935.22 | DD  -3.6% | L10 S10 | Δ20
    170/179 | $5,969.08 | DD  -3.0% | L10 S10 | Δ14
    175/179 | $6,004.57 | DD  -2.4% | L10 S10 | Δ16
    178/179 | $6,101.85 | DD  -0.8% | L10 S10 | Δ14

======================================================================
  RESULTS — 600d, rebal=12h, N=10+10, lev=3x, mode=baseline
======================================================================

   Start:      $5,000
   End:        $6,101.85
   Return:     +22.0%  (ann. ~+13%)
   Max DD:     -6.6%
   Sharpe:     +4.30
   Sharpe HAC: +3.80  (Newey-West adjusted)
   Calmar:     2.02
   Win Rate:   67%  (120W / 59L)
   Avg Win:    $+24.91
   Avg Loss:   $-31.98
   PF:         1.58
   Trades:     3374
   Turnover:   $839,451  (167.9x capital)
   Costs:      $468.92  (9.4%)
   Leverage:   3x
   Liq. level: -33% DD (approx)

   📈 Equity ($4985–$6141):
      $   5,000 |░░░░░░░░░░░░░░░░░░░░░░░░░░░░░░░░░░░░░░░░|
      $   4,986 |░░░░░░░░░░░░░░░░░░░░░░░░░░░░░░░░░░░░░░░░|
      $   5,172 |██████░░░░░░░░░░░░░░░░░░░░░░░░░░░░░░░░░░|
      $   5,343 |████████████░░░░░░░░░░░░░░░░░░░░░░░░░░░░|
      $   5,517 |██████████████████░░░░░░░░░░░░░░░░░░░░░░|
      $   5,477 |█████████████████░░░░░░░░░░░░░░░░░░░░░░░|
      $   5,700 |████████████████████████░░░░░░░░░░░░░░░░|
      $   5,872 |██████████████████████████████░░░░░░░░░░|
      $   5,991 |██████████████████████████████████░░░░░░|
      $   6,093 |██████████████████████████████████████░░|

   Saved: /Users/a.s.tabakov/Developer/invest/trading_logs/fast_sim_equity.csv

======================================================================
   🟢 PROFITABLE — go live
======================================================================

